Archive member included because of file (symbol)

D:\Users\Arpel\git\LPCSensorNode\BOARDLib\arpel_groovy_sensor_board_lib\Debug\libarpel_groovy_sensor_board_lib.a(RF12.o)
                              ./example/src/sensor_test_main.o (rf12_control)
D:\Users\Arpel\git\LPCSensorNode\BOARDLib\arpel_groovy_sensor_board_lib\Debug\libarpel_groovy_sensor_board_lib.a(board.o)
                              ./example/src/sensor_test_main.o (Board_LED_Set)
D:\Users\Arpel\git\LPCSensorNode\BOARDLib\arpel_groovy_sensor_board_lib\Debug\libarpel_groovy_sensor_board_lib.a(board_sysinit.o)
                              ./example/src/sysinit.o (Board_SystemInit)
D:\Users\Arpel\git\LPCSensorNode\BOARDLib\arpel_groovy_sensor_board_lib\Debug\libarpel_groovy_sensor_board_lib.a(onewire.o)
                              ./example/src/sensor_test_main.o (ow_init)
D:\Users\Arpel\git\LPCSensorNode\BOARDLib\arpel_groovy_sensor_board_lib\Debug\libarpel_groovy_sensor_board_lib.a(crc8.o)
                              D:\Users\Arpel\git\LPCSensorNode\BOARDLib\arpel_groovy_sensor_board_lib\Debug\libarpel_groovy_sensor_board_lib.a(onewire.o) (crc8)
D:\Users\Arpel\Documents\LPCXpresso_6.1.4_194\workspace\lpc_chip_8xx_lib\Debug\liblpc_chip_8xx_lib.a(chip_8xx.o)
                              ./example/src/sensor_test_main.o (SystemCoreClockUpdate)
D:\Users\Arpel\Documents\LPCXpresso_6.1.4_194\workspace\lpc_chip_8xx_lib\Debug\liblpc_chip_8xx_lib.a(clock_8xx.o)
                              D:\Users\Arpel\git\LPCSensorNode\BOARDLib\arpel_groovy_sensor_board_lib\Debug\libarpel_groovy_sensor_board_lib.a(board_sysinit.o) (Chip_Clock_SetSystemPLLSource)
D:\Users\Arpel\Documents\LPCXpresso_6.1.4_194\workspace\lpc_chip_8xx_lib\Debug\liblpc_chip_8xx_lib.a(gpio_8xx.o)
                              D:\Users\Arpel\git\LPCSensorNode\BOARDLib\arpel_groovy_sensor_board_lib\Debug\libarpel_groovy_sensor_board_lib.a(board.o) (Chip_GPIO_Init)
D:\Users\Arpel\Documents\LPCXpresso_6.1.4_194\workspace\lpc_chip_8xx_lib\Debug\liblpc_chip_8xx_lib.a(pmu_8xx.o)
                              D:\Users\Arpel\git\LPCSensorNode\BOARDLib\arpel_groovy_sensor_board_lib\Debug\libarpel_groovy_sensor_board_lib.a(RF12.o) (Chip_PMU_SleepState)
D:\Users\Arpel\Documents\LPCXpresso_6.1.4_194\workspace\lpc_chip_8xx_lib\Debug\liblpc_chip_8xx_lib.a(spi_8xx.o)
                              D:\Users\Arpel\git\LPCSensorNode\BOARDLib\arpel_groovy_sensor_board_lib\Debug\libarpel_groovy_sensor_board_lib.a(RF12.o) (Chip_SPI_CalClkRateDivider)
D:\Users\Arpel\Documents\LPCXpresso_6.1.4_194\workspace\lpc_chip_8xx_lib\Debug\liblpc_chip_8xx_lib.a(swm_8xx.o)
                              D:\Users\Arpel\git\LPCSensorNode\BOARDLib\arpel_groovy_sensor_board_lib\Debug\libarpel_groovy_sensor_board_lib.a(board_sysinit.o) (Chip_SWM_MovablePinAssign)
D:\Users\Arpel\Documents\LPCXpresso_6.1.4_194\workspace\lpc_chip_8xx_lib\Debug\liblpc_chip_8xx_lib.a(syscon_8xx.o)
                              ./example/src/sensor_test_main.o (Chip_SYSCTL_SetDeepSleepPD)
D:\Users\Arpel\Documents\LPCXpresso_6.1.4_194\workspace\lpc_chip_8xx_lib\Debug\liblpc_chip_8xx_lib.a(wkt_8xx.o)
                              ./example/src/sensor_test_main.o (Chip_WKT_SetClockSource)
d:/travail/wirelesshome/nxp/lpcxpresso_7.0.2_102/lpcxpresso/tools/bin/../lib/gcc/arm-none-eabi/4.8.3/../../../../arm-none-eabi/lib/armv6-m\libcr_nohost.a(_cr__main.o)
                              ./example/src/cr_startup_lpc8xx.o (__main)
d:/travail/wirelesshome/nxp/lpcxpresso_7.0.2_102/lpcxpresso/tools/bin/../lib/gcc/arm-none-eabi/4.8.3/../../../../arm-none-eabi/lib/armv6-m\libcr_c.a(memcpy.o)
                              D:\Users\Arpel\git\LPCSensorNode\BOARDLib\arpel_groovy_sensor_board_lib\Debug\libarpel_groovy_sensor_board_lib.a(RF12.o) (memcpy)
d:/travail/wirelesshome/nxp/lpcxpresso_7.0.2_102/lpcxpresso/tools/bin/../lib/gcc/arm-none-eabi/4.8.3/../../../../arm-none-eabi/lib/armv6-m\libcr_c.a(initio.o)
                              d:/travail/wirelesshome/nxp/lpcxpresso_7.0.2_102/lpcxpresso/tools/bin/../lib/gcc/arm-none-eabi/4.8.3/../../../../arm-none-eabi/lib/armv6-m\libcr_nohost.a(_cr__main.o) (_initio)
d:/travail/wirelesshome/nxp/lpcxpresso_7.0.2_102/lpcxpresso/tools/bin/../lib/gcc/arm-none-eabi/4.8.3/../../../../arm-none-eabi/lib/armv6-m\libcr_c.a(memcmp.o)
                              D:\Users\Arpel\git\LPCSensorNode\BOARDLib\arpel_groovy_sensor_board_lib\Debug\libarpel_groovy_sensor_board_lib.a(RF12.o) (memcmp)
d:/travail/wirelesshome/nxp/lpcxpresso_7.0.2_102/lpcxpresso/tools/bin/../lib/gcc/arm-none-eabi/4.8.3/../../../../arm-none-eabi/lib/armv6-m\libcr_c.a(setvbuf.o)
                              d:/travail/wirelesshome/nxp/lpcxpresso_7.0.2_102/lpcxpresso/tools/bin/../lib/gcc/arm-none-eabi/4.8.3/../../../../arm-none-eabi/lib/armv6-m\libcr_c.a(initio.o) (setvbuf)
[...]
Memory Configuration

Name             Origin             Length             Attributes
MFlash16         0x00000000         0x00004000         xr
RamLoc4          0x10000000         0x00001000         xrw
*default*        0x00000000         0xffffffff

Linker script and memory map

LOAD ./example/src/cr_startup_lpc8xx.o
LOAD ./example/src/crp.o
LOAD ./example/src/mtb.o
LOAD ./example/src/sensor_test_main.o
LOAD ./example/src/sysinit.o
LOAD D:\Users\Arpel\git\LPCSensorNode\BOARDLib\arpel_groovy_sensor_board_lib\Debug\libarpel_groovy_sensor_board_lib.a
LOAD D:\Users\Arpel\Documents\LPCXpresso_6.1.4_194\workspace\lpc_chip_8xx_lib\Debug\liblpc_chip_8xx_lib.a
START GROUP
LOAD d:/travail/wirelesshome/nxp/lpcxpresso_7.0.2_102/lpcxpresso/tools/bin/../lib/gcc/arm-none-eabi/4.8.3/../../../../arm-none-eabi/lib/armv6-m\libcr_nohost.a
LOAD d:/travail/wirelesshome/nxp/lpcxpresso_7.0.2_102/lpcxpresso/tools/bin/../lib/gcc/arm-none-eabi/4.8.3/../../../../arm-none-eabi/lib/armv6-m\libcr_c.a
LOAD d:/travail/wirelesshome/nxp/lpcxpresso_7.0.2_102/lpcxpresso/tools/bin/../lib/gcc/arm-none-eabi/4.8.3/armv6-m\libcr_eabihelpers.a
END GROUP
                0x00004000                __top_MFlash16 = 0x4000
                0x10001000                __top_RamLoc4 = 0x10001000

.text           0x00000000     0x3910
 FILL mask 0xff
                0x00000000                __vectors_start__ = ABSOLUTE (.)
 *(.isr_vector)
 .isr_vector    0x00000000       0xc0 ./example/src/cr_startup_lpc8xx.o
                0x00000000                g_pfnVectors
                0x000000c0                . = ALIGN (0x4)
                0x000000c0                __section_table_start = .
                0x000000c0                __data_section_table = .
                0x000000c0        0x4 LONG 0x3910 LOADADDR (.data)
                0x000000c4        0x4 LONG 0x10000020 ADDR (.data)
                0x000000c8        0x4 LONG 0x4 SIZEOF (.data)
                0x000000cc                __data_section_table_end = .
                0x000000cc                __bss_section_table = .
                0x000000cc        0x4 LONG 0x10000028 ADDR (.bss)
                0x000000d0        0x4 LONG 0x2f4 SIZEOF (.bss)
                0x000000d4                __bss_section_table_end = .
                0x000000d4                __section_table_end = .
 *(.after_vectors*)
 .after_vectors
                0x000000d4      0x128 ./example/src/cr_startup_lpc8xx.o
                0x000000d4                data_init
                0x00000114                bss_init
                0x00000148                ResetISR
                0x000001cc                NMI_Handler
                0x000001d4                HardFault_Handler
                0x000001dc                SVCall_Handler
                0x000001e4                PendSV_Handler
                0x000001f4                PININT1_IRQHandler
                0x000001f4                UART1_IRQHandler
                0x000001f4                UART0_IRQHandler
                0x000001f4                PININT2_IRQHandler
                0x000001f4                SPI1_IRQHandler
                0x000001f4                PININT7_IRQHandler
                0x000001f4                CMP_IRQHandler
                0x000001f4                PININT3_IRQHandler
                0x000001f4                UART2_IRQHandler
                0x000001f4                PININT5_IRQHandler
                0x000001f4                PININT4_IRQHandler
                0x000001f4                BOD_IRQHandler
                0x000001f4                I2C_IRQHandler
                0x000001f4                WDT_IRQHandler
                0x000001f4                PININT6_IRQHandler
                0x000001f4                SPI0_IRQHandler
                0x000001f4                IntDefaultHandler
                0x000001f4                FLASH_IRQHandler
                0x000002fc                . = 0x2fc
 *fill*         0x000001fc      0x100 ff
                0x000002fc                PROVIDE (__CRP_WORD_START__, .)
 *(.crp)
 .crp           0x000002fc        0x4 ./example/src/crp.o
                0x000002fc                CRP_WORD
                0x00000300                PROVIDE (__CRP_WORD_END__, .)
                0x00000001                ASSERT (! ((__CRP_WORD_START__ == __CRP_WORD_END__)), Linker CRP Enabled, but no CRP_WORD provided within application)
 *(.text*)
 .text.NVIC_EnableIRQ
                0x00000300       0x2c ./example/src/sensor_test_main.o
 .text.NVIC_SetPriority
                0x0000032c       0xe0 ./example/src/sensor_test_main.o
 .text.Chip_SYSCTL_AssertPeriphReset
                0x0000040c       0x30 ./example/src/sensor_test_main.o
 .text.Chip_SYSCTL_DeassertPeriphReset
                0x0000043c       0x2c ./example/src/sensor_test_main.o
 .text.Chip_SYSCTL_PeriphReset
                0x00000468       0x28 ./example/src/sensor_test_main.o
 .text.Chip_SYSCTL_EnablePeriphWakeup
                0x00000490       0x28 ./example/src/sensor_test_main.o
 .text.Chip_Clock_EnablePeriphClock
                0x000004b8       0x30 ./example/src/sensor_test_main.o
 .text.Chip_PMU_SetPowerDownControl
                0x000004e8       0x1c ./example/src/sensor_test_main.o
 .text.Chip_PMU_ClearPowerDownControl
                0x00000504       0x20 ./example/src/sensor_test_main.o
 .text.Chip_GPIO_SetPinState
                0x00000524       0x34 ./example/src/sensor_test_main.o
 .text.Chip_GPIO_SetPinDIROutput
                0x00000558       0x44 ./example/src/sensor_test_main.o
 .text.Chip_WKT_ClearIntStatus
                0x0000059c       0x1c ./example/src/sensor_test_main.o
 .text.Chip_WKT_Stop
                0x000005b8       0x1c ./example/src/sensor_test_main.o
 .text.Chip_WKT_LoadCount
                0x000005d4       0x18 ./example/src/sensor_test_main.o
 .text.WakeupTest
                0x000005ec       0x74 ./example/src/sensor_test_main.o
 .text.RF_AirSend
                0x00000660       0x50 ./example/src/sensor_test_main.o
                0x00000660                RF_AirSend
 .text.PeriodicWakeUP
                0x000006b0       0x20 ./example/src/sensor_test_main.o
                0x000006b0                PeriodicWakeUP
 .text.PeriodicTask
                0x000006d0       0xbc ./example/src/sensor_test_main.o
                0x000006d0                PeriodicTask
 .text.SysTick_Handler
                0x0000078c       0x38 ./example/src/sensor_test_main.o
                0x0000078c                SysTick_Handler
 .text.WKT_IRQHandler
                0x000007c4       0x28 ./example/src/sensor_test_main.o
                0x000007c4                WKT_IRQHandler
 .text.main     0x000007ec       0xe8 ./example/src/sensor_test_main.o
                0x000007ec                main
 .text.SystemInit
                0x000008d4        0xc ./example/src/sysinit.o
                0x000008d4                SystemInit
 .text.NVIC_EnableIRQ
                0x000008e0       0x2c D:\Users\Arpel\git\LPCSensorNode\BOARDLib\arpel_groovy_sensor_board_lib\Debug\libarpel_groovy_sensor_board_lib.a(RF12.o)
 .text.Chip_SYSCTL_SetPinInterrupt
                0x0000090c       0x20 D:\Users\Arpel\git\LPCSensorNode\BOARDLib\arpel_groovy_sensor_board_lib\Debug\libarpel_groovy_sensor_board_lib.a(RF12.o)
 .text.Chip_SYSCTL_EnablePINTWakeup
                0x0000092c       0x30 D:\Users\Arpel\git\LPCSensorNode\BOARDLib\arpel_groovy_sensor_board_lib\Debug\libarpel_groovy_sensor_board_lib.a(RF12.o)
 .text.Chip_PININT_SetPinModeEdge
                0x0000095c       0x20 D:\Users\Arpel\git\LPCSensorNode\BOARDLib\arpel_groovy_sensor_board_lib\Debug\libarpel_groovy_sensor_board_lib.a(RF12.o)
 .text.Chip_PININT_EnableIntLow
                0x0000097c       0x18 D:\Users\Arpel\git\LPCSensorNode\BOARDLib\arpel_groovy_sensor_board_lib\Debug\libarpel_groovy_sensor_board_lib.a(RF12.o)
 .text.Chip_PININT_ClearIntStatus
                0x00000994       0x18 D:\Users\Arpel\git\LPCSensorNode\BOARDLib\arpel_groovy_sensor_board_lib\Debug\libarpel_groovy_sensor_board_lib.a(RF12.o)
 .text.Chip_GPIO_GetPinState
                0x000009ac       0x30 D:\Users\Arpel\git\LPCSensorNode\BOARDLib\arpel_groovy_sensor_board_lib\Debug\libarpel_groovy_sensor_board_lib.a(RF12.o)
 .text.Chip_GPIO_SetPinDIRInput
                0x000009dc       0x48 D:\Users\Arpel\git\LPCSensorNode\BOARDLib\arpel_groovy_sensor_board_lib\Debug\libarpel_groovy_sensor_board_lib.a(RF12.o)
 .text.Chip_SPI_Enable
                0x00000a24       0x1c D:\Users\Arpel\git\LPCSensorNode\BOARDLib\arpel_groovy_sensor_board_lib\Debug\libarpel_groovy_sensor_board_lib.a(RF12.o)
 .text._crc16_update
                0x00000a40       0x6c D:\Users\Arpel\git\LPCSensorNode\BOARDLib\arpel_groovy_sensor_board_lib\Debug\libarpel_groovy_sensor_board_lib.a(RF12.o)
                0x00000a40                _crc16_update
 .text.rf12_spiInit
                0x00000aac       0xb8 D:\Users\Arpel\git\LPCSensorNode\BOARDLib\arpel_groovy_sensor_board_lib\Debug\libarpel_groovy_sensor_board_lib.a(RF12.o)
                0x00000aac                rf12_spiInit
 .text.rf12_xferSlow
                0x00000b64       0x84 D:\Users\Arpel\git\LPCSensorNode\BOARDLib\arpel_groovy_sensor_board_lib\Debug\libarpel_groovy_sensor_board_lib.a(RF12.o)
 .text.rf12_control
                0x00000be8       0x2c D:\Users\Arpel\git\LPCSensorNode\BOARDLib\arpel_groovy_sensor_board_lib\Debug\libarpel_groovy_sensor_board_lib.a(RF12.o)
                0x00000be8                rf12_control
 .text.PININT0_IRQHandler
                0x00000c14      0x1c8 D:\Users\Arpel\git\LPCSensorNode\BOARDLib\arpel_groovy_sensor_board_lib\Debug\libarpel_groovy_sensor_board_lib.a(RF12.o)
                0x00000c14                PININT0_IRQHandler
 .text.rf12_recvStart
                0x00000ddc       0x64 D:\Users\Arpel\git\LPCSensorNode\BOARDLib\arpel_groovy_sensor_board_lib\Debug\libarpel_groovy_sensor_board_lib.a(RF12.o)
 .text.rf12_recvDone
                0x00000e40       0xe0 D:\Users\Arpel\git\LPCSensorNode\BOARDLib\arpel_groovy_sensor_board_lib\Debug\libarpel_groovy_sensor_board_lib.a(RF12.o)
                0x00000e40                rf12_recvDone
 .text.rf12_canSend
                0x00000f20       0x54 D:\Users\Arpel\git\LPCSensorNode\BOARDLib\arpel_groovy_sensor_board_lib\Debug\libarpel_groovy_sensor_board_lib.a(RF12.o)
                0x00000f20                rf12_canSend
 .text.rf12_sendStart
                0x00000f74       0x9c D:\Users\Arpel\git\LPCSensorNode\BOARDLib\arpel_groovy_sensor_board_lib\Debug\libarpel_groovy_sensor_board_lib.a(RF12.o)
                0x00000f74                rf12_sendStart
 .text.rf12_sendStart_full
                0x00001010       0x44 D:\Users\Arpel\git\LPCSensorNode\BOARDLib\arpel_groovy_sensor_board_lib\Debug\libarpel_groovy_sensor_board_lib.a(RF12.o)
                0x00001010                rf12_sendStart_full
 .text.rf12_sendNow
                0x00001054       0x3c D:\Users\Arpel\git\LPCSensorNode\BOARDLib\arpel_groovy_sensor_board_lib\Debug\libarpel_groovy_sensor_board_lib.a(RF12.o)
                0x00001054                rf12_sendNow
 .text.rf12_sendWait
                0x00001090       0x38 D:\Users\Arpel\git\LPCSensorNode\BOARDLib\arpel_groovy_sensor_board_lib\Debug\libarpel_groovy_sensor_board_lib.a(RF12.o)
                0x00001090                rf12_sendWait
 .text.rf12_initialize
                0x000010c8      0x1e8 D:\Users\Arpel\git\LPCSensorNode\BOARDLib\arpel_groovy_sensor_board_lib\Debug\libarpel_groovy_sensor_board_lib.a(RF12.o)
                0x000010c8                rf12_initialize
 .text.rf12_sleep
                0x000012b0       0x54 D:\Users\Arpel\git\LPCSensorNode\BOARDLib\arpel_groovy_sensor_board_lib\Debug\libarpel_groovy_sensor_board_lib.a(RF12.o)
                0x000012b0                rf12_sleep
 .text.Chip_GPIO_SetPinState
                0x00001304       0x34 D:\Users\Arpel\git\LPCSensorNode\BOARDLib\arpel_groovy_sensor_board_lib\Debug\libarpel_groovy_sensor_board_lib.a(board.o)
 .text.Chip_GPIO_SetPinDIROutput
                0x00001338       0x44 D:\Users\Arpel\git\LPCSensorNode\BOARDLib\arpel_groovy_sensor_board_lib\Debug\libarpel_groovy_sensor_board_lib.a(board.o)
 .text.Chip_GPIO_SetPinToggle
                0x0000137c       0x34 D:\Users\Arpel\git\LPCSensorNode\BOARDLib\arpel_groovy_sensor_board_lib\Debug\libarpel_groovy_sensor_board_lib.a(board.o)
 .text.__sys_write
                0x000013b0       0x18 D:\Users\Arpel\git\LPCSensorNode\BOARDLib\arpel_groovy_sensor_board_lib\Debug\libarpel_groovy_sensor_board_lib.a(board.o)
                0x000013b0                __sys_write
 .text.Board_LED_Init
                0x000013c8       0x40 D:\Users\Arpel\git\LPCSensorNode\BOARDLib\arpel_groovy_sensor_board_lib\Debug\libarpel_groovy_sensor_board_lib.a(board.o)
 .text.Board_LED_Set
                0x00001408       0x30 D:\Users\Arpel\git\LPCSensorNode\BOARDLib\arpel_groovy_sensor_board_lib\Debug\libarpel_groovy_sensor_board_lib.a(board.o)
                0x00001408                Board_LED_Set
 .text.Board_LED_Toggle
                0x00001438       0x24 D:\Users\Arpel\git\LPCSensorNode\BOARDLib\arpel_groovy_sensor_board_lib\Debug\libarpel_groovy_sensor_board_lib.a(board.o)
                0x00001438                Board_LED_Toggle
 .text.Board_Init
                0x0000145c       0x18 D:\Users\Arpel\git\LPCSensorNode\BOARDLib\arpel_groovy_sensor_board_lib\Debug\libarpel_groovy_sensor_board_lib.a(board.o)
                0x0000145c                Board_Init
 .text.Chip_Clock_SetupSystemPLL
                0x00001474       0x34 D:\Users\Arpel\git\LPCSensorNode\BOARDLib\arpel_groovy_sensor_board_lib\Debug\libarpel_groovy_sensor_board_lib.a(board_sysinit.o)
 .text.Chip_Clock_IsSystemPLLLocked
                0x000014a8       0x1c D:\Users\Arpel\git\LPCSensorNode\BOARDLib\arpel_groovy_sensor_board_lib\Debug\libarpel_groovy_sensor_board_lib.a(board_sysinit.o)
 .text.Chip_Clock_SetSysClockDiv
                0x000014c4       0x18 D:\Users\Arpel\git\LPCSensorNode\BOARDLib\arpel_groovy_sensor_board_lib\Debug\libarpel_groovy_sensor_board_lib.a(board_sysinit.o)
 .text.Chip_Clock_EnablePeriphClock
                0x000014dc       0x30 D:\Users\Arpel\git\LPCSensorNode\BOARDLib\arpel_groovy_sensor_board_lib\Debug\libarpel_groovy_sensor_board_lib.a(board_sysinit.o)
 .text.Chip_Clock_DisablePeriphClock
                0x0000150c       0x34 D:\Users\Arpel\git\LPCSensorNode\BOARDLib\arpel_groovy_sensor_board_lib\Debug\libarpel_groovy_sensor_board_lib.a(board_sysinit.o)
 .text.Chip_FMC_SetFLASHAccess
                0x00001540       0x2c D:\Users\Arpel\git\LPCSensorNode\BOARDLib\arpel_groovy_sensor_board_lib\Debug\libarpel_groovy_sensor_board_lib.a(board_sysinit.o)
 .text.SystemSetupClocking
                0x0000156c       0x54 D:\Users\Arpel\git\LPCSensorNode\BOARDLib\arpel_groovy_sensor_board_lib\Debug\libarpel_groovy_sensor_board_lib.a(board_sysinit.o)
 .text.SystemSetupMuxing
                0x000015c0       0x40 D:\Users\Arpel\git\LPCSensorNode\BOARDLib\arpel_groovy_sensor_board_lib\Debug\libarpel_groovy_sensor_board_lib.a(board_sysinit.o)
 .text.Board_SystemInit
                0x00001600       0x3c D:\Users\Arpel\git\LPCSensorNode\BOARDLib\arpel_groovy_sensor_board_lib\Debug\libarpel_groovy_sensor_board_lib.a(board_sysinit.o)
                0x00001600                Board_SystemInit
 .text.NVIC_EnableIRQ
                0x0000163c       0x2c D:\Users\Arpel\git\LPCSensorNode\BOARDLib\arpel_groovy_sensor_board_lib\Debug\libarpel_groovy_sensor_board_lib.a(onewire.o)
 .text.Chip_SYSCTL_AssertPeriphReset
                0x00001668       0x30 D:\Users\Arpel\git\LPCSensorNode\BOARDLib\arpel_groovy_sensor_board_lib\Debug\libarpel_groovy_sensor_board_lib.a(onewire.o)
 .text.Chip_SYSCTL_DeassertPeriphReset
                0x00001698       0x2c D:\Users\Arpel\git\LPCSensorNode\BOARDLib\arpel_groovy_sensor_board_lib\Debug\libarpel_groovy_sensor_board_lib.a(onewire.o)
 .text.Chip_SYSCTL_PeriphReset
                0x000016c4       0x28 D:\Users\Arpel\git\LPCSensorNode\BOARDLib\arpel_groovy_sensor_board_lib\Debug\libarpel_groovy_sensor_board_lib.a(onewire.o)
 .text.Chip_Clock_EnablePeriphClock
                0x000016ec       0x30 D:\Users\Arpel\git\LPCSensorNode\BOARDLib\arpel_groovy_sensor_board_lib\Debug\libarpel_groovy_sensor_board_lib.a(onewire.o)
 .text.Chip_GPIO_SetPinState
                0x0000171c       0x34 D:\Users\Arpel\git\LPCSensorNode\BOARDLib\arpel_groovy_sensor_board_lib\Debug\libarpel_groovy_sensor_board_lib.a(onewire.o)
 .text.Chip_GPIO_GetPinState
                0x00001750       0x30 D:\Users\Arpel\git\LPCSensorNode\BOARDLib\arpel_groovy_sensor_board_lib\Debug\libarpel_groovy_sensor_board_lib.a(onewire.o)
 .text.Chip_GPIO_SetPinDIROutput
                0x00001780       0x44 D:\Users\Arpel\git\LPCSensorNode\BOARDLib\arpel_groovy_sensor_board_lib\Debug\libarpel_groovy_sensor_board_lib.a(onewire.o)
 .text.Chip_GPIO_SetPinDIRInput
                0x000017c4       0x48 D:\Users\Arpel\git\LPCSensorNode\BOARDLib\arpel_groovy_sensor_board_lib\Debug\libarpel_groovy_sensor_board_lib.a(onewire.o)
 .text.Chip_MRT_Init
                0x0000180c       0x14 D:\Users\Arpel\git\LPCSensorNode\BOARDLib\arpel_groovy_sensor_board_lib\Debug\libarpel_groovy_sensor_board_lib.a(onewire.o)
 .text.Chip_MRT_SetInterval
                0x00001820       0x18 D:\Users\Arpel\git\LPCSensorNode\BOARDLib\arpel_groovy_sensor_board_lib\Debug\libarpel_groovy_sensor_board_lib.a(onewire.o)
 .text.Chip_MRT_SetEnabled
                0x00001838       0x1c D:\Users\Arpel\git\LPCSensorNode\BOARDLib\arpel_groovy_sensor_board_lib\Debug\libarpel_groovy_sensor_board_lib.a(onewire.o)
 .text.Chip_MRT_SetMode
                0x00001854       0x2c D:\Users\Arpel\git\LPCSensorNode\BOARDLib\arpel_groovy_sensor_board_lib\Debug\libarpel_groovy_sensor_board_lib.a(onewire.o)
 .text.Chip_MRT_IntClear
                0x00001880       0x1c D:\Users\Arpel\git\LPCSensorNode\BOARDLib\arpel_groovy_sensor_board_lib\Debug\libarpel_groovy_sensor_board_lib.a(onewire.o)
 .text.Chip_MRT_ClearIntPending
                0x0000189c       0x1c D:\Users\Arpel\git\LPCSensorNode\BOARDLib\arpel_groovy_sensor_board_lib\Debug\libarpel_groovy_sensor_board_lib.a(onewire.o)
 .text.ow_init  0x000018b8       0x3c D:\Users\Arpel\git\LPCSensorNode\BOARDLib\arpel_groovy_sensor_board_lib\Debug\libarpel_groovy_sensor_board_lib.a(onewire.o)
                0x000018b8                ow_init
 .text.ow_reset
                0x000018f4       0xbc D:\Users\Arpel\git\LPCSensorNode\BOARDLib\arpel_groovy_sensor_board_lib\Debug\libarpel_groovy_sensor_board_lib.a(onewire.o)
                0x000018f4                ow_reset
 .text.ow_write
                0x000019b0       0xc4 D:\Users\Arpel\git\LPCSensorNode\BOARDLib\arpel_groovy_sensor_board_lib\Debug\libarpel_groovy_sensor_board_lib.a(onewire.o)
                0x000019b0                ow_write
 .text.ow_read  0x00001a74       0xb0 D:\Users\Arpel\git\LPCSensorNode\BOARDLib\arpel_groovy_sensor_board_lib\Debug\libarpel_groovy_sensor_board_lib.a(onewire.o)
                0x00001a74                ow_read
 .text.ow_write_bit
                0x00001b24       0x84 D:\Users\Arpel\git\LPCSensorNode\BOARDLib\arpel_groovy_sensor_board_lib\Debug\libarpel_groovy_sensor_board_lib.a(onewire.o)
                0x00001b24                ow_write_bit
 .text.ow_read_bit
                0x00001ba8       0x80 D:\Users\Arpel\git\LPCSensorNode\BOARDLib\arpel_groovy_sensor_board_lib\Debug\libarpel_groovy_sensor_board_lib.a(onewire.o)
                0x00001ba8                ow_read_bit
 .text.ow_wait_conv
                0x00001c28       0x88 D:\Users\Arpel\git\LPCSensorNode\BOARDLib\arpel_groovy_sensor_board_lib\Debug\libarpel_groovy_sensor_board_lib.a(onewire.o)
                0x00001c28                ow_wait_conv
 .text.MRT_IRQHandler
                0x00001cb0      0x5b0 D:\Users\Arpel\git\LPCSensorNode\BOARDLib\arpel_groovy_sensor_board_lib\Debug\libarpel_groovy_sensor_board_lib.a(onewire.o)
                0x00001cb0                MRT_IRQHandler
 .text.ow_read_temp
                0x00002260      0x128 D:\Users\Arpel\git\LPCSensorNode\BOARDLib\arpel_groovy_sensor_board_lib\Debug\libarpel_groovy_sensor_board_lib.a(onewire.o)
                0x00002260                ow_read_temp
 .text.ow_srch_next
                0x00002388      0x230 D:\Users\Arpel\git\LPCSensorNode\BOARDLib\arpel_groovy_sensor_board_lib\Debug\libarpel_groovy_sensor_board_lib.a(onewire.o)
                0x00002388                ow_srch_next
 .text.ow_srch_first
                0x000025b8       0x30 D:\Users\Arpel\git\LPCSensorNode\BOARDLib\arpel_groovy_sensor_board_lib\Debug\libarpel_groovy_sensor_board_lib.a(onewire.o)
                0x000025b8                ow_srch_first
 .text.ow_find_devices
                0x000025e8       0x5c D:\Users\Arpel\git\LPCSensorNode\BOARDLib\arpel_groovy_sensor_board_lib\Debug\libarpel_groovy_sensor_board_lib.a(onewire.o)
                0x000025e8                ow_find_devices
 .text.crc8     0x00002644       0xe8 D:\Users\Arpel\git\LPCSensorNode\BOARDLib\arpel_groovy_sensor_board_lib\Debug\libarpel_groovy_sensor_board_lib.a(crc8.o)
                0x00002644                crc8
 .text.SystemCoreClockUpdate
                0x0000272c       0x18 D:\Users\Arpel\Documents\LPCXpresso_6.1.4_194\workspace\lpc_chip_8xx_lib\Debug\liblpc_chip_8xx_lib.a(chip_8xx.o)
                0x0000272c                SystemCoreClockUpdate
 .text.Chip_Clock_GetMainOscRate
                0x00002744       0x14 D:\Users\Arpel\Documents\LPCXpresso_6.1.4_194\workspace\lpc_chip_8xx_lib\Debug\liblpc_chip_8xx_lib.a(clock_8xx.o)
 .text.Chip_Clock_GetIntOscRate
                0x00002758       0x10 D:\Users\Arpel\Documents\LPCXpresso_6.1.4_194\workspace\lpc_chip_8xx_lib\Debug\liblpc_chip_8xx_lib.a(clock_8xx.o)
 .text.Chip_Clock_GetExtClockInRate
                0x00002768       0x14 D:\Users\Arpel\Documents\LPCXpresso_6.1.4_194\workspace\lpc_chip_8xx_lib\Debug\liblpc_chip_8xx_lib.a(clock_8xx.o)
 .text.Chip_Clock_GetWDTLFORate
                0x0000277c       0x48 D:\Users\Arpel\Documents\LPCXpresso_6.1.4_194\workspace\lpc_chip_8xx_lib\Debug\liblpc_chip_8xx_lib.a(clock_8xx.o)
 .text.Chip_Clock_GetPLLFreq
                0x000027c4       0x24 D:\Users\Arpel\Documents\LPCXpresso_6.1.4_194\workspace\lpc_chip_8xx_lib\Debug\liblpc_chip_8xx_lib.a(clock_8xx.o)
 .text.Chip_Clock_SetSystemPLLSource
                0x000027e8       0x2c D:\Users\Arpel\Documents\LPCXpresso_6.1.4_194\workspace\lpc_chip_8xx_lib\Debug\liblpc_chip_8xx_lib.a(clock_8xx.o)
                0x000027e8                Chip_Clock_SetSystemPLLSource
 .text.Chip_Clock_SetMainClockSource
                0x00002814       0x2c D:\Users\Arpel\Documents\LPCXpresso_6.1.4_194\workspace\lpc_chip_8xx_lib\Debug\liblpc_chip_8xx_lib.a(clock_8xx.o)
                0x00002814                Chip_Clock_SetMainClockSource
 .text.Chip_Clock_SetCLKOUTSource
                0x00002840       0x3c D:\Users\Arpel\Documents\LPCXpresso_6.1.4_194\workspace\lpc_chip_8xx_lib\Debug\liblpc_chip_8xx_lib.a(clock_8xx.o)
                0x00002840                Chip_Clock_SetCLKOUTSource
 .text.Chip_Clock_GetWDTOSCRate
                0x0000287c       0x1c D:\Users\Arpel\Documents\LPCXpresso_6.1.4_194\workspace\lpc_chip_8xx_lib\Debug\liblpc_chip_8xx_lib.a(clock_8xx.o)
                0x0000287c                Chip_Clock_GetWDTOSCRate
 .text.Chip_Clock_GetSystemPLLInClockRate
                0x00002898       0x50 D:\Users\Arpel\Documents\LPCXpresso_6.1.4_194\workspace\lpc_chip_8xx_lib\Debug\liblpc_chip_8xx_lib.a(clock_8xx.o)
                0x00002898                Chip_Clock_GetSystemPLLInClockRate
 .text.Chip_Clock_GetSystemPLLOutClockRate
                0x000028e8       0x24 D:\Users\Arpel\Documents\LPCXpresso_6.1.4_194\workspace\lpc_chip_8xx_lib\Debug\liblpc_chip_8xx_lib.a(clock_8xx.o)
                0x000028e8                Chip_Clock_GetSystemPLLOutClockRate
 .text.Chip_Clock_GetMainClockRate
                0x0000290c       0x64 D:\Users\Arpel\Documents\LPCXpresso_6.1.4_194\workspace\lpc_chip_8xx_lib\Debug\liblpc_chip_8xx_lib.a(clock_8xx.o)
                0x0000290c                Chip_Clock_GetMainClockRate
 .text.Chip_Clock_GetSystemClockRate
                0x00002970       0x24 D:\Users\Arpel\Documents\LPCXpresso_6.1.4_194\workspace\lpc_chip_8xx_lib\Debug\liblpc_chip_8xx_lib.a(clock_8xx.o)
                0x00002970                Chip_Clock_GetSystemClockRate
 .text.Chip_Clock_EnablePeriphClock
                0x00002994       0x30 D:\Users\Arpel\Documents\LPCXpresso_6.1.4_194\workspace\lpc_chip_8xx_lib\Debug\liblpc_chip_8xx_lib.a(gpio_8xx.o)
 .text.Chip_GPIO_Init
                0x000029c4       0x14 D:\Users\Arpel\Documents\LPCXpresso_6.1.4_194\workspace\lpc_chip_8xx_lib\Debug\liblpc_chip_8xx_lib.a(gpio_8xx.o)
                0x000029c4                Chip_GPIO_Init
 .text.Chip_PMU_SleepState
                0x000029d8       0x18 D:\Users\Arpel\Documents\LPCXpresso_6.1.4_194\workspace\lpc_chip_8xx_lib\Debug\liblpc_chip_8xx_lib.a(pmu_8xx.o)
                0x000029d8                Chip_PMU_SleepState
 .text.Chip_PMU_DeepSleepState
                0x000029f0       0x28 D:\Users\Arpel\Documents\LPCXpresso_6.1.4_194\workspace\lpc_chip_8xx_lib\Debug\liblpc_chip_8xx_lib.a(pmu_8xx.o)
                0x000029f0                Chip_PMU_DeepSleepState
 .text.Chip_PMU_PowerDownState
                0x00002a18       0x28 D:\Users\Arpel\Documents\LPCXpresso_6.1.4_194\workspace\lpc_chip_8xx_lib\Debug\liblpc_chip_8xx_lib.a(pmu_8xx.o)
                0x00002a18                Chip_PMU_PowerDownState
 .text.Chip_PMU_DeepPowerDownState
                0x00002a40       0x28 D:\Users\Arpel\Documents\LPCXpresso_6.1.4_194\workspace\lpc_chip_8xx_lib\Debug\liblpc_chip_8xx_lib.a(pmu_8xx.o)
                0x00002a40                Chip_PMU_DeepPowerDownState
 .text.Chip_PMU_Sleep
                0x00002a68       0x54 D:\Users\Arpel\Documents\LPCXpresso_6.1.4_194\workspace\lpc_chip_8xx_lib\Debug\liblpc_chip_8xx_lib.a(pmu_8xx.o)
                0x00002a68                Chip_PMU_Sleep
 .text.Chip_SYSCTL_AssertPeriphReset
                0x00002abc       0x30 D:\Users\Arpel\Documents\LPCXpresso_6.1.4_194\workspace\lpc_chip_8xx_lib\Debug\liblpc_chip_8xx_lib.a(spi_8xx.o)
 .text.Chip_SYSCTL_DeassertPeriphReset
                0x00002aec       0x2c D:\Users\Arpel\Documents\LPCXpresso_6.1.4_194\workspace\lpc_chip_8xx_lib\Debug\liblpc_chip_8xx_lib.a(spi_8xx.o)
 .text.Chip_SYSCTL_PeriphReset
                0x00002b18       0x28 D:\Users\Arpel\Documents\LPCXpresso_6.1.4_194\workspace\lpc_chip_8xx_lib\Debug\liblpc_chip_8xx_lib.a(spi_8xx.o)
 .text.Chip_Clock_EnablePeriphClock
                0x00002b40       0x30 D:\Users\Arpel\Documents\LPCXpresso_6.1.4_194\workspace\lpc_chip_8xx_lib\Debug\liblpc_chip_8xx_lib.a(spi_8xx.o)
 .text.Chip_SPI_Enable
                0x00002b70       0x1c D:\Users\Arpel\Documents\LPCXpresso_6.1.4_194\workspace\lpc_chip_8xx_lib\Debug\liblpc_chip_8xx_lib.a(spi_8xx.o)
 .text.Chip_SPI_Disable
                0x00002b8c       0x1c D:\Users\Arpel\Documents\LPCXpresso_6.1.4_194\workspace\lpc_chip_8xx_lib\Debug\liblpc_chip_8xx_lib.a(spi_8xx.o)
 .text.Chip_SPI_GetStatus
                0x00002ba8       0x14 D:\Users\Arpel\Documents\LPCXpresso_6.1.4_194\workspace\lpc_chip_8xx_lib\Debug\liblpc_chip_8xx_lib.a(spi_8xx.o)
 .text.Chip_SPI_ClearStatus
                0x00002bbc       0x1c D:\Users\Arpel\Documents\LPCXpresso_6.1.4_194\workspace\lpc_chip_8xx_lib\Debug\liblpc_chip_8xx_lib.a(spi_8xx.o)
 .text.Chip_SPI_SetControlInfo
                0x00002bd8       0x30 D:\Users\Arpel\Documents\LPCXpresso_6.1.4_194\workspace\lpc_chip_8xx_lib\Debug\liblpc_chip_8xx_lib.a(spi_8xx.o)
 .text.Chip_SPI_SendMidFrame
                0x00002c08       0x1c D:\Users\Arpel\Documents\LPCXpresso_6.1.4_194\workspace\lpc_chip_8xx_lib\Debug\liblpc_chip_8xx_lib.a(spi_8xx.o)
 .text.Chip_SPI_SendLastFrame
                0x00002c24       0x34 D:\Users\Arpel\Documents\LPCXpresso_6.1.4_194\workspace\lpc_chip_8xx_lib\Debug\liblpc_chip_8xx_lib.a(spi_8xx.o)
 .text.Chip_SPI_ReceiveFrame
                0x00002c58       0x18 D:\Users\Arpel\Documents\LPCXpresso_6.1.4_194\workspace\lpc_chip_8xx_lib\Debug\liblpc_chip_8xx_lib.a(spi_8xx.o)
 .text.SPI_Send_Data
                0x00002c70       0x64 D:\Users\Arpel\Documents\LPCXpresso_6.1.4_194\workspace\lpc_chip_8xx_lib\Debug\liblpc_chip_8xx_lib.a(spi_8xx.o)
 .text.SPI_Receive_Data
                0x00002cd4       0x34 D:\Users\Arpel\Documents\LPCXpresso_6.1.4_194\workspace\lpc_chip_8xx_lib\Debug\liblpc_chip_8xx_lib.a(spi_8xx.o)
 .text.Chip_SPI_CalClkRateDivider
                0x00002d08       0x2c D:\Users\Arpel\Documents\LPCXpresso_6.1.4_194\workspace\lpc_chip_8xx_lib\Debug\liblpc_chip_8xx_lib.a(spi_8xx.o)
                0x00002d08                Chip_SPI_CalClkRateDivider
 .text.Chip_SPI_Init
                0x00002d34       0x98 D:\Users\Arpel\Documents\LPCXpresso_6.1.4_194\workspace\lpc_chip_8xx_lib\Debug\liblpc_chip_8xx_lib.a(spi_8xx.o)
                0x00002d34                Chip_SPI_Init
 .text.Chip_SPI_DelayConfig
                0x00002dcc       0x68 D:\Users\Arpel\Documents\LPCXpresso_6.1.4_194\workspace\lpc_chip_8xx_lib\Debug\liblpc_chip_8xx_lib.a(spi_8xx.o)
                0x00002dcc                Chip_SPI_DelayConfig
 .text.Chip_SPI_RWFrames_Blocking
                0x00002e34       0xc0 D:\Users\Arpel\Documents\LPCXpresso_6.1.4_194\workspace\lpc_chip_8xx_lib\Debug\liblpc_chip_8xx_lib.a(spi_8xx.o)
                0x00002e34                Chip_SPI_RWFrames_Blocking
 .text.Chip_SWM_MovablePinAssign
                0x00002ef4       0x64 D:\Users\Arpel\Documents\LPCXpresso_6.1.4_194\workspace\lpc_chip_8xx_lib\Debug\liblpc_chip_8xx_lib.a(swm_8xx.o)
                0x00002ef4                Chip_SWM_MovablePinAssign
 .text.Chip_SYSCTL_SetDeepSleepPD
                0x00002f58       0x28 D:\Users\Arpel\Documents\LPCXpresso_6.1.4_194\workspace\lpc_chip_8xx_lib\Debug\liblpc_chip_8xx_lib.a(syscon_8xx.o)
                0x00002f58                Chip_SYSCTL_SetDeepSleepPD
 .text.Chip_SYSCTL_SetWakeup
                0x00002f80       0x2c D:\Users\Arpel\Documents\LPCXpresso_6.1.4_194\workspace\lpc_chip_8xx_lib\Debug\liblpc_chip_8xx_lib.a(syscon_8xx.o)
                0x00002f80                Chip_SYSCTL_SetWakeup
 .text.Chip_SYSCTL_PowerDown
                0x00002fac       0x44 D:\Users\Arpel\Documents\LPCXpresso_6.1.4_194\workspace\lpc_chip_8xx_lib\Debug\liblpc_chip_8xx_lib.a(syscon_8xx.o)
                0x00002fac                Chip_SYSCTL_PowerDown
 .text.Chip_SYSCTL_PowerUp
                0x00002ff0       0x44 D:\Users\Arpel\Documents\LPCXpresso_6.1.4_194\workspace\lpc_chip_8xx_lib\Debug\liblpc_chip_8xx_lib.a(syscon_8xx.o)
                0x00002ff0                Chip_SYSCTL_PowerUp
 .text.Chip_WKT_GetClockSource
                0x00003034       0x1c D:\Users\Arpel\Documents\LPCXpresso_6.1.4_194\workspace\lpc_chip_8xx_lib\Debug\liblpc_chip_8xx_lib.a(wkt_8xx.o)
 .text.Chip_WKT_SetClockSource
                0x00003050       0x3c D:\Users\Arpel\Documents\LPCXpresso_6.1.4_194\workspace\lpc_chip_8xx_lib\Debug\liblpc_chip_8xx_lib.a(wkt_8xx.o)
                0x00003050                Chip_WKT_SetClockSource
 .text.Chip_WKT_GetClockRate
                0x0000308c       0x2c D:\Users\Arpel\Documents\LPCXpresso_6.1.4_194\workspace\lpc_chip_8xx_lib\Debug\liblpc_chip_8xx_lib.a(wkt_8xx.o)
                0x0000308c                Chip_WKT_GetClockRate
 .text.__main   0x000030b8       0x12 d:/travail/wirelesshome/nxp/lpcxpresso_7.0.2_102/lpcxpresso/tools/bin/../lib/gcc/arm-none-eabi/4.8.3/../../../../arm-none-eabi/lib/armv6-m\libcr_nohost.a(_cr__main.o)
                0x000030b8                __main
 .text.memcpy   0x000030ca        0x8 d:/travail/wirelesshome/nxp/lpcxpresso_7.0.2_102/lpcxpresso/tools/bin/../lib/gcc/arm-none-eabi/4.8.3/../../../../arm-none-eabi/lib/armv6-m\libcr_c.a(memcpy.o)
                0x000030ca                memcpy
 *fill*         0x000030d2        0x2 
 .text._initio  0x000030d4       0xa4 d:/travail/wirelesshome/nxp/lpcxpresso_7.0.2_102/lpcxpresso/tools/bin/../lib/gcc/arm-none-eabi/4.8.3/../../../../arm-none-eabi/lib/armv6-m\libcr_c.a(initio.o)
                0x000030d4                _initio
 .text.setvbuf  0x00003178       0x48 d:/travail/wirelesshome/nxp/lpcxpresso_7.0.2_102/lpcxpresso/tools/bin/../lib/gcc/arm-none-eabi/4.8.3/../../../../arm-none-eabi/lib/armv6-m\libcr_c.a(setvbuf.o)
                0x00003178                setvbuf
 .text.memset   0x000031c0        0x8 d:/travail/wirelesshome/nxp/lpcxpresso_7.0.2_102/lpcxpresso/tools/bin/../lib/gcc/arm-none-eabi/4.8.3/../../../../arm-none-eabi/lib/armv6-m\libcr_c.a(memset.o)
                0x000031c0                memset
 .text._deferredlazyseek
                0x000031c8       0x44 d:/travail/wirelesshome/nxp/lpcxpresso_7.0.2_102/lpcxpresso/tools/bin/../lib/gcc/arm-none-eabi/4.8.3/../../../../arm-none-eabi/lib/armv6-m\libcr_c.a(_deferredlazyseek.o)
                0x000031c8                _deferredlazyseek
 .text._fdopen  0x0000320c       0x68 d:/travail/wirelesshome/nxp/lpcxpresso_7.0.2_102/lpcxpresso/tools/bin/../lib/gcc/arm-none-eabi/4.8.3/../../../../arm-none-eabi/lib/armv6-m\libcr_c.a(_fdopen.o)
                0x0000320c                _fdopen
 .text._fflush  0x00003274       0x64 d:/travail/wirelesshome/nxp/lpcxpresso_7.0.2_102/lpcxpresso/tools/bin/../lib/gcc/arm-none-eabi/4.8.3/../../../../arm-none-eabi/lib/armv6-m\libcr_c.a(_fflush.o)
                0x00003274                _fflush
 .text._Cwritebuf
                0x000032d8       0x6c d:/travail/wirelesshome/nxp/lpcxpresso_7.0.2_102/lpcxpresso/tools/bin/../lib/gcc/arm-none-eabi/4.8.3/../../../../arm-none-eabi/lib/armv6-m\libcr_c.a(_writebuf.o)
                0x000032d8                _Cwritebuf
 .text.malloc   0x00003344       0xc0 d:/travail/wirelesshome/nxp/lpcxpresso_7.0.2_102/lpcxpresso/tools/bin/../lib/gcc/arm-none-eabi/4.8.3/../../../../arm-none-eabi/lib/armv6-m\libcr_c.a(alloc.o)
                0x00003344                malloc
 .text.free     0x00003404        0xe d:/travail/wirelesshome/nxp/lpcxpresso_7.0.2_102/lpcxpresso/tools/bin/../lib/gcc/arm-none-eabi/4.8.3/../../../../arm-none-eabi/lib/armv6-m\libcr_c.a(alloc.o)
                0x00003404                free
 *fill*         0x00003412        0x2 
 .text._Csys_alloc
                0x00003414       0x20 d:/travail/wirelesshome/nxp/lpcxpresso_7.0.2_102/lpcxpresso/tools/bin/../lib/gcc/arm-none-eabi/4.8.3/../../../../arm-none-eabi/lib/armv6-m\libcr_c.a(alloc.o)
                0x00003414                _Csys_alloc
 .text.fclose   0x00003434       0x70 d:/travail/wirelesshome/nxp/lpcxpresso_7.0.2_102/lpcxpresso/tools/bin/../lib/gcc/arm-none-eabi/4.8.3/../../../../arm-none-eabi/lib/armv6-m\libcr_c.a(fclose.o)
                0x00003434                fclose
 .text.fflush   0x000034a4       0x34 d:/travail/wirelesshome/nxp/lpcxpresso_7.0.2_102/lpcxpresso/tools/bin/../lib/gcc/arm-none-eabi/4.8.3/../../../../arm-none-eabi/lib/armv6-m\libcr_c.a(fflush.o)
                0x000034a4                fflush
 .text.fseek    0x000034d8       0xf8 d:/travail/wirelesshome/nxp/lpcxpresso_7.0.2_102/lpcxpresso/tools/bin/../lib/gcc/arm-none-eabi/4.8.3/../../../../arm-none-eabi/lib/armv6-m\libcr_c.a(fseek.o)
                0x000034d8                fseek
 .text.ftell    0x000035d0       0x4c d:/travail/wirelesshome/nxp/lpcxpresso_7.0.2_102/lpcxpresso/tools/bin/../lib/gcc/arm-none-eabi/4.8.3/../../../../arm-none-eabi/lib/armv6-m\libcr_c.a(ftell.o)
                0x000035d0                ftell
 .text.remove   0x0000361c       0x12 d:/travail/wirelesshome/nxp/lpcxpresso_7.0.2_102/lpcxpresso/tools/bin/../lib/gcc/arm-none-eabi/4.8.3/../../../../arm-none-eabi/lib/armv6-m\libcr_c.a(remove.o)
                0x0000361c                remove
 *fill*         0x0000362e        0x2 
 .text.strlen   0x00003630       0x54 d:/travail/wirelesshome/nxp/lpcxpresso_7.0.2_102/lpcxpresso/tools/bin/../lib/gcc/arm-none-eabi/4.8.3/../../../../arm-none-eabi/lib/armv6-m\libcr_c.a(strlen.o)
                0x00003630                strlen
 .text._sbrk    0x00003684       0x40 d:/travail/wirelesshome/nxp/lpcxpresso_7.0.2_102/lpcxpresso/tools/bin/../lib/gcc/arm-none-eabi/4.8.3/../../../../arm-none-eabi/lib/armv6-m\libcr_c.a(_cr_sbrk.o)
                0x00003684                _sbrk
 .text._do_fflush
                0x000036c4       0x48 d:/travail/wirelesshome/nxp/lpcxpresso_7.0.2_102/lpcxpresso/tools/bin/../lib/gcc/arm-none-eabi/4.8.3/../../../../arm-none-eabi/lib/armv6-m\libcr_c.a(_do_fflush.o)
                0x000036c4                _do_fflush
 .text.__check_heap_overflow
                0x0000370c       0x2c d:/travail/wirelesshome/nxp/lpcxpresso_7.0.2_102/lpcxpresso/tools/bin/../lib/gcc/arm-none-eabi/4.8.3/../../../../arm-none-eabi/lib/armv6-m\libcr_c.a(_cr_check_heap.o)
                0x0000370c                __check_heap_overflow
 .text.__aeabi_division_idivmod
                0x00003738       0x78 d:/travail/wirelesshome/nxp/lpcxpresso_7.0.2_102/lpcxpresso/tools/bin/../lib/gcc/arm-none-eabi/4.8.3/armv6-m\libcr_eabihelpers.a(division_32.o)
                0x00003738                __aeabi_idivmod
                0x00003738                __aeabi_idiv
                0x0000373e                __aeabi_uidivmod
                0x0000373e                __aeabi_uidiv
 .text.__aeabi_division_idiv0
                0x000037b0        0x2 d:/travail/wirelesshome/nxp/lpcxpresso_7.0.2_102/lpcxpresso/tools/bin/../lib/gcc/arm-none-eabi/4.8.3/armv6-m\libcr_eabihelpers.a(division_idiv0.o)
                0x000037b0                __aeabi_idiv0
 .text.__aeabi_memcpy
                0x000037b2       0x2c d:/travail/wirelesshome/nxp/lpcxpresso_7.0.2_102/lpcxpresso/tools/bin/../lib/gcc/arm-none-eabi/4.8.3/armv6-m\libcr_eabihelpers.a(memcpy.o)
                0x000037b2                __aeabi_memcpy4
                0x000037b2                __aeabi_memcpy8
                0x000037b2                __aeabi_memcpy
 .text.__aeabi_memset_lowlevel
                0x000037de       0x2a d:/travail/wirelesshome/nxp/lpcxpresso_7.0.2_102/lpcxpresso/tools/bin/../lib/gcc/arm-none-eabi/4.8.3/armv6-m\libcr_eabihelpers.a(memcpy.o)
                0x000037de                __aeabi_lowlevel_memset
 .text.__sys_appexit
                0x00003808        0x2 d:/travail/wirelesshome/nxp/lpcxpresso_7.0.2_102/lpcxpresso/tools/bin/../lib/gcc/arm-none-eabi/4.8.3/../../../../arm-none-eabi/lib/armv6-m\libcr_nohost.a(__sys_appexit.o)
                0x00003808                __sys_appexit
                0x00003808                __exit
 .text.__sys_close
                0x0000380a        0x6 d:/travail/wirelesshome/nxp/lpcxpresso_7.0.2_102/lpcxpresso/tools/bin/../lib/gcc/arm-none-eabi/4.8.3/../../../../arm-none-eabi/lib/armv6-m\libcr_nohost.a(__sys_close.o)
                0x0000380a                __sys_close
 .text.__sys_flen
                0x00003810        0x6 d:/travail/wirelesshome/nxp/lpcxpresso_7.0.2_102/lpcxpresso/tools/bin/../lib/gcc/arm-none-eabi/4.8.3/../../../../arm-none-eabi/lib/armv6-m\libcr_nohost.a(__sys_flen.o)
                0x00003810                __sys_flen
 .text.__sys_istty
                0x00003816        0x6 d:/travail/wirelesshome/nxp/lpcxpresso_7.0.2_102/lpcxpresso/tools/bin/../lib/gcc/arm-none-eabi/4.8.3/../../../../arm-none-eabi/lib/armv6-m\libcr_nohost.a(__sys_istty.o)
                0x00003816                __sys_istty
 .text.__sys_remove
                0x0000381c        0x6 d:/travail/wirelesshome/nxp/lpcxpresso_7.0.2_102/lpcxpresso/tools/bin/../lib/gcc/arm-none-eabi/4.8.3/../../../../arm-none-eabi/lib/armv6-m\libcr_nohost.a(__sys_remove.o)
                0x0000381c                __sys_remove
 .text.__sys_seek
                0x00003822        0x6 d:/travail/wirelesshome/nxp/lpcxpresso_7.0.2_102/lpcxpresso/tools/bin/../lib/gcc/arm-none-eabi/4.8.3/../../../../arm-none-eabi/lib/armv6-m\libcr_nohost.a(__sys_seek.o)
                0x00003822                __sys_seek
 .text.__sys_tmpnam
                0x00003828        0x6 d:/travail/wirelesshome/nxp/lpcxpresso_7.0.2_102/lpcxpresso/tools/bin/../lib/gcc/arm-none-eabi/4.8.3/../../../../arm-none-eabi/lib/armv6-m\libcr_nohost.a(__sys_tmpnam.o)
                0x00003828                __sys_tmpnam
 *(.rodata .rodata.* .constdata .constdata.*)
 *fill*         0x0000382e        0x2 
 .rodata.PININT0_IRQHandler
                0x00003830       0x2c D:\Users\Arpel\git\LPCSensorNode\BOARDLib\arpel_groovy_sensor_board_lib\Debug\libarpel_groovy_sensor_board_lib.a(RF12.o)
 .rodata.OscRateIn
                0x0000385c        0x4 D:\Users\Arpel\git\LPCSensorNode\BOARDLib\arpel_groovy_sensor_board_lib\Debug\libarpel_groovy_sensor_board_lib.a(board.o)
                0x0000385c                OscRateIn
 .rodata.ExtRateIn
                0x00003860        0x4 D:\Users\Arpel\git\LPCSensorNode\BOARDLib\arpel_groovy_sensor_board_lib\Debug\libarpel_groovy_sensor_board_lib.a(board.o)
                0x00003860                ExtRateIn
 .rodata.MRT_IRQHandler
                0x00003864       0x50 D:\Users\Arpel\git\LPCSensorNode\BOARDLib\arpel_groovy_sensor_board_lib\Debug\libarpel_groovy_sensor_board_lib.a(onewire.o)
 .rodata.wdtOSCRate
                0x000038b4       0x40 D:\Users\Arpel\Documents\LPCXpresso_6.1.4_194\workspace\lpc_chip_8xx_lib\Debug\liblpc_chip_8xx_lib.a(clock_8xx.o)
 .rodata.str1.1
                0x000038f4        0x4 d:/travail/wirelesshome/nxp/lpcxpresso_7.0.2_102/lpcxpresso/tools/bin/../lib/gcc/arm-none-eabi/4.8.3/../../../../arm-none-eabi/lib/armv6-m\libcr_c.a(initio.o)
 .rodata.str1.1
                0x000038f8       0x18 d:/travail/wirelesshome/nxp/lpcxpresso_7.0.2_102/lpcxpresso/tools/bin/../lib/gcc/arm-none-eabi/4.8.3/../../../../arm-none-eabi/lib/armv6-m\libcr_c.a(alloc.o)
                0x00003910                . = ALIGN (0x4)

.glue_7         0x00003910        0x0
 .glue_7        0x00000000        0x0 linker stubs

.glue_7t        0x00003910        0x0
 .glue_7t       0x00000000        0x0 linker stubs

.vfp11_veneer   0x00003910        0x0
 .vfp11_veneer  0x00000000        0x0 linker stubs

.v4_bx          0x00003910        0x0
 .v4_bx         0x00000000        0x0 linker stubs

.iplt           0x00003910        0x0
 .iplt          0x00000000        0x0 ./example/src/cr_startup_lpc8xx.o

.rel.dyn        0x00003910        0x0
 .rel.iplt      0x00000000        0x0 ./example/src/cr_startup_lpc8xx.o

.ARM.extab
 *(.ARM.extab* .gnu.linkonce.armextab.*)
                0x00003910                __exidx_start = .

.ARM.exidx
 *(.ARM.exidx* .gnu.linkonce.armexidx.*)
                0x00003910                __exidx_end = .
                0x00003910                _etext = .

.mtb_buffer_default
                0x10000000       0x20
 *(.mtb*)
 .mtb.$RAM1     0x10000000       0x20 ./example/src/sensor_test_main.o
                0x10000000                __mtb_buffer__

.uninit_RESERVED
                0x10000020        0x0
 *(.bss.$RESERVED*)
                0x10000020                . = ALIGN (0x4)
                0x10000020                _end_uninit_RESERVED = .

.data           0x10000020        0x4 load address 0x00003910
 FILL mask 0xff
                0x10000020                _data = .
 *(vtable)
 *(.ramfunc*)
 *(.data*)
 .data.tempFlag
                0x10000020        0x1 D:\Users\Arpel\git\LPCSensorNode\BOARDLib\arpel_groovy_sensor_board_lib\Debug\libarpel_groovy_sensor_board_lib.a(onewire.o)
                0x10000024                . = ALIGN (0x4)
 *fill*         0x10000021        0x3 ff
                0x10000024                _edata = .

.igot.plt       0x10000024        0x0 load address 0x00003914
 .igot.plt      0x00000000        0x0 ./example/src/cr_startup_lpc8xx.o

.bss            0x10000028      0x2f4 load address 0x00003914
                0x10000028                _bss = .
 *(.bss*)
 .bss.sysTick   0x10000028        0x4 ./example/src/sensor_test_main.o
 .bss.init_done
                0x1000002c        0x1 ./example/src/sensor_test_main.o
 *fill*         0x1000002d        0x1 
 .bss.OW_sensorCount
                0x1000002e        0x2 ./example/src/sensor_test_main.o
                0x1000002e                OW_sensorCount
 .bss.nodeid    0x10000030        0x1 D:\Users\Arpel\git\LPCSensorNode\BOARDLib\arpel_groovy_sensor_board_lib\Debug\libarpel_groovy_sensor_board_lib.a(RF12.o)
 .bss.group     0x10000031        0x1 D:\Users\Arpel\git\LPCSensorNode\BOARDLib\arpel_groovy_sensor_board_lib\Debug\libarpel_groovy_sensor_board_lib.a(RF12.o)
 .bss.frequency
                0x10000032        0x2 D:\Users\Arpel\git\LPCSensorNode\BOARDLib\arpel_groovy_sensor_board_lib\Debug\libarpel_groovy_sensor_board_lib.a(RF12.o)
 .bss.rxfill    0x10000034        0x1 D:\Users\Arpel\git\LPCSensorNode\BOARDLib\arpel_groovy_sensor_board_lib\Debug\libarpel_groovy_sensor_board_lib.a(RF12.o)
 .bss.rxstate   0x10000035        0x1 D:\Users\Arpel\git\LPCSensorNode\BOARDLib\arpel_groovy_sensor_board_lib\Debug\libarpel_groovy_sensor_board_lib.a(RF12.o)
 *fill*         0x10000036        0x2 
 .bss.TxBuf     0x10000038       0x14 D:\Users\Arpel\git\LPCSensorNode\BOARDLib\arpel_groovy_sensor_board_lib\Debug\libarpel_groovy_sensor_board_lib.a(RF12.o)
 .bss.RxBuf     0x1000004c       0x14 D:\Users\Arpel\git\LPCSensorNode\BOARDLib\arpel_groovy_sensor_board_lib\Debug\libarpel_groovy_sensor_board_lib.a(RF12.o)
 .bss.ConfigStruct
                0x10000060        0x8 D:\Users\Arpel\git\LPCSensorNode\BOARDLib\arpel_groovy_sensor_board_lib\Debug\libarpel_groovy_sensor_board_lib.a(RF12.o)
 .bss.DelayConfigStruct
                0x10000068        0x4 D:\Users\Arpel\git\LPCSensorNode\BOARDLib\arpel_groovy_sensor_board_lib\Debug\libarpel_groovy_sensor_board_lib.a(RF12.o)
 .bss.XfSetup   0x1000006c       0x18 D:\Users\Arpel\git\LPCSensorNode\BOARDLib\arpel_groovy_sensor_board_lib\Debug\libarpel_groovy_sensor_board_lib.a(RF12.o)
 .bss.pinStatescount
                0x10000084        0x4 D:\Users\Arpel\git\LPCSensorNode\BOARDLib\arpel_groovy_sensor_board_lib\Debug\libarpel_groovy_sensor_board_lib.a(RF12.o)
                0x10000084                pinStatescount
 .bss.ow_state  0x10000088        0x1 D:\Users\Arpel\git\LPCSensorNode\BOARDLib\arpel_groovy_sensor_board_lib\Debug\libarpel_groovy_sensor_board_lib.a(onewire.o)
 .bss.presence  0x10000089        0x1 D:\Users\Arpel\git\LPCSensorNode\BOARDLib\arpel_groovy_sensor_board_lib\Debug\libarpel_groovy_sensor_board_lib.a(onewire.o)
 *fill*         0x1000008a        0x2 
 .bss.data_ptr  0x1000008c        0x4 D:\Users\Arpel\git\LPCSensorNode\BOARDLib\arpel_groovy_sensor_board_lib\Debug\libarpel_groovy_sensor_board_lib.a(onewire.o)
 .bss.data_len  0x10000090        0x2 D:\Users\Arpel\git\LPCSensorNode\BOARDLib\arpel_groovy_sensor_board_lib\Debug\libarpel_groovy_sensor_board_lib.a(onewire.o)
 .bss.data_index
                0x10000092        0x2 D:\Users\Arpel\git\LPCSensorNode\BOARDLib\arpel_groovy_sensor_board_lib\Debug\libarpel_groovy_sensor_board_lib.a(onewire.o)
 .bss.cur_byte  0x10000094        0x1 D:\Users\Arpel\git\LPCSensorNode\BOARDLib\arpel_groovy_sensor_board_lib\Debug\libarpel_groovy_sensor_board_lib.a(onewire.o)
 .bss.bit_pos   0x10000095        0x1 D:\Users\Arpel\git\LPCSensorNode\BOARDLib\arpel_groovy_sensor_board_lib\Debug\libarpel_groovy_sensor_board_lib.a(onewire.o)
 .bss.single_bit
                0x10000096        0x1 D:\Users\Arpel\git\LPCSensorNode\BOARDLib\arpel_groovy_sensor_board_lib\Debug\libarpel_groovy_sensor_board_lib.a(onewire.o)
 .bss.wait_conv_state
                0x10000097        0x1 D:\Users\Arpel\git\LPCSensorNode\BOARDLib\arpel_groovy_sensor_board_lib\Debug\libarpel_groovy_sensor_board_lib.a(onewire.o)
 .bss.bitbanger
                0x10000098        0x4 D:\Users\Arpel\git\LPCSensorNode\BOARDLib\arpel_groovy_sensor_board_lib\Debug\libarpel_groovy_sensor_board_lib.a(onewire.o)
                0x10000098                bitbanger
 .bss.read_buf  0x1000009c        0xc D:\Users\Arpel\git\LPCSensorNode\BOARDLib\arpel_groovy_sensor_board_lib\Debug\libarpel_groovy_sensor_board_lib.a(onewire.o)
 .bss.nLastDiscrepancy_u8
                0x100000a8        0x1 D:\Users\Arpel\git\LPCSensorNode\BOARDLib\arpel_groovy_sensor_board_lib\Debug\libarpel_groovy_sensor_board_lib.a(onewire.o)
 .bss.doneFlag  0x100000a9        0x1 D:\Users\Arpel\git\LPCSensorNode\BOARDLib\arpel_groovy_sensor_board_lib\Debug\libarpel_groovy_sensor_board_lib.a(onewire.o)
 *fill*         0x100000aa        0x2 
 .bss.wr_buf.6029
                0x100000ac        0xc D:\Users\Arpel\git\LPCSensorNode\BOARDLib\arpel_groovy_sensor_board_lib\Debug\libarpel_groovy_sensor_board_lib.a(onewire.o)
 .bss.errno     0x100000b8        0x4 d:/travail/wirelesshome/nxp/lpcxpresso_7.0.2_102/lpcxpresso/tools/bin/../lib/gcc/arm-none-eabi/4.8.3/../../../../arm-none-eabi/lib/armv6-m\libcr_c.a(errno.o)
                0x100000b8                errno
 *(COMMON)
 *fill*         0x100000bc        0x4 
 COMMON         0x100000c0       0x36 ./example/src/sensor_test_main.o
                0x100000c0                OW_sensorList
                0x100000e0                temperature
                0x100000e8                sensor_counter
                0x100000ea                t_val
                0x100000ec                staticpayload
 *fill*         0x100000f6        0x2 
 COMMON         0x100000f8       0xd4 D:\Users\Arpel\git\LPCSensorNode\BOARDLib\arpel_groovy_sensor_board_lib\Debug\libarpel_groovy_sensor_board_lib.a(RF12.o)
                0x100000f8                rf12_buf
                0x10000140                crypter
                0x10000144                rf12_crc
                0x10000148                pinStates
                0x100001c8                rf12_seq
 COMMON         0x100001cc        0x4 D:\Users\Arpel\Documents\LPCXpresso_6.1.4_194\workspace\lpc_chip_8xx_lib\Debug\liblpc_chip_8xx_lib.a(chip_8xx.o)
                0x100001cc                SystemCoreClock
 COMMON         0x100001d0        0x4 d:/travail/wirelesshome/nxp/lpcxpresso_7.0.2_102/lpcxpresso/tools/bin/../lib/gcc/arm-none-eabi/4.8.3/../../../../arm-none-eabi/lib/armv6-m\libcr_c.a(initio.o)
                0x100001d0                _extra
 COMMON         0x100001d4      0x140 d:/travail/wirelesshome/nxp/lpcxpresso_7.0.2_102/lpcxpresso/tools/bin/../lib/gcc/arm-none-eabi/4.8.3/../../../../arm-none-eabi/lib/armv6-m\libcr_c.a(stdio.o)
                0x100001d4                __Ciob
 COMMON         0x10000314        0x8 d:/travail/wirelesshome/nxp/lpcxpresso_7.0.2_102/lpcxpresso/tools/bin/../lib/gcc/arm-none-eabi/4.8.3/../../../../arm-none-eabi/lib/armv6-m\libcr_c.a(__init_alloc.o)
                0x10000314                __heaps
                0x10000318                __end_of_heap
                0x1000031c                . = ALIGN (0x4)
                0x1000031c                _ebss = .
                0x1000031c                PROVIDE (end, .)

.noinit         0x1000031c        0x0 load address 0x00003914
                0x1000031c                _noinit = .
 *(.noinit*)
                0x1000031c                . = ALIGN (0x4)
                0x1000031c                _end_noinit = .
                0x1000031c                PROVIDE (_pvHeapStart, .)
                0x10001000                PROVIDE (_vStackTop, (__top_RamLoc4 - 0x0))
OUTPUT(arpel_groovy_sensor_test.axf elf32-littlearm)

.debug_info     0x00000000     0x73db
 .debug_info    0x00000000      0x206 ./example/src/cr_startup_lpc8xx.o
 .debug_info    0x00000206       0x3f ./example/src/crp.o
 .debug_info    0x00000245      0xe4f ./example/src/sensor_test_main.o
 .debug_info    0x00001094       0xbc ./example/src/sysinit.o
 .debug_info    0x00001150     0x1480 D:\Users\Arpel\git\LPCSensorNode\BOARDLib\arpel_groovy_sensor_board_lib\Debug\libarpel_groovy_sensor_board_lib.a(RF12.o)
 .debug_info    0x000025d0      0x999 D:\Users\Arpel\git\LPCSensorNode\BOARDLib\arpel_groovy_sensor_board_lib\Debug\libarpel_groovy_sensor_board_lib.a(board.o)
 .debug_info    0x00002f69      0x8c2 D:\Users\Arpel\git\LPCSensorNode\BOARDLib\arpel_groovy_sensor_board_lib\Debug\libarpel_groovy_sensor_board_lib.a(board_sysinit.o)
 .debug_info    0x0000382b     0x10eb D:\Users\Arpel\git\LPCSensorNode\BOARDLib\arpel_groovy_sensor_board_lib\Debug\libarpel_groovy_sensor_board_lib.a(onewire.o)
 .debug_info    0x00004916      0x108 D:\Users\Arpel\git\LPCSensorNode\BOARDLib\arpel_groovy_sensor_board_lib\Debug\libarpel_groovy_sensor_board_lib.a(crc8.o)
 .debug_info    0x00004a1e       0xc6 D:\Users\Arpel\Documents\LPCXpresso_6.1.4_194\workspace\lpc_chip_8xx_lib\Debug\liblpc_chip_8xx_lib.a(chip_8xx.o)
 .debug_info    0x00004ae4      0x728 D:\Users\Arpel\Documents\LPCXpresso_6.1.4_194\workspace\lpc_chip_8xx_lib\Debug\liblpc_chip_8xx_lib.a(clock_8xx.o)
 .debug_info    0x0000520c      0x83e D:\Users\Arpel\Documents\LPCXpresso_6.1.4_194\workspace\lpc_chip_8xx_lib\Debug\liblpc_chip_8xx_lib.a(gpio_8xx.o)
 .debug_info    0x00005a4a      0x2d8 D:\Users\Arpel\Documents\LPCXpresso_6.1.4_194\workspace\lpc_chip_8xx_lib\Debug\liblpc_chip_8xx_lib.a(pmu_8xx.o)
 .debug_info    0x00005d22      0xd08 D:\Users\Arpel\Documents\LPCXpresso_6.1.4_194\workspace\lpc_chip_8xx_lib\Debug\liblpc_chip_8xx_lib.a(spi_8xx.o)
 .debug_info    0x00006a2a      0x34c D:\Users\Arpel\Documents\LPCXpresso_6.1.4_194\workspace\lpc_chip_8xx_lib\Debug\liblpc_chip_8xx_lib.a(swm_8xx.o)
 .debug_info    0x00006d76      0x48c D:\Users\Arpel\Documents\LPCXpresso_6.1.4_194\workspace\lpc_chip_8xx_lib\Debug\liblpc_chip_8xx_lib.a(syscon_8xx.o)
 .debug_info    0x00007202      0x1d9 D:\Users\Arpel\Documents\LPCXpresso_6.1.4_194\workspace\lpc_chip_8xx_lib\Debug\liblpc_chip_8xx_lib.a(wkt_8xx.o)

.debug_abbrev   0x00000000     0x18f8
 .debug_abbrev  0x00000000       0xf7 ./example/src/cr_startup_lpc8xx.o
 .debug_abbrev  0x000000f7       0x36 ./example/src/crp.o
 .debug_abbrev  0x0000012d      0x274 ./example/src/sensor_test_main.o
 .debug_abbrev  0x000003a1       0x6a ./example/src/sysinit.o
 .debug_abbrev  0x0000040b      0x3a0 D:\Users\Arpel\git\LPCSensorNode\BOARDLib\arpel_groovy_sensor_board_lib\Debug\libarpel_groovy_sensor_board_lib.a(RF12.o)
 .debug_abbrev  0x000007ab      0x25d D:\Users\Arpel\git\LPCSensorNode\BOARDLib\arpel_groovy_sensor_board_lib\Debug\libarpel_groovy_sensor_board_lib.a(board.o)
 .debug_abbrev  0x00000a08      0x153 D:\Users\Arpel\git\LPCSensorNode\BOARDLib\arpel_groovy_sensor_board_lib\Debug\libarpel_groovy_sensor_board_lib.a(board_sysinit.o)
 .debug_abbrev  0x00000b5b      0x367 D:\Users\Arpel\git\LPCSensorNode\BOARDLib\arpel_groovy_sensor_board_lib\Debug\libarpel_groovy_sensor_board_lib.a(onewire.o)
 .debug_abbrev  0x00000ec2       0x8c D:\Users\Arpel\git\LPCSensorNode\BOARDLib\arpel_groovy_sensor_board_lib\Debug\libarpel_groovy_sensor_board_lib.a(crc8.o)
 .debug_abbrev  0x00000f4e       0x7b D:\Users\Arpel\Documents\LPCXpresso_6.1.4_194\workspace\lpc_chip_8xx_lib\Debug\liblpc_chip_8xx_lib.a(chip_8xx.o)
 .debug_abbrev  0x00000fc9      0x186 D:\Users\Arpel\Documents\LPCXpresso_6.1.4_194\workspace\lpc_chip_8xx_lib\Debug\liblpc_chip_8xx_lib.a(clock_8xx.o)
 .debug_abbrev  0x0000114f      0x13f D:\Users\Arpel\Documents\LPCXpresso_6.1.4_194\workspace\lpc_chip_8xx_lib\Debug\liblpc_chip_8xx_lib.a(gpio_8xx.o)
 .debug_abbrev  0x0000128e      0x141 D:\Users\Arpel\Documents\LPCXpresso_6.1.4_194\workspace\lpc_chip_8xx_lib\Debug\liblpc_chip_8xx_lib.a(pmu_8xx.o)
 .debug_abbrev  0x000013cf      0x215 D:\Users\Arpel\Documents\LPCXpresso_6.1.4_194\workspace\lpc_chip_8xx_lib\Debug\liblpc_chip_8xx_lib.a(spi_8xx.o)
 .debug_abbrev  0x000015e4      0x127 D:\Users\Arpel\Documents\LPCXpresso_6.1.4_194\workspace\lpc_chip_8xx_lib\Debug\liblpc_chip_8xx_lib.a(swm_8xx.o)
 .debug_abbrev  0x0000170b       0xce D:\Users\Arpel\Documents\LPCXpresso_6.1.4_194\workspace\lpc_chip_8xx_lib\Debug\liblpc_chip_8xx_lib.a(syscon_8xx.o)
 .debug_abbrev  0x000017d9      0x11f D:\Users\Arpel\Documents\LPCXpresso_6.1.4_194\workspace\lpc_chip_8xx_lib\Debug\liblpc_chip_8xx_lib.a(wkt_8xx.o)

.debug_aranges  0x00000000      0x7c0
 .debug_aranges
                0x00000000       0x60 ./example/src/cr_startup_lpc8xx.o
 .debug_aranges
                0x00000060       0x18 ./example/src/crp.o
 .debug_aranges
                0x00000078       0xc0 ./example/src/sensor_test_main.o
 .debug_aranges
                0x00000138       0x20 ./example/src/sysinit.o
 .debug_aranges
                0x00000158      0x128 D:\Users\Arpel\git\LPCSensorNode\BOARDLib\arpel_groovy_sensor_board_lib\Debug\libarpel_groovy_sensor_board_lib.a(RF12.o)
 .debug_aranges
                0x00000280       0xb8 D:\Users\Arpel\git\LPCSensorNode\BOARDLib\arpel_groovy_sensor_board_lib\Debug\libarpel_groovy_sensor_board_lib.a(board.o)
 .debug_aranges
                0x00000338       0x60 D:\Users\Arpel\git\LPCSensorNode\BOARDLib\arpel_groovy_sensor_board_lib\Debug\libarpel_groovy_sensor_board_lib.a(board_sysinit.o)
 .debug_aranges
                0x00000398      0x110 D:\Users\Arpel\git\LPCSensorNode\BOARDLib\arpel_groovy_sensor_board_lib\Debug\libarpel_groovy_sensor_board_lib.a(onewire.o)
 .debug_aranges
                0x000004a8       0x20 D:\Users\Arpel\git\LPCSensorNode\BOARDLib\arpel_groovy_sensor_board_lib\Debug\libarpel_groovy_sensor_board_lib.a(crc8.o)
 .debug_aranges
                0x000004c8       0x20 D:\Users\Arpel\Documents\LPCXpresso_6.1.4_194\workspace\lpc_chip_8xx_lib\Debug\liblpc_chip_8xx_lib.a(chip_8xx.o)
 .debug_aranges
                0x000004e8       0x88 D:\Users\Arpel\Documents\LPCXpresso_6.1.4_194\workspace\lpc_chip_8xx_lib\Debug\liblpc_chip_8xx_lib.a(clock_8xx.o)
 .debug_aranges
                0x00000570       0x78 D:\Users\Arpel\Documents\LPCXpresso_6.1.4_194\workspace\lpc_chip_8xx_lib\Debug\liblpc_chip_8xx_lib.a(gpio_8xx.o)
 .debug_aranges
                0x000005e8       0x40 D:\Users\Arpel\Documents\LPCXpresso_6.1.4_194\workspace\lpc_chip_8xx_lib\Debug\liblpc_chip_8xx_lib.a(pmu_8xx.o)
 .debug_aranges
                0x00000628       0xf0 D:\Users\Arpel\Documents\LPCXpresso_6.1.4_194\workspace\lpc_chip_8xx_lib\Debug\liblpc_chip_8xx_lib.a(spi_8xx.o)
 .debug_aranges
                0x00000718       0x38 D:\Users\Arpel\Documents\LPCXpresso_6.1.4_194\workspace\lpc_chip_8xx_lib\Debug\liblpc_chip_8xx_lib.a(swm_8xx.o)
 .debug_aranges
                0x00000750       0x38 D:\Users\Arpel\Documents\LPCXpresso_6.1.4_194\workspace\lpc_chip_8xx_lib\Debug\liblpc_chip_8xx_lib.a(syscon_8xx.o)
 .debug_aranges
                0x00000788       0x38 D:\Users\Arpel\Documents\LPCXpresso_6.1.4_194\workspace\lpc_chip_8xx_lib\Debug\liblpc_chip_8xx_lib.a(wkt_8xx.o)

.debug_ranges   0x00000000      0x6a8
 .debug_ranges  0x00000000       0x50 ./example/src/cr_startup_lpc8xx.o
 .debug_ranges  0x00000050       0xb0 ./example/src/sensor_test_main.o
 .debug_ranges  0x00000100       0x10 ./example/src/sysinit.o
 .debug_ranges  0x00000110      0x118 D:\Users\Arpel\git\LPCSensorNode\BOARDLib\arpel_groovy_sensor_board_lib\Debug\libarpel_groovy_sensor_board_lib.a(RF12.o)
 .debug_ranges  0x00000228       0xa8 D:\Users\Arpel\git\LPCSensorNode\BOARDLib\arpel_groovy_sensor_board_lib\Debug\libarpel_groovy_sensor_board_lib.a(board.o)
 .debug_ranges  0x000002d0       0x50 D:\Users\Arpel\git\LPCSensorNode\BOARDLib\arpel_groovy_sensor_board_lib\Debug\libarpel_groovy_sensor_board_lib.a(board_sysinit.o)
 .debug_ranges  0x00000320      0x100 D:\Users\Arpel\git\LPCSensorNode\BOARDLib\arpel_groovy_sensor_board_lib\Debug\libarpel_groovy_sensor_board_lib.a(onewire.o)
 .debug_ranges  0x00000420       0x10 D:\Users\Arpel\git\LPCSensorNode\BOARDLib\arpel_groovy_sensor_board_lib\Debug\libarpel_groovy_sensor_board_lib.a(crc8.o)
 .debug_ranges  0x00000430       0x10 D:\Users\Arpel\Documents\LPCXpresso_6.1.4_194\workspace\lpc_chip_8xx_lib\Debug\liblpc_chip_8xx_lib.a(chip_8xx.o)
 .debug_ranges  0x00000440       0x78 D:\Users\Arpel\Documents\LPCXpresso_6.1.4_194\workspace\lpc_chip_8xx_lib\Debug\liblpc_chip_8xx_lib.a(clock_8xx.o)
 .debug_ranges  0x000004b8       0x68 D:\Users\Arpel\Documents\LPCXpresso_6.1.4_194\workspace\lpc_chip_8xx_lib\Debug\liblpc_chip_8xx_lib.a(gpio_8xx.o)
 .debug_ranges  0x00000520       0x30 D:\Users\Arpel\Documents\LPCXpresso_6.1.4_194\workspace\lpc_chip_8xx_lib\Debug\liblpc_chip_8xx_lib.a(pmu_8xx.o)
 .debug_ranges  0x00000550       0xe0 D:\Users\Arpel\Documents\LPCXpresso_6.1.4_194\workspace\lpc_chip_8xx_lib\Debug\liblpc_chip_8xx_lib.a(spi_8xx.o)
 .debug_ranges  0x00000630       0x28 D:\Users\Arpel\Documents\LPCXpresso_6.1.4_194\workspace\lpc_chip_8xx_lib\Debug\liblpc_chip_8xx_lib.a(swm_8xx.o)
 .debug_ranges  0x00000658       0x28 D:\Users\Arpel\Documents\LPCXpresso_6.1.4_194\workspace\lpc_chip_8xx_lib\Debug\liblpc_chip_8xx_lib.a(syscon_8xx.o)
 .debug_ranges  0x00000680       0x28 D:\Users\Arpel\Documents\LPCXpresso_6.1.4_194\workspace\lpc_chip_8xx_lib\Debug\liblpc_chip_8xx_lib.a(wkt_8xx.o)

.debug_macro    0x00000000     0x4105
 .debug_macro   0x00000000       0x1d ./example/src/cr_startup_lpc8xx.o
 .debug_macro   0x0000001d      0x82c ./example/src/cr_startup_lpc8xx.o
 .debug_macro   0x00000849       0x1a ./example/src/crp.o
 .debug_macro   0x00000863       0x34 ./example/src/crp.o
 .debug_macro   0x00000897      0x258 ./example/src/sensor_test_main.o
 .debug_macro   0x00000aef       0x10 ./example/src/sensor_test_main.o
 .debug_macro   0x00000aff      0x122 ./example/src/sensor_test_main.o
 .debug_macro   0x00000c21      0x5b9 ./example/src/sensor_test_main.o
 .debug_macro   0x000011da       0x22 ./example/src/sensor_test_main.o
 .debug_macro   0x000011fc       0x7b ./example/src/sensor_test_main.o
 .debug_macro   0x00001277       0x10 ./example/src/sensor_test_main.o
 .debug_macro   0x00001287       0x22 ./example/src/sensor_test_main.o
 .debug_macro   0x000012a9       0x3a ./example/src/sensor_test_main.o
 .debug_macro   0x000012e3      0x241 ./example/src/sensor_test_main.o
 .debug_macro   0x00001524      0x100 ./example/src/sensor_test_main.o
 .debug_macro   0x00001624       0x6a ./example/src/sensor_test_main.o
 .debug_macro   0x0000168e       0x70 ./example/src/sensor_test_main.o
 .debug_macro   0x000016fe       0x1c ./example/src/sensor_test_main.o
 .debug_macro   0x0000171a       0xa0 ./example/src/sensor_test_main.o
 .debug_macro   0x000017ba       0x10 ./example/src/sensor_test_main.o
 .debug_macro   0x000017ca       0x64 ./example/src/sensor_test_main.o
 .debug_macro   0x0000182e       0x64 ./example/src/sensor_test_main.o
 .debug_macro   0x00001892       0x4c ./example/src/sensor_test_main.o
 .debug_macro   0x000018de       0x4c ./example/src/sensor_test_main.o
 .debug_macro   0x0000192a       0x6a ./example/src/sensor_test_main.o
 .debug_macro   0x00001994       0x76 ./example/src/sensor_test_main.o
 .debug_macro   0x00001a0a       0x16 ./example/src/sensor_test_main.o
 .debug_macro   0x00001a20      0x106 ./example/src/sensor_test_main.o
 .debug_macro   0x00001b26       0x1c ./example/src/sensor_test_main.o
 .debug_macro   0x00001b42       0x2e ./example/src/sensor_test_main.o
 .debug_macro   0x00001b70       0xd2 ./example/src/sensor_test_main.o
 .debug_macro   0x00001c42      0x201 ./example/src/sensor_test_main.o
 .debug_macro   0x00001e43       0x10 ./example/src/sensor_test_main.o
 .debug_macro   0x00001e53       0x9a ./example/src/sensor_test_main.o
 .debug_macro   0x00001eed       0x20 ./example/src/sensor_test_main.o
 .debug_macro   0x00001f0d       0x11 ./example/src/sensor_test_main.o
 .debug_macro   0x00001f1e       0x8e ./example/src/sensor_test_main.o
 .debug_macro   0x00001fac       0x76 ./example/src/sensor_test_main.o
 .debug_macro   0x00002022       0x10 ./example/src/sensor_test_main.o
 .debug_macro   0x00002032       0x22 ./example/src/sensor_test_main.o
 .debug_macro   0x00002054       0x10 ./example/src/sensor_test_main.o
 .debug_macro   0x00002064       0x10 ./example/src/sensor_test_main.o
 .debug_macro   0x00002074      0x1c0 ./example/src/sysinit.o
 .debug_macro   0x00002234      0x27c D:\Users\Arpel\git\LPCSensorNode\BOARDLib\arpel_groovy_sensor_board_lib\Debug\libarpel_groovy_sensor_board_lib.a(RF12.o)
 .debug_macro   0x000024b0      0x81a D:\Users\Arpel\git\LPCSensorNode\BOARDLib\arpel_groovy_sensor_board_lib\Debug\libarpel_groovy_sensor_board_lib.a(RF12.o)
 .debug_macro   0x00002cca       0x88 D:\Users\Arpel\git\LPCSensorNode\BOARDLib\arpel_groovy_sensor_board_lib\Debug\libarpel_groovy_sensor_board_lib.a(RF12.o)
 .debug_macro   0x00002d52       0x74 D:\Users\Arpel\git\LPCSensorNode\BOARDLib\arpel_groovy_sensor_board_lib\Debug\libarpel_groovy_sensor_board_lib.a(RF12.o)
 .debug_macro   0x00002dc6      0x1db D:\Users\Arpel\git\LPCSensorNode\BOARDLib\arpel_groovy_sensor_board_lib\Debug\libarpel_groovy_sensor_board_lib.a(board.o)
 .debug_macro   0x00002fa1       0x12 D:\Users\Arpel\git\LPCSensorNode\BOARDLib\arpel_groovy_sensor_board_lib\Debug\libarpel_groovy_sensor_board_lib.a(board.o)
 .debug_macro   0x00002fb3      0x1c0 D:\Users\Arpel\git\LPCSensorNode\BOARDLib\arpel_groovy_sensor_board_lib\Debug\libarpel_groovy_sensor_board_lib.a(board_sysinit.o)
 .debug_macro   0x00003173      0x2c4 D:\Users\Arpel\git\LPCSensorNode\BOARDLib\arpel_groovy_sensor_board_lib\Debug\libarpel_groovy_sensor_board_lib.a(onewire.o)
 .debug_macro   0x00003437       0x52 D:\Users\Arpel\git\LPCSensorNode\BOARDLib\arpel_groovy_sensor_board_lib\Debug\libarpel_groovy_sensor_board_lib.a(crc8.o)
 .debug_macro   0x00003489      0x18b D:\Users\Arpel\Documents\LPCXpresso_6.1.4_194\workspace\lpc_chip_8xx_lib\Debug\liblpc_chip_8xx_lib.a(chip_8xx.o)
 .debug_macro   0x00003614      0x18b D:\Users\Arpel\Documents\LPCXpresso_6.1.4_194\workspace\lpc_chip_8xx_lib\Debug\liblpc_chip_8xx_lib.a(clock_8xx.o)
 .debug_macro   0x0000379f      0x18b D:\Users\Arpel\Documents\LPCXpresso_6.1.4_194\workspace\lpc_chip_8xx_lib\Debug\liblpc_chip_8xx_lib.a(gpio_8xx.o)
 .debug_macro   0x0000392a      0x18b D:\Users\Arpel\Documents\LPCXpresso_6.1.4_194\workspace\lpc_chip_8xx_lib\Debug\liblpc_chip_8xx_lib.a(pmu_8xx.o)
 .debug_macro   0x00003ab5      0x18b D:\Users\Arpel\Documents\LPCXpresso_6.1.4_194\workspace\lpc_chip_8xx_lib\Debug\liblpc_chip_8xx_lib.a(spi_8xx.o)
 .debug_macro   0x00003c40      0x197 D:\Users\Arpel\Documents\LPCXpresso_6.1.4_194\workspace\lpc_chip_8xx_lib\Debug\liblpc_chip_8xx_lib.a(swm_8xx.o)
 .debug_macro   0x00003dd7      0x1a3 D:\Users\Arpel\Documents\LPCXpresso_6.1.4_194\workspace\lpc_chip_8xx_lib\Debug\liblpc_chip_8xx_lib.a(syscon_8xx.o)
 .debug_macro   0x00003f7a      0x18b D:\Users\Arpel\Documents\LPCXpresso_6.1.4_194\workspace\lpc_chip_8xx_lib\Debug\liblpc_chip_8xx_lib.a(wkt_8xx.o)

.debug_line     0x00000000     0x46ca
 .debug_line    0x00000000       0xc7 ./example/src/cr_startup_lpc8xx.o
 .debug_line    0x000000c7       0x95 ./example/src/crp.o
 .debug_line    0x0000015c      0x669 ./example/src/sensor_test_main.o
 .debug_line    0x000007c5      0x3b5 ./example/src/sysinit.o
 .debug_line    0x00000b7a      0x84d D:\Users\Arpel\git\LPCSensorNode\BOARDLib\arpel_groovy_sensor_board_lib\Debug\libarpel_groovy_sensor_board_lib.a(RF12.o)
 .debug_line    0x000013c7      0x557 D:\Users\Arpel\git\LPCSensorNode\BOARDLib\arpel_groovy_sensor_board_lib\Debug\libarpel_groovy_sensor_board_lib.a(board.o)
 .debug_line    0x0000191e      0x46c D:\Users\Arpel\git\LPCSensorNode\BOARDLib\arpel_groovy_sensor_board_lib\Debug\libarpel_groovy_sensor_board_lib.a(board_sysinit.o)
 .debug_line    0x00001d8a      0x7a3 D:\Users\Arpel\git\LPCSensorNode\BOARDLib\arpel_groovy_sensor_board_lib\Debug\libarpel_groovy_sensor_board_lib.a(onewire.o)
 .debug_line    0x0000252d      0x196 D:\Users\Arpel\git\LPCSensorNode\BOARDLib\arpel_groovy_sensor_board_lib\Debug\libarpel_groovy_sensor_board_lib.a(crc8.o)
 .debug_line    0x000026c3      0x33d D:\Users\Arpel\Documents\LPCXpresso_6.1.4_194\workspace\lpc_chip_8xx_lib\Debug\liblpc_chip_8xx_lib.a(chip_8xx.o)
 .debug_line    0x00002a00      0x461 D:\Users\Arpel\Documents\LPCXpresso_6.1.4_194\workspace\lpc_chip_8xx_lib\Debug\liblpc_chip_8xx_lib.a(clock_8xx.o)
 .debug_line    0x00002e61      0x425 D:\Users\Arpel\Documents\LPCXpresso_6.1.4_194\workspace\lpc_chip_8xx_lib\Debug\liblpc_chip_8xx_lib.a(gpio_8xx.o)
 .debug_line    0x00003286      0x3b8 D:\Users\Arpel\Documents\LPCXpresso_6.1.4_194\workspace\lpc_chip_8xx_lib\Debug\liblpc_chip_8xx_lib.a(pmu_8xx.o)
 .debug_line    0x0000363e      0x61d D:\Users\Arpel\Documents\LPCXpresso_6.1.4_194\workspace\lpc_chip_8xx_lib\Debug\liblpc_chip_8xx_lib.a(spi_8xx.o)
 .debug_line    0x00003c5b      0x37a D:\Users\Arpel\Documents\LPCXpresso_6.1.4_194\workspace\lpc_chip_8xx_lib\Debug\liblpc_chip_8xx_lib.a(swm_8xx.o)
 .debug_line    0x00003fd5      0x379 D:\Users\Arpel\Documents\LPCXpresso_6.1.4_194\workspace\lpc_chip_8xx_lib\Debug\liblpc_chip_8xx_lib.a(syscon_8xx.o)
 .debug_line    0x0000434e      0x37c D:\Users\Arpel\Documents\LPCXpresso_6.1.4_194\workspace\lpc_chip_8xx_lib\Debug\liblpc_chip_8xx_lib.a(wkt_8xx.o)

.debug_str      0x00000000     0xb5d9
 .debug_str     0x00000000     0x2488 ./example/src/cr_startup_lpc8xx.o
                               0x24a6 (size before relaxing)
 .debug_str     0x00002488       0xf1 ./example/src/crp.o
                               0x23fc (size before relaxing)
 .debug_str     0x00002579     0x6b17 ./example/src/sensor_test_main.o
                               0x8ef6 (size before relaxing)
 .debug_str     0x00009090       0x19 ./example/src/sysinit.o
                               0x7bca (size before relaxing)
 .debug_str     0x000090a9      0x8e1 D:\Users\Arpel\git\LPCSensorNode\BOARDLib\arpel_groovy_sensor_board_lib\Debug\libarpel_groovy_sensor_board_lib.a(RF12.o)
                               0x8b14 (size before relaxing)
 .debug_str     0x0000998a      0x24d D:\Users\Arpel\git\LPCSensorNode\BOARDLib\arpel_groovy_sensor_board_lib\Debug\libarpel_groovy_sensor_board_lib.a(board.o)
                               0x8221 (size before relaxing)
 .debug_str     0x00009bd7      0x599 D:\Users\Arpel\git\LPCSensorNode\BOARDLib\arpel_groovy_sensor_board_lib\Debug\libarpel_groovy_sensor_board_lib.a(board_sysinit.o)
                               0x8514 (size before relaxing)
 .debug_str     0x0000a170      0xa1d D:\Users\Arpel\git\LPCSensorNode\BOARDLib\arpel_groovy_sensor_board_lib\Debug\libarpel_groovy_sensor_board_lib.a(onewire.o)
                               0x8ab3 (size before relaxing)
 .debug_str     0x0000ab8d       0x73 D:\Users\Arpel\git\LPCSensorNode\BOARDLib\arpel_groovy_sensor_board_lib\Debug\libarpel_groovy_sensor_board_lib.a(crc8.o)
                               0x3a8e (size before relaxing)
 .debug_str     0x0000ac00       0x87 D:\Users\Arpel\Documents\LPCXpresso_6.1.4_194\workspace\lpc_chip_8xx_lib\Debug\liblpc_chip_8xx_lib.a(chip_8xx.o)
                               0x78ec (size before relaxing)
 .debug_str     0x0000ac87      0x340 D:\Users\Arpel\Documents\LPCXpresso_6.1.4_194\workspace\lpc_chip_8xx_lib\Debug\liblpc_chip_8xx_lib.a(clock_8xx.o)
                               0x7f71 (size before relaxing)
 .debug_str     0x0000afc7       0xde D:\Users\Arpel\Documents\LPCXpresso_6.1.4_194\workspace\lpc_chip_8xx_lib\Debug\liblpc_chip_8xx_lib.a(gpio_8xx.o)
                               0x7dd1 (size before relaxing)
 .debug_str     0x0000b0a5       0x8a D:\Users\Arpel\Documents\LPCXpresso_6.1.4_194\workspace\lpc_chip_8xx_lib\Debug\liblpc_chip_8xx_lib.a(pmu_8xx.o)
                               0x7a09 (size before relaxing)
 .debug_str     0x0000b12f      0x240 D:\Users\Arpel\Documents\LPCXpresso_6.1.4_194\workspace\lpc_chip_8xx_lib\Debug\liblpc_chip_8xx_lib.a(spi_8xx.o)
                               0x826e (size before relaxing)
 .debug_str     0x0000b36f       0xe9 D:\Users\Arpel\Documents\LPCXpresso_6.1.4_194\workspace\lpc_chip_8xx_lib\Debug\liblpc_chip_8xx_lib.a(swm_8xx.o)
                               0x7ccc (size before relaxing)
 .debug_str     0x0000b458      0x114 D:\Users\Arpel\Documents\LPCXpresso_6.1.4_194\workspace\lpc_chip_8xx_lib\Debug\liblpc_chip_8xx_lib.a(syscon_8xx.o)
                               0x7bd4 (size before relaxing)
 .debug_str     0x0000b56c       0x6d D:\Users\Arpel\Documents\LPCXpresso_6.1.4_194\workspace\lpc_chip_8xx_lib\Debug\liblpc_chip_8xx_lib.a(wkt_8xx.o)
                               0x797b (size before relaxing)

.comment        0x00000000       0x70
 .comment       0x00000000       0x70 ./example/src/cr_startup_lpc8xx.o
                                 0x71 (size before relaxing)
 .comment       0x00000000       0x71 ./example/src/crp.o
 .comment       0x00000000       0x71 ./example/src/sensor_test_main.o
 .comment       0x00000000       0x71 ./example/src/sysinit.o
 .comment       0x00000000       0x71 D:\Users\Arpel\git\LPCSensorNode\BOARDLib\arpel_groovy_sensor_board_lib\Debug\libarpel_groovy_sensor_board_lib.a(RF12.o)
 .comment       0x00000000       0x71 D:\Users\Arpel\git\LPCSensorNode\BOARDLib\arpel_groovy_sensor_board_lib\Debug\libarpel_groovy_sensor_board_lib.a(board.o)
 .comment       0x00000000       0x71 D:\Users\Arpel\git\LPCSensorNode\BOARDLib\arpel_groovy_sensor_board_lib\Debug\libarpel_groovy_sensor_board_lib.a(board_sysinit.o)
 .comment       0x00000000       0x71 D:\Users\Arpel\git\LPCSensorNode\BOARDLib\arpel_groovy_sensor_board_lib\Debug\libarpel_groovy_sensor_board_lib.a(onewire.o)
 .comment       0x00000000       0x71 D:\Users\Arpel\git\LPCSensorNode\BOARDLib\arpel_groovy_sensor_board_lib\Debug\libarpel_groovy_sensor_board_lib.a(crc8.o)
 .comment       0x00000000       0x71 D:\Users\Arpel\Documents\LPCXpresso_6.1.4_194\workspace\lpc_chip_8xx_lib\Debug\liblpc_chip_8xx_lib.a(chip_8xx.o)
 .comment       0x00000000       0x71 D:\Users\Arpel\Documents\LPCXpresso_6.1.4_194\workspace\lpc_chip_8xx_lib\Debug\liblpc_chip_8xx_lib.a(clock_8xx.o)
 .comment       0x00000000       0x71 D:\Users\Arpel\Documents\LPCXpresso_6.1.4_194\workspace\lpc_chip_8xx_lib\Debug\liblpc_chip_8xx_lib.a(gpio_8xx.o)
 .comment       0x00000000       0x71 D:\Users\Arpel\Documents\LPCXpresso_6.1.4_194\workspace\lpc_chip_8xx_lib\Debug\liblpc_chip_8xx_lib.a(pmu_8xx.o)
 .comment       0x00000000       0x71 D:\Users\Arpel\Documents\LPCXpresso_6.1.4_194\workspace\lpc_chip_8xx_lib\Debug\liblpc_chip_8xx_lib.a(spi_8xx.o)
 .comment       0x00000000       0x71 D:\Users\Arpel\Documents\LPCXpresso_6.1.4_194\workspace\lpc_chip_8xx_lib\Debug\liblpc_chip_8xx_lib.a(swm_8xx.o)
 .comment       0x00000000       0x71 D:\Users\Arpel\Documents\LPCXpresso_6.1.4_194\workspace\lpc_chip_8xx_lib\Debug\liblpc_chip_8xx_lib.a(syscon_8xx.o)
 .comment       0x00000000       0x71 D:\Users\Arpel\Documents\LPCXpresso_6.1.4_194\workspace\lpc_chip_8xx_lib\Debug\liblpc_chip_8xx_lib.a(wkt_8xx.o)
 .comment       0x00000000       0x71 d:/travail/wirelesshome/nxp/lpcxpresso_7.0.2_102/lpcxpresso/tools/bin/../lib/gcc/arm-none-eabi/4.8.3/../../../../arm-none-eabi/lib/armv6-m\libcr_nohost.a(_cr__main.o)
 .comment       0x00000000       0x71 d:/travail/wirelesshome/nxp/lpcxpresso_7.0.2_102/lpcxpresso/tools/bin/../lib/gcc/arm-none-eabi/4.8.3/../../../../arm-none-eabi/lib/armv6-m\libcr_c.a(memcpy.o)
 .comment       0x00000000       0x71 d:/travail/wirelesshome/nxp/lpcxpresso_7.0.2_102/lpcxpresso/tools/bin/../lib/gcc/arm-none-eabi/4.8.3/../../../../arm-none-eabi/lib/armv6-m\libcr_c.a(initio.o)
 .comment       0x00000000       0x71 d:/travail/wirelesshome/nxp/lpcxpresso_7.0.2_102/lpcxpresso/tools/bin/../lib/gcc/arm-none-eabi/4.8.3/../../../../arm-none-eabi/lib/armv6-m\libcr_c.a(setvbuf.o)
 .comment       0x00000000       0x71 d:/travail/wirelesshome/nxp/lpcxpresso_7.0.2_102/lpcxpresso/tools/bin/../lib/gcc/arm-none-eabi/4.8.3/../../../../arm-none-eabi/lib/armv6-m\libcr_c.a(stdio.o)
 .comment       0x00000000       0x71 d:/travail/wirelesshome/nxp/lpcxpresso_7.0.2_102/lpcxpresso/tools/bin/../lib/gcc/arm-none-eabi/4.8.3/../../../../arm-none-eabi/lib/armv6-m\libcr_c.a(memset.o)
 .comment       0x00000000       0x71 d:/travail/wirelesshome/nxp/lpcxpresso_7.0.2_102/lpcxpresso/tools/bin/../lib/gcc/arm-none-eabi/4.8.3/../../../../arm-none-eabi/lib/armv6-m\libcr_c.a(_deferredlazyseek.o)
 .comment       0x00000000       0x71 d:/travail/wirelesshome/nxp/lpcxpresso_7.0.2_102/lpcxpresso/tools/bin/../lib/gcc/arm-none-eabi/4.8.3/../../../../arm-none-eabi/lib/armv6-m\libcr_c.a(_fdopen.o)
 .comment       0x00000000       0x71 d:/travail/wirelesshome/nxp/lpcxpresso_7.0.2_102/lpcxpresso/tools/bin/../lib/gcc/arm-none-eabi/4.8.3/../../../../arm-none-eabi/lib/armv6-m\libcr_c.a(_fflush.o)
 .comment       0x00000000       0x71 d:/travail/wirelesshome/nxp/lpcxpresso_7.0.2_102/lpcxpresso/tools/bin/../lib/gcc/arm-none-eabi/4.8.3/../../../../arm-none-eabi/lib/armv6-m\libcr_c.a(_writebuf.o)
 .comment       0x00000000       0x71 d:/travail/wirelesshome/nxp/lpcxpresso_7.0.2_102/lpcxpresso/tools/bin/../lib/gcc/arm-none-eabi/4.8.3/../../../../arm-none-eabi/lib/armv6-m\libcr_c.a(alloc.o)
 .comment       0x00000000       0x71 d:/travail/wirelesshome/nxp/lpcxpresso_7.0.2_102/lpcxpresso/tools/bin/../lib/gcc/arm-none-eabi/4.8.3/../../../../arm-none-eabi/lib/armv6-m\libcr_c.a(fclose.o)
 .comment       0x00000000       0x71 d:/travail/wirelesshome/nxp/lpcxpresso_7.0.2_102/lpcxpresso/tools/bin/../lib/gcc/arm-none-eabi/4.8.3/../../../../arm-none-eabi/lib/armv6-m\libcr_c.a(fflush.o)
 .comment       0x00000000       0x71 d:/travail/wirelesshome/nxp/lpcxpresso_7.0.2_102/lpcxpresso/tools/bin/../lib/gcc/arm-none-eabi/4.8.3/../../../../arm-none-eabi/lib/armv6-m\libcr_c.a(fseek.o)
 .comment       0x00000000       0x71 d:/travail/wirelesshome/nxp/lpcxpresso_7.0.2_102/lpcxpresso/tools/bin/../lib/gcc/arm-none-eabi/4.8.3/../../../../arm-none-eabi/lib/armv6-m\libcr_c.a(ftell.o)
 .comment       0x00000000       0x71 d:/travail/wirelesshome/nxp/lpcxpresso_7.0.2_102/lpcxpresso/tools/bin/../lib/gcc/arm-none-eabi/4.8.3/../../../../arm-none-eabi/lib/armv6-m\libcr_c.a(remove.o)
 .comment       0x00000000       0x71 d:/travail/wirelesshome/nxp/lpcxpresso_7.0.2_102/lpcxpresso/tools/bin/../lib/gcc/arm-none-eabi/4.8.3/../../../../arm-none-eabi/lib/armv6-m\libcr_c.a(strlen.o)
 .comment       0x00000000       0x71 d:/travail/wirelesshome/nxp/lpcxpresso_7.0.2_102/lpcxpresso/tools/bin/../lib/gcc/arm-none-eabi/4.8.3/../../../../arm-none-eabi/lib/armv6-m\libcr_c.a(__init_alloc.o)
 .comment       0x00000000       0x71 d:/travail/wirelesshome/nxp/lpcxpresso_7.0.2_102/lpcxpresso/tools/bin/../lib/gcc/arm-none-eabi/4.8.3/../../../../arm-none-eabi/lib/armv6-m\libcr_c.a(_cr_sbrk.o)
 .comment       0x00000000       0x71 d:/travail/wirelesshome/nxp/lpcxpresso_7.0.2_102/lpcxpresso/tools/bin/../lib/gcc/arm-none-eabi/4.8.3/../../../../arm-none-eabi/lib/armv6-m\libcr_c.a(_do_fflush.o)
 .comment       0x00000000       0x71 d:/travail/wirelesshome/nxp/lpcxpresso_7.0.2_102/lpcxpresso/tools/bin/../lib/gcc/arm-none-eabi/4.8.3/../../../../arm-none-eabi/lib/armv6-m\libcr_c.a(errno.o)
 .comment       0x00000000       0x71 d:/travail/wirelesshome/nxp/lpcxpresso_7.0.2_102/lpcxpresso/tools/bin/../lib/gcc/arm-none-eabi/4.8.3/../../../../arm-none-eabi/lib/armv6-m\libcr_c.a(_cr_check_heap.o)
 .comment       0x00000000       0x71 d:/travail/wirelesshome/nxp/lpcxpresso_7.0.2_102/lpcxpresso/tools/bin/../lib/gcc/arm-none-eabi/4.8.3/../../../../arm-none-eabi/lib/armv6-m\libcr_nohost.a(__sys_appexit.o)
 .comment       0x00000000       0x71 d:/travail/wirelesshome/nxp/lpcxpresso_7.0.2_102/lpcxpresso/tools/bin/../lib/gcc/arm-none-eabi/4.8.3/../../../../arm-none-eabi/lib/armv6-m\libcr_nohost.a(__sys_close.o)
 .comment       0x00000000       0x71 d:/travail/wirelesshome/nxp/lpcxpresso_7.0.2_102/lpcxpresso/tools/bin/../lib/gcc/arm-none-eabi/4.8.3/../../../../arm-none-eabi/lib/armv6-m\libcr_nohost.a(__sys_flen.o)
 .comment       0x00000000       0x71 d:/travail/wirelesshome/nxp/lpcxpresso_7.0.2_102/lpcxpresso/tools/bin/../lib/gcc/arm-none-eabi/4.8.3/../../../../arm-none-eabi/lib/armv6-m\libcr_nohost.a(__sys_istty.o)
 .comment       0x00000000       0x71 d:/travail/wirelesshome/nxp/lpcxpresso_7.0.2_102/lpcxpresso/tools/bin/../lib/gcc/arm-none-eabi/4.8.3/../../../../arm-none-eabi/lib/armv6-m\libcr_nohost.a(__sys_remove.o)
 .comment       0x00000000       0x71 d:/travail/wirelesshome/nxp/lpcxpresso_7.0.2_102/lpcxpresso/tools/bin/../lib/gcc/arm-none-eabi/4.8.3/../../../../arm-none-eabi/lib/armv6-m\libcr_nohost.a(__sys_seek.o)
 .comment       0x00000000       0x71 d:/travail/wirelesshome/nxp/lpcxpresso_7.0.2_102/lpcxpresso/tools/bin/../lib/gcc/arm-none-eabi/4.8.3/../../../../arm-none-eabi/lib/armv6-m\libcr_nohost.a(__sys_tmpnam.o)

.ARM.attributes
                0x00000000       0x2f
 .ARM.attributes
                0x00000000       0x31 ./example/src/cr_startup_lpc8xx.o
 .ARM.attributes
                0x00000031       0x31 ./example/src/crp.o
 .ARM.attributes
                0x00000062       0x31 ./example/src/sensor_test_main.o
 .ARM.attributes
                0x00000093       0x31 ./example/src/sysinit.o
 .ARM.attributes
                0x000000c4       0x31 D:\Users\Arpel\git\LPCSensorNode\BOARDLib\arpel_groovy_sensor_board_lib\Debug\libarpel_groovy_sensor_board_lib.a(RF12.o)
 .ARM.attributes
                0x000000f5       0x31 D:\Users\Arpel\git\LPCSensorNode\BOARDLib\arpel_groovy_sensor_board_lib\Debug\libarpel_groovy_sensor_board_lib.a(board.o)
 .ARM.attributes
                0x00000126       0x31 D:\Users\Arpel\git\LPCSensorNode\BOARDLib\arpel_groovy_sensor_board_lib\Debug\libarpel_groovy_sensor_board_lib.a(board_sysinit.o)
 .ARM.attributes
                0x00000157       0x31 D:\Users\Arpel\git\LPCSensorNode\BOARDLib\arpel_groovy_sensor_board_lib\Debug\libarpel_groovy_sensor_board_lib.a(onewire.o)
 .ARM.attributes
                0x00000188       0x31 D:\Users\Arpel\git\LPCSensorNode\BOARDLib\arpel_groovy_sensor_board_lib\Debug\libarpel_groovy_sensor_board_lib.a(crc8.o)
 .ARM.attributes
                0x000001b9       0x31 D:\Users\Arpel\Documents\LPCXpresso_6.1.4_194\workspace\lpc_chip_8xx_lib\Debug\liblpc_chip_8xx_lib.a(chip_8xx.o)
 .ARM.attributes
                0x000001ea       0x31 D:\Users\Arpel\Documents\LPCXpresso_6.1.4_194\workspace\lpc_chip_8xx_lib\Debug\liblpc_chip_8xx_lib.a(clock_8xx.o)
 .ARM.attributes
                0x0000021b       0x31 D:\Users\Arpel\Documents\LPCXpresso_6.1.4_194\workspace\lpc_chip_8xx_lib\Debug\liblpc_chip_8xx_lib.a(gpio_8xx.o)
 .ARM.attributes
                0x0000024c       0x31 D:\Users\Arpel\Documents\LPCXpresso_6.1.4_194\workspace\lpc_chip_8xx_lib\Debug\liblpc_chip_8xx_lib.a(pmu_8xx.o)
 .ARM.attributes
                0x0000027d       0x31 D:\Users\Arpel\Documents\LPCXpresso_6.1.4_194\workspace\lpc_chip_8xx_lib\Debug\liblpc_chip_8xx_lib.a(spi_8xx.o)
 .ARM.attributes
                0x000002ae       0x31 D:\Users\Arpel\Documents\LPCXpresso_6.1.4_194\workspace\lpc_chip_8xx_lib\Debug\liblpc_chip_8xx_lib.a(swm_8xx.o)
 .ARM.attributes
                0x000002df       0x31 D:\Users\Arpel\Documents\LPCXpresso_6.1.4_194\workspace\lpc_chip_8xx_lib\Debug\liblpc_chip_8xx_lib.a(syscon_8xx.o)
 .ARM.attributes
                0x00000310       0x31 D:\Users\Arpel\Documents\LPCXpresso_6.1.4_194\workspace\lpc_chip_8xx_lib\Debug\liblpc_chip_8xx_lib.a(wkt_8xx.o)
 .ARM.attributes
                0x00000341       0x31 d:/travail/wirelesshome/nxp/lpcxpresso_7.0.2_102/lpcxpresso/tools/bin/../lib/gcc/arm-none-eabi/4.8.3/../../../../arm-none-eabi/lib/armv6-m\libcr_nohost.a(_cr__main.o)
 .ARM.attributes
                0x00000372       0x31 d:/travail/wirelesshome/nxp/lpcxpresso_7.0.2_102/lpcxpresso/tools/bin/../lib/gcc/arm-none-eabi/4.8.3/../../../../arm-none-eabi/lib/armv6-m\libcr_c.a(memcpy.o)
 .ARM.attributes
                0x000003a3       0x31 d:/travail/wirelesshome/nxp/lpcxpresso_7.0.2_102/lpcxpresso/tools/bin/../lib/gcc/arm-none-eabi/4.8.3/../../../../arm-none-eabi/lib/armv6-m\libcr_c.a(initio.o)
 .ARM.attributes
                0x000003d4       0x31 d:/travail/wirelesshome/nxp/lpcxpresso_7.0.2_102/lpcxpresso/tools/bin/../lib/gcc/arm-none-eabi/4.8.3/../../../../arm-none-eabi/lib/armv6-m\libcr_c.a(setvbuf.o)
 .ARM.attributes
                0x00000405       0x31 d:/travail/wirelesshome/nxp/lpcxpresso_7.0.2_102/lpcxpresso/tools/bin/../lib/gcc/arm-none-eabi/4.8.3/../../../../arm-none-eabi/lib/armv6-m\libcr_c.a(stdio.o)
 .ARM.attributes
                0x00000436       0x31 d:/travail/wirelesshome/nxp/lpcxpresso_7.0.2_102/lpcxpresso/tools/bin/../lib/gcc/arm-none-eabi/4.8.3/../../../../arm-none-eabi/lib/armv6-m\libcr_c.a(memset.o)
 .ARM.attributes
                0x00000467       0x31 d:/travail/wirelesshome/nxp/lpcxpresso_7.0.2_102/lpcxpresso/tools/bin/../lib/gcc/arm-none-eabi/4.8.3/../../../../arm-none-eabi/lib/armv6-m\libcr_c.a(_deferredlazyseek.o)
 .ARM.attributes
                0x00000498       0x31 d:/travail/wirelesshome/nxp/lpcxpresso_7.0.2_102/lpcxpresso/tools/bin/../lib/gcc/arm-none-eabi/4.8.3/../../../../arm-none-eabi/lib/armv6-m\libcr_c.a(_fdopen.o)
 .ARM.attributes
                0x000004c9       0x31 d:/travail/wirelesshome/nxp/lpcxpresso_7.0.2_102/lpcxpresso/tools/bin/../lib/gcc/arm-none-eabi/4.8.3/../../../../arm-none-eabi/lib/armv6-m\libcr_c.a(_fflush.o)
 .ARM.attributes
                0x000004fa       0x31 d:/travail/wirelesshome/nxp/lpcxpresso_7.0.2_102/lpcxpresso/tools/bin/../lib/gcc/arm-none-eabi/4.8.3/../../../../arm-none-eabi/lib/armv6-m\libcr_c.a(_writebuf.o)
 .ARM.attributes
                0x0000052b       0x31 d:/travail/wirelesshome/nxp/lpcxpresso_7.0.2_102/lpcxpresso/tools/bin/../lib/gcc/arm-none-eabi/4.8.3/../../../../arm-none-eabi/lib/armv6-m\libcr_c.a(alloc.o)
 .ARM.attributes
                0x0000055c       0x31 d:/travail/wirelesshome/nxp/lpcxpresso_7.0.2_102/lpcxpresso/tools/bin/../lib/gcc/arm-none-eabi/4.8.3/../../../../arm-none-eabi/lib/armv6-m\libcr_c.a(fclose.o)
 .ARM.attributes
                0x0000058d       0x31 d:/travail/wirelesshome/nxp/lpcxpresso_7.0.2_102/lpcxpresso/tools/bin/../lib/gcc/arm-none-eabi/4.8.3/../../../../arm-none-eabi/lib/armv6-m\libcr_c.a(fflush.o)
 .ARM.attributes
                0x000005be       0x31 d:/travail/wirelesshome/nxp/lpcxpresso_7.0.2_102/lpcxpresso/tools/bin/../lib/gcc/arm-none-eabi/4.8.3/../../../../arm-none-eabi/lib/armv6-m\libcr_c.a(fseek.o)
 .ARM.attributes
                0x000005ef       0x31 d:/travail/wirelesshome/nxp/lpcxpresso_7.0.2_102/lpcxpresso/tools/bin/../lib/gcc/arm-none-eabi/4.8.3/../../../../arm-none-eabi/lib/armv6-m\libcr_c.a(ftell.o)
 .ARM.attributes
                0x00000620       0x31 d:/travail/wirelesshome/nxp/lpcxpresso_7.0.2_102/lpcxpresso/tools/bin/../lib/gcc/arm-none-eabi/4.8.3/../../../../arm-none-eabi/lib/armv6-m\libcr_c.a(remove.o)
 .ARM.attributes
                0x00000651       0x31 d:/travail/wirelesshome/nxp/lpcxpresso_7.0.2_102/lpcxpresso/tools/bin/../lib/gcc/arm-none-eabi/4.8.3/../../../../arm-none-eabi/lib/armv6-m\libcr_c.a(strlen.o)
 .ARM.attributes
                0x00000682       0x31 d:/travail/wirelesshome/nxp/lpcxpresso_7.0.2_102/lpcxpresso/tools/bin/../lib/gcc/arm-none-eabi/4.8.3/../../../../arm-none-eabi/lib/armv6-m\libcr_c.a(__init_alloc.o)
 .ARM.attributes
                0x000006b3       0x31 d:/travail/wirelesshome/nxp/lpcxpresso_7.0.2_102/lpcxpresso/tools/bin/../lib/gcc/arm-none-eabi/4.8.3/../../../../arm-none-eabi/lib/armv6-m\libcr_c.a(_cr_sbrk.o)
 .ARM.attributes
                0x000006e4       0x31 d:/travail/wirelesshome/nxp/lpcxpresso_7.0.2_102/lpcxpresso/tools/bin/../lib/gcc/arm-none-eabi/4.8.3/../../../../arm-none-eabi/lib/armv6-m\libcr_c.a(_do_fflush.o)
 .ARM.attributes
                0x00000715       0x31 d:/travail/wirelesshome/nxp/lpcxpresso_7.0.2_102/lpcxpresso/tools/bin/../lib/gcc/arm-none-eabi/4.8.3/../../../../arm-none-eabi/lib/armv6-m\libcr_c.a(errno.o)
 .ARM.attributes
                0x00000746       0x31 d:/travail/wirelesshome/nxp/lpcxpresso_7.0.2_102/lpcxpresso/tools/bin/../lib/gcc/arm-none-eabi/4.8.3/../../../../arm-none-eabi/lib/armv6-m\libcr_c.a(_cr_check_heap.o)
 .ARM.attributes
                0x00000777       0x21 d:/travail/wirelesshome/nxp/lpcxpresso_7.0.2_102/lpcxpresso/tools/bin/../lib/gcc/arm-none-eabi/4.8.3/armv6-m\libcr_eabihelpers.a(division_32.o)
 .ARM.attributes
                0x00000798       0x21 d:/travail/wirelesshome/nxp/lpcxpresso_7.0.2_102/lpcxpresso/tools/bin/../lib/gcc/arm-none-eabi/4.8.3/armv6-m\libcr_eabihelpers.a(division_idiv0.o)
 .ARM.attributes
                0x000007b9       0x21 d:/travail/wirelesshome/nxp/lpcxpresso_7.0.2_102/lpcxpresso/tools/bin/../lib/gcc/arm-none-eabi/4.8.3/armv6-m\libcr_eabihelpers.a(memcpy.o)
 .ARM.attributes
                0x000007da       0x31 d:/travail/wirelesshome/nxp/lpcxpresso_7.0.2_102/lpcxpresso/tools/bin/../lib/gcc/arm-none-eabi/4.8.3/../../../../arm-none-eabi/lib/armv6-m\libcr_nohost.a(__sys_appexit.o)
 .ARM.attributes
                0x0000080b       0x31 d:/travail/wirelesshome/nxp/lpcxpresso_7.0.2_102/lpcxpresso/tools/bin/../lib/gcc/arm-none-eabi/4.8.3/../../../../arm-none-eabi/lib/armv6-m\libcr_nohost.a(__sys_close.o)
 .ARM.attributes
                0x0000083c       0x31 d:/travail/wirelesshome/nxp/lpcxpresso_7.0.2_102/lpcxpresso/tools/bin/../lib/gcc/arm-none-eabi/4.8.3/../../../../arm-none-eabi/lib/armv6-m\libcr_nohost.a(__sys_flen.o)
 .ARM.attributes
                0x0000086d       0x31 d:/travail/wirelesshome/nxp/lpcxpresso_7.0.2_102/lpcxpresso/tools/bin/../lib/gcc/arm-none-eabi/4.8.3/../../../../arm-none-eabi/lib/armv6-m\libcr_nohost.a(__sys_istty.o)
 .ARM.attributes
                0x0000089e       0x31 d:/travail/wirelesshome/nxp/lpcxpresso_7.0.2_102/lpcxpresso/tools/bin/../lib/gcc/arm-none-eabi/4.8.3/../../../../arm-none-eabi/lib/armv6-m\libcr_nohost.a(__sys_remove.o)
 .ARM.attributes
                0x000008cf       0x31 d:/travail/wirelesshome/nxp/lpcxpresso_7.0.2_102/lpcxpresso/tools/bin/../lib/gcc/arm-none-eabi/4.8.3/../../../../arm-none-eabi/lib/armv6-m\libcr_nohost.a(__sys_seek.o)
 .ARM.attributes
                0x00000900       0x31 d:/travail/wirelesshome/nxp/lpcxpresso_7.0.2_102/lpcxpresso/tools/bin/../lib/gcc/arm-none-eabi/4.8.3/../../../../arm-none-eabi/lib/armv6-m\libcr_nohost.a(__sys_tmpnam.o)

.debug_frame    0x00000000     0x1914
 .debug_frame   0x00000000      0x118 ./example/src/cr_startup_lpc8xx.o
 .debug_frame   0x00000118      0x2a4 ./example/src/sensor_test_main.o
 .debug_frame   0x000003bc       0x2c ./example/src/sysinit.o
 .debug_frame   0x000003e8      0x440 D:\Users\Arpel\git\LPCSensorNode\BOARDLib\arpel_groovy_sensor_board_lib\Debug\libarpel_groovy_sensor_board_lib.a(RF12.o)
 .debug_frame   0x00000828      0x27c D:\Users\Arpel\git\LPCSensorNode\BOARDLib\arpel_groovy_sensor_board_lib\Debug\libarpel_groovy_sensor_board_lib.a(board.o)
 .debug_frame   0x00000aa4      0x120 D:\Users\Arpel\git\LPCSensorNode\BOARDLib\arpel_groovy_sensor_board_lib\Debug\libarpel_groovy_sensor_board_lib.a(board_sysinit.o)
 .debug_frame   0x00000bc4      0x3d8 D:\Users\Arpel\git\LPCSensorNode\BOARDLib\arpel_groovy_sensor_board_lib\Debug\libarpel_groovy_sensor_board_lib.a(onewire.o)
 .debug_frame   0x00000f9c       0x30 D:\Users\Arpel\git\LPCSensorNode\BOARDLib\arpel_groovy_sensor_board_lib\Debug\libarpel_groovy_sensor_board_lib.a(crc8.o)
 .debug_frame   0x00000fcc       0x2c D:\Users\Arpel\Documents\LPCXpresso_6.1.4_194\workspace\lpc_chip_8xx_lib\Debug\liblpc_chip_8xx_lib.a(chip_8xx.o)
 .debug_frame   0x00000ff8      0x1bc D:\Users\Arpel\Documents\LPCXpresso_6.1.4_194\workspace\lpc_chip_8xx_lib\Debug\liblpc_chip_8xx_lib.a(clock_8xx.o)
 .debug_frame   0x000011b4      0x190 D:\Users\Arpel\Documents\LPCXpresso_6.1.4_194\workspace\lpc_chip_8xx_lib\Debug\liblpc_chip_8xx_lib.a(gpio_8xx.o)
 .debug_frame   0x00001344       0xb0 D:\Users\Arpel\Documents\LPCXpresso_6.1.4_194\workspace\lpc_chip_8xx_lib\Debug\liblpc_chip_8xx_lib.a(pmu_8xx.o)
 .debug_frame   0x000013f4      0x370 D:\Users\Arpel\Documents\LPCXpresso_6.1.4_194\workspace\lpc_chip_8xx_lib\Debug\liblpc_chip_8xx_lib.a(spi_8xx.o)
 .debug_frame   0x00001764       0x90 D:\Users\Arpel\Documents\LPCXpresso_6.1.4_194\workspace\lpc_chip_8xx_lib\Debug\liblpc_chip_8xx_lib.a(swm_8xx.o)
 .debug_frame   0x000017f4       0x90 D:\Users\Arpel\Documents\LPCXpresso_6.1.4_194\workspace\lpc_chip_8xx_lib\Debug\liblpc_chip_8xx_lib.a(syscon_8xx.o)
 .debug_frame   0x00001884       0x90 D:\Users\Arpel\Documents\LPCXpresso_6.1.4_194\workspace\lpc_chip_8xx_lib\Debug\liblpc_chip_8xx_lib.a(wkt_8xx.o)