Archive member included because of file (symbol)

D:\Users\Arpel\git\LPCSensorNode\BOARDLib\arpel_groovy_sensor_board_lib\Debug\libarpel_groovy_sensor_board_lib.a(RF12.o)
                              ./example/src/sensor_test_main.o (rf12_control)
D:\Users\Arpel\git\LPCSensorNode\BOARDLib\arpel_groovy_sensor_board_lib\Debug\libarpel_groovy_sensor_board_lib.a(board.o)
                              ./example/src/sensor_test_main.o (Board_LED_Set)
D:\Users\Arpel\git\LPCSensorNode\BOARDLib\arpel_groovy_sensor_board_lib\Debug\libarpel_groovy_sensor_board_lib.a(board_sysinit.o)
                              ./example/src/sysinit.o (Board_SystemInit)
D:\Users\Arpel\git\LPCSensorNode\BOARDLib\arpel_groovy_sensor_board_lib\Debug\libarpel_groovy_sensor_board_lib.a(onewire.o)
                              ./example/src/sensor_test_main.o (ow_init)
D:\Users\Arpel\git\LPCSensorNode\BOARDLib\arpel_groovy_sensor_board_lib\Debug\libarpel_groovy_sensor_board_lib.a(crc8.o)
                              D:\Users\Arpel\git\LPCSensorNode\BOARDLib\arpel_groovy_sensor_board_lib\Debug\libarpel_groovy_sensor_board_lib.a(onewire.o) (crc8)
D:\Users\Arpel\Documents\LPCXpresso_6.1.4_194\workspace\lpc_chip_8xx_lib\Debug\liblpc_chip_8xx_lib.a(chip_8xx.o)
                              ./example/src/sensor_test_main.o (SystemCoreClock)
D:\Users\Arpel\Documents\LPCXpresso_6.1.4_194\workspace\lpc_chip_8xx_lib\Debug\liblpc_chip_8xx_lib.a(clock_8xx.o)
                              D:\Users\Arpel\git\LPCSensorNode\BOARDLib\arpel_groovy_sensor_board_lib\Debug\libarpel_groovy_sensor_board_lib.a(board_sysinit.o) (Chip_Clock_SetSystemPLLSource)
D:\Users\Arpel\Documents\LPCXpresso_6.1.4_194\workspace\lpc_chip_8xx_lib\Debug\liblpc_chip_8xx_lib.a(gpio_8xx.o)
                              D:\Users\Arpel\git\LPCSensorNode\BOARDLib\arpel_groovy_sensor_board_lib\Debug\libarpel_groovy_sensor_board_lib.a(board.o) (Chip_GPIO_Init)
D:\Users\Arpel\Documents\LPCXpresso_6.1.4_194\workspace\lpc_chip_8xx_lib\Debug\liblpc_chip_8xx_lib.a(pmu_8xx.o)
                              D:\Users\Arpel\git\LPCSensorNode\BOARDLib\arpel_groovy_sensor_board_lib\Debug\libarpel_groovy_sensor_board_lib.a(RF12.o) (Chip_PMU_SleepState)
D:\Users\Arpel\Documents\LPCXpresso_6.1.4_194\workspace\lpc_chip_8xx_lib\Debug\liblpc_chip_8xx_lib.a(spi_8xx.o)
                              D:\Users\Arpel\git\LPCSensorNode\BOARDLib\arpel_groovy_sensor_board_lib\Debug\libarpel_groovy_sensor_board_lib.a(RF12.o) (Chip_SPI_CalClkRateDivider)
D:\Users\Arpel\Documents\LPCXpresso_6.1.4_194\workspace\lpc_chip_8xx_lib\Debug\liblpc_chip_8xx_lib.a(swm_8xx.o)
                              D:\Users\Arpel\git\LPCSensorNode\BOARDLib\arpel_groovy_sensor_board_lib\Debug\libarpel_groovy_sensor_board_lib.a(board_sysinit.o) (Chip_SWM_MovablePinAssign)
D:\Users\Arpel\Documents\LPCXpresso_6.1.4_194\workspace\lpc_chip_8xx_lib\Debug\liblpc_chip_8xx_lib.a(syscon_8xx.o)
                              D:\Users\Arpel\git\LPCSensorNode\BOARDLib\arpel_groovy_sensor_board_lib\Debug\libarpel_groovy_sensor_board_lib.a(board_sysinit.o) (Chip_SYSCTL_PowerDown)
d:/travail/wirelesshome/nxp/lpcxpresso_6.1.4_194/lpcxpresso/tools/bin/../lib/gcc/arm-none-eabi/4.6.2/../../../../arm-none-eabi/lib/armv6-m\libcr_nohost.a(_cr__main.o)
                              ./example/src/cr_startup_lpc8xx.o (__main)
d:/travail/wirelesshome/nxp/lpcxpresso_6.1.4_194/lpcxpresso/tools/bin/../lib/gcc/arm-none-eabi/4.6.2/../../../../arm-none-eabi/lib/armv6-m\libcr_c.a(memcpy.o)
                              D:\Users\Arpel\git\LPCSensorNode\BOARDLib\arpel_groovy_sensor_board_lib\Debug\libarpel_groovy_sensor_board_lib.a(RF12.o) (memcpy)
d:/travail/wirelesshome/nxp/lpcxpresso_6.1.4_194/lpcxpresso/tools/bin/../lib/gcc/arm-none-eabi/4.6.2/../../../../arm-none-eabi/lib/armv6-m\libcr_c.a(initio.o)
                              d:/travail/wirelesshome/nxp/lpcxpresso_6.1.4_194/lpcxpresso/tools/bin/../lib/gcc/arm-none-eabi/4.6.2/../../../../arm-none-eabi/lib/armv6-m\libcr_nohost.a(_cr__main.o) (_initio)
d:/travail/wirelesshome/nxp/lpcxpresso_6.1.4_194/lpcxpresso/tools/bin/../lib/gcc/arm-none-eabi/4.6.2/../../../../arm-none-eabi/lib/armv6-m\libcr_c.a(memcmp.o)
                              D:\Users\Arpel\git\LPCSensorNode\BOARDLib\arpel_groovy_sensor_board_lib\Debug\libarpel_groovy_sensor_board_lib.a(RF12.o) (memcmp)
d:/travail/wirelesshome/nxp/lpcxpresso_6.1.4_194/lpcxpresso/tools/bin/../lib/gcc/arm-none-eabi/4.6.2/../../../../arm-none-eabi/lib/armv6-m\libcr_c.a(setvbuf.o)
                              d:/travail/wirelesshome/nxp/lpcxpresso_6.1.4_194/lpcxpresso/tools/bin/../lib/gcc/arm-none-eabi/4.6.2/../../../../arm-none-eabi/lib/armv6-m\libcr_c.a(initio.o) (setvbuf)
d:/travail/wirelesshome/nxp/lpcxpresso_6.1.4_194/lpcxpresso/tools/bin/../lib/gcc/arm-none-eabi/4.6.2/../../../../arm-none-eabi/lib/armv6-m\libcr_c.a(stdio.o)
[...]
Memory Configuration

Name             Origin             Length             Attributes
MFlash16         0x00000000         0x00004000         xr
RamLoc4          0x10000000         0x00001000         xrw
*default*        0x00000000         0xffffffff

Linker script and memory map

LOAD ./example/src/cr_startup_lpc8xx.o
LOAD ./example/src/crp.o
LOAD ./example/src/mtb.o
LOAD ./example/src/sensor_test_main.o
LOAD ./example/src/sysinit.o
LOAD D:\Users\Arpel\git\LPCSensorNode\BOARDLib\arpel_groovy_sensor_board_lib\Debug\libarpel_groovy_sensor_board_lib.a
LOAD D:\Users\Arpel\Documents\LPCXpresso_6.1.4_194\workspace\lpc_chip_8xx_lib\Debug\liblpc_chip_8xx_lib.a
START GROUP
LOAD d:/travail/wirelesshome/nxp/lpcxpresso_6.1.4_194/lpcxpresso/tools/bin/../lib/gcc/arm-none-eabi/4.6.2/../../../../arm-none-eabi/lib/armv6-m\libcr_nohost.a
LOAD d:/travail/wirelesshome/nxp/lpcxpresso_6.1.4_194/lpcxpresso/tools/bin/../lib/gcc/arm-none-eabi/4.6.2/../../../../arm-none-eabi/lib/armv6-m\libcr_c.a
LOAD d:/travail/wirelesshome/nxp/lpcxpresso_6.1.4_194/lpcxpresso/tools/bin/../lib/gcc/arm-none-eabi/4.6.2/armv6-m\libcr_eabihelpers.a
END GROUP
                0x00004000                __top_MFlash16 = 0x4000
                0x10001000                __top_RamLoc4 = 0x10001000

.text           0x00000000     0x34f0
 FILL mask 0xff
                0x00000000                __vectors_start__ = ABSOLUTE (.)
 *(.isr_vector)
 .isr_vector    0x00000000       0xc0 ./example/src/cr_startup_lpc8xx.o
                0x00000000                g_pfnVectors
                0x000000c0                . = ALIGN (0x4)
                0x000000c0                __section_table_start = .
                0x000000c0                __data_section_table = .
                0x000000c0        0x4 LONG 0x34f0 LOADADDR (.data)
                0x000000c4        0x4 LONG 0x10000020 ADDR (.data)
                0x000000c8        0x4 LONG 0x4 SIZEOF (.data)
                0x000000cc                __data_section_table_end = .
                0x000000cc                __bss_section_table = .
                0x000000cc        0x4 LONG 0x10000028 ADDR (.bss)
                0x000000d0        0x4 LONG 0x2ec SIZEOF (.bss)
                0x000000d4                __bss_section_table_end = .
                0x000000d4                __section_table_end = .
 *(.after_vectors*)
 .after_vectors
                0x000000d4       0x80 ./example/src/cr_startup_lpc8xx.o
                0x000000d4                NMI_Handler
                0x000000d8                HardFault_Handler
                0x000000dc                PendSV_Handler
                0x000000e4                data_init
                0x000000f6                bss_init
                0x00000108                ResetISR
                0x0000014c                SVCall_Handler
                0x00000150                PININT1_IRQHandler
                0x00000150                PININT2_IRQHandler
                0x00000150                UART1_IRQHandler
                0x00000150                UART0_IRQHandler
                0x00000150                WKT_IRQHandler
                0x00000150                PININT7_IRQHandler
                0x00000150                IntDefaultHandler
                0x00000150                CMP_IRQHandler
                0x00000150                PININT3_IRQHandler
                0x00000150                UART2_IRQHandler
                0x00000150                PININT5_IRQHandler
                0x00000150                PININT4_IRQHandler
                0x00000150                BOD_IRQHandler
                0x00000150                I2C_IRQHandler
                0x00000150                WDT_IRQHandler
                0x00000150                PININT6_IRQHandler
                0x00000150                SPI0_IRQHandler
                0x00000150                SPI1_IRQHandler
                0x00000150                FLASH_IRQHandler
                0x000002fc                . = 0x2fc
 *fill*         0x00000154      0x1a8 ff
                0x000002fc                PROVIDE (__CRP_WORD_START__, .)
 *(.crp)
 .crp           0x000002fc        0x4 ./example/src/crp.o
                0x000002fc                CRP_WORD
                0x00000300                PROVIDE (__CRP_WORD_END__, .)
                0x00000001                ASSERT (! ((__CRP_WORD_START__ == __CRP_WORD_END__)), Linker CRP Enabled, but no CRP_WORD provided within application)
 *(.text*)
 .text.NVIC_SetPriority
                0x00000300       0xe0 ./example/src/sensor_test_main.o
 .text.SysTick_Config
                0x000003e0       0x4c ./example/src/sensor_test_main.o
 .text.Chip_GPIO_SetPinState
                0x0000042c       0x34 ./example/src/sensor_test_main.o
 .text.Chip_GPIO_SetPinDIROutput
                0x00000460       0x48 ./example/src/sensor_test_main.o
 .text.RF_AirSend
                0x000004a8       0x50 ./example/src/sensor_test_main.o
                0x000004a8                RF_AirSend
 .text.SysTick_Handler
                0x000004f8       0xa0 ./example/src/sensor_test_main.o
                0x000004f8                SysTick_Handler
 .text.main     0x00000598       0xa4 ./example/src/sensor_test_main.o
                0x00000598                main
 .text.SystemInit
                0x0000063c        0xc ./example/src/sysinit.o
                0x0000063c                SystemInit
 .text.NVIC_EnableIRQ
                0x00000648       0x2c D:\Users\Arpel\git\LPCSensorNode\BOARDLib\arpel_groovy_sensor_board_lib\Debug\libarpel_groovy_sensor_board_lib.a(RF12.o)
 .text.Chip_SYSCTL_SetPinInterrupt
                0x00000674       0x20 D:\Users\Arpel\git\LPCSensorNode\BOARDLib\arpel_groovy_sensor_board_lib\Debug\libarpel_groovy_sensor_board_lib.a(RF12.o)
 .text.Chip_SYSCTL_EnablePINTWakeup
                0x00000694       0x30 D:\Users\Arpel\git\LPCSensorNode\BOARDLib\arpel_groovy_sensor_board_lib\Debug\libarpel_groovy_sensor_board_lib.a(RF12.o)
 .text.Chip_PININT_SetPinModeEdge
                0x000006c4       0x20 D:\Users\Arpel\git\LPCSensorNode\BOARDLib\arpel_groovy_sensor_board_lib\Debug\libarpel_groovy_sensor_board_lib.a(RF12.o)
 .text.Chip_PININT_EnableIntLow
                0x000006e4       0x18 D:\Users\Arpel\git\LPCSensorNode\BOARDLib\arpel_groovy_sensor_board_lib\Debug\libarpel_groovy_sensor_board_lib.a(RF12.o)
 .text.Chip_PININT_ClearIntStatus
                0x000006fc       0x18 D:\Users\Arpel\git\LPCSensorNode\BOARDLib\arpel_groovy_sensor_board_lib\Debug\libarpel_groovy_sensor_board_lib.a(RF12.o)
 .text.Chip_GPIO_GetPinState
                0x00000714       0x30 D:\Users\Arpel\git\LPCSensorNode\BOARDLib\arpel_groovy_sensor_board_lib\Debug\libarpel_groovy_sensor_board_lib.a(RF12.o)
 .text.Chip_GPIO_SetPinDIRInput
                0x00000744       0x48 D:\Users\Arpel\git\LPCSensorNode\BOARDLib\arpel_groovy_sensor_board_lib\Debug\libarpel_groovy_sensor_board_lib.a(RF12.o)
 .text.Chip_SPI_Enable
                0x0000078c       0x1c D:\Users\Arpel\git\LPCSensorNode\BOARDLib\arpel_groovy_sensor_board_lib\Debug\libarpel_groovy_sensor_board_lib.a(RF12.o)
 .text._crc16_update
                0x000007a8       0x70 D:\Users\Arpel\git\LPCSensorNode\BOARDLib\arpel_groovy_sensor_board_lib\Debug\libarpel_groovy_sensor_board_lib.a(RF12.o)
                0x000007a8                _crc16_update
 .text.rf12_spiInit
                0x00000818       0xb8 D:\Users\Arpel\git\LPCSensorNode\BOARDLib\arpel_groovy_sensor_board_lib\Debug\libarpel_groovy_sensor_board_lib.a(RF12.o)
                0x00000818                rf12_spiInit
 .text.rf12_xferSlow
                0x000008d0       0x84 D:\Users\Arpel\git\LPCSensorNode\BOARDLib\arpel_groovy_sensor_board_lib\Debug\libarpel_groovy_sensor_board_lib.a(RF12.o)
 .text.rf12_control
                0x00000954       0x2c D:\Users\Arpel\git\LPCSensorNode\BOARDLib\arpel_groovy_sensor_board_lib\Debug\libarpel_groovy_sensor_board_lib.a(RF12.o)
                0x00000954                rf12_control
 .text.PININT0_IRQHandler
                0x00000980      0x1b8 D:\Users\Arpel\git\LPCSensorNode\BOARDLib\arpel_groovy_sensor_board_lib\Debug\libarpel_groovy_sensor_board_lib.a(RF12.o)
                0x00000980                PININT0_IRQHandler
 .text.rf12_recvStart
                0x00000b38       0x64 D:\Users\Arpel\git\LPCSensorNode\BOARDLib\arpel_groovy_sensor_board_lib\Debug\libarpel_groovy_sensor_board_lib.a(RF12.o)
 .text.rf12_recvDone
                0x00000b9c       0xd0 D:\Users\Arpel\git\LPCSensorNode\BOARDLib\arpel_groovy_sensor_board_lib\Debug\libarpel_groovy_sensor_board_lib.a(RF12.o)
                0x00000b9c                rf12_recvDone
 .text.rf12_canSend
                0x00000c6c       0x54 D:\Users\Arpel\git\LPCSensorNode\BOARDLib\arpel_groovy_sensor_board_lib\Debug\libarpel_groovy_sensor_board_lib.a(RF12.o)
                0x00000c6c                rf12_canSend
 .text.rf12_sendStart
                0x00000cc0       0x9c D:\Users\Arpel\git\LPCSensorNode\BOARDLib\arpel_groovy_sensor_board_lib\Debug\libarpel_groovy_sensor_board_lib.a(RF12.o)
                0x00000cc0                rf12_sendStart
 .text.rf12_sendStart_full
                0x00000d5c       0x44 D:\Users\Arpel\git\LPCSensorNode\BOARDLib\arpel_groovy_sensor_board_lib\Debug\libarpel_groovy_sensor_board_lib.a(RF12.o)
                0x00000d5c                rf12_sendStart_full
 .text.rf12_sendNow
                0x00000da0       0x3c D:\Users\Arpel\git\LPCSensorNode\BOARDLib\arpel_groovy_sensor_board_lib\Debug\libarpel_groovy_sensor_board_lib.a(RF12.o)
                0x00000da0                rf12_sendNow
 .text.rf12_sendWait
                0x00000ddc       0x38 D:\Users\Arpel\git\LPCSensorNode\BOARDLib\arpel_groovy_sensor_board_lib\Debug\libarpel_groovy_sensor_board_lib.a(RF12.o)
                0x00000ddc                rf12_sendWait
 .text.rf12_initialize
                0x00000e14      0x1e4 D:\Users\Arpel\git\LPCSensorNode\BOARDLib\arpel_groovy_sensor_board_lib\Debug\libarpel_groovy_sensor_board_lib.a(RF12.o)
                0x00000e14                rf12_initialize
 .text.rf12_sleep
                0x00000ff8       0x54 D:\Users\Arpel\git\LPCSensorNode\BOARDLib\arpel_groovy_sensor_board_lib\Debug\libarpel_groovy_sensor_board_lib.a(RF12.o)
                0x00000ff8                rf12_sleep
 .text.Chip_GPIO_SetPinState
                0x0000104c       0x34 D:\Users\Arpel\git\LPCSensorNode\BOARDLib\arpel_groovy_sensor_board_lib\Debug\libarpel_groovy_sensor_board_lib.a(board.o)
 .text.Chip_GPIO_SetPinDIROutput
                0x00001080       0x48 D:\Users\Arpel\git\LPCSensorNode\BOARDLib\arpel_groovy_sensor_board_lib\Debug\libarpel_groovy_sensor_board_lib.a(board.o)
 .text.Chip_GPIO_SetPinToggle
                0x000010c8       0x34 D:\Users\Arpel\git\LPCSensorNode\BOARDLib\arpel_groovy_sensor_board_lib\Debug\libarpel_groovy_sensor_board_lib.a(board.o)
 .text.__sys_write
                0x000010fc       0x18 D:\Users\Arpel\git\LPCSensorNode\BOARDLib\arpel_groovy_sensor_board_lib\Debug\libarpel_groovy_sensor_board_lib.a(board.o)
                0x000010fc                __sys_write
 .text.Board_LED_Init
                0x00001114       0x50 D:\Users\Arpel\git\LPCSensorNode\BOARDLib\arpel_groovy_sensor_board_lib\Debug\libarpel_groovy_sensor_board_lib.a(board.o)
 .text.Board_LED_Set
                0x00001164       0x3c D:\Users\Arpel\git\LPCSensorNode\BOARDLib\arpel_groovy_sensor_board_lib\Debug\libarpel_groovy_sensor_board_lib.a(board.o)
                0x00001164                Board_LED_Set
 .text.Board_LED_Toggle
                0x000011a0       0x2c D:\Users\Arpel\git\LPCSensorNode\BOARDLib\arpel_groovy_sensor_board_lib\Debug\libarpel_groovy_sensor_board_lib.a(board.o)
                0x000011a0                Board_LED_Toggle
 .text.Board_Init
                0x000011cc       0x18 D:\Users\Arpel\git\LPCSensorNode\BOARDLib\arpel_groovy_sensor_board_lib\Debug\libarpel_groovy_sensor_board_lib.a(board.o)
                0x000011cc                Board_Init
 .text.Chip_Clock_SetupSystemPLL
                0x000011e4       0x34 D:\Users\Arpel\git\LPCSensorNode\BOARDLib\arpel_groovy_sensor_board_lib\Debug\libarpel_groovy_sensor_board_lib.a(board_sysinit.o)
 .text.Chip_Clock_IsSystemPLLLocked
                0x00001218       0x1c D:\Users\Arpel\git\LPCSensorNode\BOARDLib\arpel_groovy_sensor_board_lib\Debug\libarpel_groovy_sensor_board_lib.a(board_sysinit.o)
 .text.Chip_Clock_SetSysClockDiv
                0x00001234       0x18 D:\Users\Arpel\git\LPCSensorNode\BOARDLib\arpel_groovy_sensor_board_lib\Debug\libarpel_groovy_sensor_board_lib.a(board_sysinit.o)
 .text.Chip_Clock_EnablePeriphClock
                0x0000124c       0x34 D:\Users\Arpel\git\LPCSensorNode\BOARDLib\arpel_groovy_sensor_board_lib\Debug\libarpel_groovy_sensor_board_lib.a(board_sysinit.o)
 .text.Chip_Clock_DisablePeriphClock
                0x00001280       0x34 D:\Users\Arpel\git\LPCSensorNode\BOARDLib\arpel_groovy_sensor_board_lib\Debug\libarpel_groovy_sensor_board_lib.a(board_sysinit.o)
 .text.Chip_FMC_SetFLASHAccess
                0x000012b4       0x2c D:\Users\Arpel\git\LPCSensorNode\BOARDLib\arpel_groovy_sensor_board_lib\Debug\libarpel_groovy_sensor_board_lib.a(board_sysinit.o)
 .text.SystemSetupClocking
                0x000012e0       0x54 D:\Users\Arpel\git\LPCSensorNode\BOARDLib\arpel_groovy_sensor_board_lib\Debug\libarpel_groovy_sensor_board_lib.a(board_sysinit.o)
 .text.SystemSetupMuxing
                0x00001334       0x40 D:\Users\Arpel\git\LPCSensorNode\BOARDLib\arpel_groovy_sensor_board_lib\Debug\libarpel_groovy_sensor_board_lib.a(board_sysinit.o)
 .text.Board_SystemInit
                0x00001374       0x3c D:\Users\Arpel\git\LPCSensorNode\BOARDLib\arpel_groovy_sensor_board_lib\Debug\libarpel_groovy_sensor_board_lib.a(board_sysinit.o)
                0x00001374                Board_SystemInit
 .text.NVIC_EnableIRQ
                0x000013b0       0x2c D:\Users\Arpel\git\LPCSensorNode\BOARDLib\arpel_groovy_sensor_board_lib\Debug\libarpel_groovy_sensor_board_lib.a(onewire.o)
 .text.Chip_SYSCTL_AssertPeriphReset
                0x000013dc       0x30 D:\Users\Arpel\git\LPCSensorNode\BOARDLib\arpel_groovy_sensor_board_lib\Debug\libarpel_groovy_sensor_board_lib.a(onewire.o)
 .text.Chip_SYSCTL_DeassertPeriphReset
                0x0000140c       0x30 D:\Users\Arpel\git\LPCSensorNode\BOARDLib\arpel_groovy_sensor_board_lib\Debug\libarpel_groovy_sensor_board_lib.a(onewire.o)
 .text.Chip_SYSCTL_PeriphReset
                0x0000143c       0x28 D:\Users\Arpel\git\LPCSensorNode\BOARDLib\arpel_groovy_sensor_board_lib\Debug\libarpel_groovy_sensor_board_lib.a(onewire.o)
 .text.Chip_Clock_EnablePeriphClock
                0x00001464       0x34 D:\Users\Arpel\git\LPCSensorNode\BOARDLib\arpel_groovy_sensor_board_lib\Debug\libarpel_groovy_sensor_board_lib.a(onewire.o)
 .text.Chip_GPIO_SetPinState
                0x00001498       0x34 D:\Users\Arpel\git\LPCSensorNode\BOARDLib\arpel_groovy_sensor_board_lib\Debug\libarpel_groovy_sensor_board_lib.a(onewire.o)
 .text.Chip_GPIO_GetPinState
                0x000014cc       0x30 D:\Users\Arpel\git\LPCSensorNode\BOARDLib\arpel_groovy_sensor_board_lib\Debug\libarpel_groovy_sensor_board_lib.a(onewire.o)
 .text.Chip_GPIO_SetPinDIROutput
                0x000014fc       0x48 D:\Users\Arpel\git\LPCSensorNode\BOARDLib\arpel_groovy_sensor_board_lib\Debug\libarpel_groovy_sensor_board_lib.a(onewire.o)
 .text.Chip_GPIO_SetPinDIRInput
                0x00001544       0x48 D:\Users\Arpel\git\LPCSensorNode\BOARDLib\arpel_groovy_sensor_board_lib\Debug\libarpel_groovy_sensor_board_lib.a(onewire.o)
 .text.Chip_MRT_Init
                0x0000158c       0x14 D:\Users\Arpel\git\LPCSensorNode\BOARDLib\arpel_groovy_sensor_board_lib\Debug\libarpel_groovy_sensor_board_lib.a(onewire.o)
 .text.Chip_MRT_SetInterval
                0x000015a0       0x18 D:\Users\Arpel\git\LPCSensorNode\BOARDLib\arpel_groovy_sensor_board_lib\Debug\libarpel_groovy_sensor_board_lib.a(onewire.o)
 .text.Chip_MRT_SetEnabled
                0x000015b8       0x1c D:\Users\Arpel\git\LPCSensorNode\BOARDLib\arpel_groovy_sensor_board_lib\Debug\libarpel_groovy_sensor_board_lib.a(onewire.o)
 .text.Chip_MRT_SetMode
                0x000015d4       0x2c D:\Users\Arpel\git\LPCSensorNode\BOARDLib\arpel_groovy_sensor_board_lib\Debug\libarpel_groovy_sensor_board_lib.a(onewire.o)
 .text.Chip_MRT_IntClear
                0x00001600       0x1c D:\Users\Arpel\git\LPCSensorNode\BOARDLib\arpel_groovy_sensor_board_lib\Debug\libarpel_groovy_sensor_board_lib.a(onewire.o)
 .text.Chip_MRT_ClearIntPending
                0x0000161c       0x1c D:\Users\Arpel\git\LPCSensorNode\BOARDLib\arpel_groovy_sensor_board_lib\Debug\libarpel_groovy_sensor_board_lib.a(onewire.o)
 .text.ow_init  0x00001638       0x3c D:\Users\Arpel\git\LPCSensorNode\BOARDLib\arpel_groovy_sensor_board_lib\Debug\libarpel_groovy_sensor_board_lib.a(onewire.o)
                0x00001638                ow_init
 .text.ow_reset
                0x00001674       0xa4 D:\Users\Arpel\git\LPCSensorNode\BOARDLib\arpel_groovy_sensor_board_lib\Debug\libarpel_groovy_sensor_board_lib.a(onewire.o)
                0x00001674                ow_reset
 .text.ow_write
                0x00001718       0xc8 D:\Users\Arpel\git\LPCSensorNode\BOARDLib\arpel_groovy_sensor_board_lib\Debug\libarpel_groovy_sensor_board_lib.a(onewire.o)
                0x00001718                ow_write
 .text.ow_read  0x000017e0       0xb0 D:\Users\Arpel\git\LPCSensorNode\BOARDLib\arpel_groovy_sensor_board_lib\Debug\libarpel_groovy_sensor_board_lib.a(onewire.o)
                0x000017e0                ow_read
 .text.ow_write_bit
                0x00001890       0x84 D:\Users\Arpel\git\LPCSensorNode\BOARDLib\arpel_groovy_sensor_board_lib\Debug\libarpel_groovy_sensor_board_lib.a(onewire.o)
                0x00001890                ow_write_bit
 .text.ow_read_bit
                0x00001914       0x80 D:\Users\Arpel\git\LPCSensorNode\BOARDLib\arpel_groovy_sensor_board_lib\Debug\libarpel_groovy_sensor_board_lib.a(onewire.o)
                0x00001914                ow_read_bit
 .text.ow_wait_conv
                0x00001994       0x88 D:\Users\Arpel\git\LPCSensorNode\BOARDLib\arpel_groovy_sensor_board_lib\Debug\libarpel_groovy_sensor_board_lib.a(onewire.o)
                0x00001994                ow_wait_conv
 .text.MRT_IRQHandler
                0x00001a1c      0x5a8 D:\Users\Arpel\git\LPCSensorNode\BOARDLib\arpel_groovy_sensor_board_lib\Debug\libarpel_groovy_sensor_board_lib.a(onewire.o)
                0x00001a1c                MRT_IRQHandler
 .text.ow_read_temp
                0x00001fc4      0x124 D:\Users\Arpel\git\LPCSensorNode\BOARDLib\arpel_groovy_sensor_board_lib\Debug\libarpel_groovy_sensor_board_lib.a(onewire.o)
                0x00001fc4                ow_read_temp
 .text.ow_srch_next
                0x000020e8      0x22c D:\Users\Arpel\git\LPCSensorNode\BOARDLib\arpel_groovy_sensor_board_lib\Debug\libarpel_groovy_sensor_board_lib.a(onewire.o)
                0x000020e8                ow_srch_next
 .text.ow_srch_first
                0x00002314       0x30 D:\Users\Arpel\git\LPCSensorNode\BOARDLib\arpel_groovy_sensor_board_lib\Debug\libarpel_groovy_sensor_board_lib.a(onewire.o)
                0x00002314                ow_srch_first
 .text.ow_find_devices
                0x00002344       0x58 D:\Users\Arpel\git\LPCSensorNode\BOARDLib\arpel_groovy_sensor_board_lib\Debug\libarpel_groovy_sensor_board_lib.a(onewire.o)
                0x00002344                ow_find_devices
 .text.crc8     0x0000239c       0xe8 D:\Users\Arpel\git\LPCSensorNode\BOARDLib\arpel_groovy_sensor_board_lib\Debug\libarpel_groovy_sensor_board_lib.a(crc8.o)
                0x0000239c                crc8
 .text.SystemCoreClockUpdate
                0x00002484       0x18 D:\Users\Arpel\Documents\LPCXpresso_6.1.4_194\workspace\lpc_chip_8xx_lib\Debug\liblpc_chip_8xx_lib.a(chip_8xx.o)
                0x00002484                SystemCoreClockUpdate
 .text.Chip_Clock_GetMainOscRate
                0x0000249c       0x14 D:\Users\Arpel\Documents\LPCXpresso_6.1.4_194\workspace\lpc_chip_8xx_lib\Debug\liblpc_chip_8xx_lib.a(clock_8xx.o)
 .text.Chip_Clock_GetIntOscRate
                0x000024b0       0x10 D:\Users\Arpel\Documents\LPCXpresso_6.1.4_194\workspace\lpc_chip_8xx_lib\Debug\liblpc_chip_8xx_lib.a(clock_8xx.o)
 .text.Chip_Clock_GetExtClockInRate
                0x000024c0       0x14 D:\Users\Arpel\Documents\LPCXpresso_6.1.4_194\workspace\lpc_chip_8xx_lib\Debug\liblpc_chip_8xx_lib.a(clock_8xx.o)
 .text.Chip_Clock_GetWDTLFORate
                0x000024d4       0x48 D:\Users\Arpel\Documents\LPCXpresso_6.1.4_194\workspace\lpc_chip_8xx_lib\Debug\liblpc_chip_8xx_lib.a(clock_8xx.o)
 .text.Chip_Clock_GetPLLFreq
                0x0000251c       0x24 D:\Users\Arpel\Documents\LPCXpresso_6.1.4_194\workspace\lpc_chip_8xx_lib\Debug\liblpc_chip_8xx_lib.a(clock_8xx.o)
 .text.Chip_Clock_SetSystemPLLSource
                0x00002540       0x2c D:\Users\Arpel\Documents\LPCXpresso_6.1.4_194\workspace\lpc_chip_8xx_lib\Debug\liblpc_chip_8xx_lib.a(clock_8xx.o)
                0x00002540                Chip_Clock_SetSystemPLLSource
 .text.Chip_Clock_SetMainClockSource
                0x0000256c       0x2c D:\Users\Arpel\Documents\LPCXpresso_6.1.4_194\workspace\lpc_chip_8xx_lib\Debug\liblpc_chip_8xx_lib.a(clock_8xx.o)
                0x0000256c                Chip_Clock_SetMainClockSource
 .text.Chip_Clock_SetCLKOUTSource
                0x00002598       0x3c D:\Users\Arpel\Documents\LPCXpresso_6.1.4_194\workspace\lpc_chip_8xx_lib\Debug\liblpc_chip_8xx_lib.a(clock_8xx.o)
                0x00002598                Chip_Clock_SetCLKOUTSource
 .text.Chip_Clock_GetWDTOSCRate
                0x000025d4       0x1c D:\Users\Arpel\Documents\LPCXpresso_6.1.4_194\workspace\lpc_chip_8xx_lib\Debug\liblpc_chip_8xx_lib.a(clock_8xx.o)
                0x000025d4                Chip_Clock_GetWDTOSCRate
 .text.Chip_Clock_GetSystemPLLInClockRate
                0x000025f0       0x50 D:\Users\Arpel\Documents\LPCXpresso_6.1.4_194\workspace\lpc_chip_8xx_lib\Debug\liblpc_chip_8xx_lib.a(clock_8xx.o)
                0x000025f0                Chip_Clock_GetSystemPLLInClockRate
 .text.Chip_Clock_GetSystemPLLOutClockRate
                0x00002640       0x24 D:\Users\Arpel\Documents\LPCXpresso_6.1.4_194\workspace\lpc_chip_8xx_lib\Debug\liblpc_chip_8xx_lib.a(clock_8xx.o)
                0x00002640                Chip_Clock_GetSystemPLLOutClockRate
 .text.Chip_Clock_GetMainClockRate
                0x00002664       0x64 D:\Users\Arpel\Documents\LPCXpresso_6.1.4_194\workspace\lpc_chip_8xx_lib\Debug\liblpc_chip_8xx_lib.a(clock_8xx.o)
                0x00002664                Chip_Clock_GetMainClockRate
 .text.Chip_Clock_GetSystemClockRate
                0x000026c8       0x24 D:\Users\Arpel\Documents\LPCXpresso_6.1.4_194\workspace\lpc_chip_8xx_lib\Debug\liblpc_chip_8xx_lib.a(clock_8xx.o)
                0x000026c8                Chip_Clock_GetSystemClockRate
 .text.Chip_Clock_EnablePeriphClock
                0x000026ec       0x34 D:\Users\Arpel\Documents\LPCXpresso_6.1.4_194\workspace\lpc_chip_8xx_lib\Debug\liblpc_chip_8xx_lib.a(gpio_8xx.o)
 .text.Chip_GPIO_Init
                0x00002720       0x14 D:\Users\Arpel\Documents\LPCXpresso_6.1.4_194\workspace\lpc_chip_8xx_lib\Debug\liblpc_chip_8xx_lib.a(gpio_8xx.o)
                0x00002720                Chip_GPIO_Init
 .text.Chip_PMU_SleepState
                0x00002734       0x18 D:\Users\Arpel\Documents\LPCXpresso_6.1.4_194\workspace\lpc_chip_8xx_lib\Debug\liblpc_chip_8xx_lib.a(pmu_8xx.o)
                0x00002734                Chip_PMU_SleepState
 .text.Chip_SYSCTL_AssertPeriphReset
                0x0000274c       0x30 D:\Users\Arpel\Documents\LPCXpresso_6.1.4_194\workspace\lpc_chip_8xx_lib\Debug\liblpc_chip_8xx_lib.a(spi_8xx.o)
 .text.Chip_SYSCTL_DeassertPeriphReset
                0x0000277c       0x30 D:\Users\Arpel\Documents\LPCXpresso_6.1.4_194\workspace\lpc_chip_8xx_lib\Debug\liblpc_chip_8xx_lib.a(spi_8xx.o)
 .text.Chip_SYSCTL_PeriphReset
                0x000027ac       0x28 D:\Users\Arpel\Documents\LPCXpresso_6.1.4_194\workspace\lpc_chip_8xx_lib\Debug\liblpc_chip_8xx_lib.a(spi_8xx.o)
 .text.Chip_Clock_EnablePeriphClock
                0x000027d4       0x34 D:\Users\Arpel\Documents\LPCXpresso_6.1.4_194\workspace\lpc_chip_8xx_lib\Debug\liblpc_chip_8xx_lib.a(spi_8xx.o)
 .text.Chip_SPI_Enable
                0x00002808       0x1c D:\Users\Arpel\Documents\LPCXpresso_6.1.4_194\workspace\lpc_chip_8xx_lib\Debug\liblpc_chip_8xx_lib.a(spi_8xx.o)
 .text.Chip_SPI_Disable
                0x00002824       0x20 D:\Users\Arpel\Documents\LPCXpresso_6.1.4_194\workspace\lpc_chip_8xx_lib\Debug\liblpc_chip_8xx_lib.a(spi_8xx.o)
 .text.Chip_SPI_GetStatus
                0x00002844       0x14 D:\Users\Arpel\Documents\LPCXpresso_6.1.4_194\workspace\lpc_chip_8xx_lib\Debug\liblpc_chip_8xx_lib.a(spi_8xx.o)
 .text.Chip_SPI_ClearStatus
                0x00002858       0x20 D:\Users\Arpel\Documents\LPCXpresso_6.1.4_194\workspace\lpc_chip_8xx_lib\Debug\liblpc_chip_8xx_lib.a(spi_8xx.o)
 .text.Chip_SPI_SetControlInfo
                0x00002878       0x30 D:\Users\Arpel\Documents\LPCXpresso_6.1.4_194\workspace\lpc_chip_8xx_lib\Debug\liblpc_chip_8xx_lib.a(spi_8xx.o)
 .text.Chip_SPI_SendMidFrame
                0x000028a8       0x1c D:\Users\Arpel\Documents\LPCXpresso_6.1.4_194\workspace\lpc_chip_8xx_lib\Debug\liblpc_chip_8xx_lib.a(spi_8xx.o)
 .text.Chip_SPI_SendLastFrame
                0x000028c4       0x34 D:\Users\Arpel\Documents\LPCXpresso_6.1.4_194\workspace\lpc_chip_8xx_lib\Debug\liblpc_chip_8xx_lib.a(spi_8xx.o)
 .text.Chip_SPI_ReceiveFrame
                0x000028f8       0x18 D:\Users\Arpel\Documents\LPCXpresso_6.1.4_194\workspace\lpc_chip_8xx_lib\Debug\liblpc_chip_8xx_lib.a(spi_8xx.o)
 .text.SPI_Send_Data
                0x00002910       0x64 D:\Users\Arpel\Documents\LPCXpresso_6.1.4_194\workspace\lpc_chip_8xx_lib\Debug\liblpc_chip_8xx_lib.a(spi_8xx.o)
 .text.SPI_Receive_Data
                0x00002974       0x34 D:\Users\Arpel\Documents\LPCXpresso_6.1.4_194\workspace\lpc_chip_8xx_lib\Debug\liblpc_chip_8xx_lib.a(spi_8xx.o)
 .text.Chip_SPI_CalClkRateDivider
                0x000029a8       0x2c D:\Users\Arpel\Documents\LPCXpresso_6.1.4_194\workspace\lpc_chip_8xx_lib\Debug\liblpc_chip_8xx_lib.a(spi_8xx.o)
                0x000029a8                Chip_SPI_CalClkRateDivider
 .text.Chip_SPI_Init
                0x000029d4       0x9c D:\Users\Arpel\Documents\LPCXpresso_6.1.4_194\workspace\lpc_chip_8xx_lib\Debug\liblpc_chip_8xx_lib.a(spi_8xx.o)
                0x000029d4                Chip_SPI_Init
 .text.Chip_SPI_DelayConfig
                0x00002a70       0x70 D:\Users\Arpel\Documents\LPCXpresso_6.1.4_194\workspace\lpc_chip_8xx_lib\Debug\liblpc_chip_8xx_lib.a(spi_8xx.o)
                0x00002a70                Chip_SPI_DelayConfig
 .text.Chip_SPI_RWFrames_Blocking
                0x00002ae0       0xc4 D:\Users\Arpel\Documents\LPCXpresso_6.1.4_194\workspace\lpc_chip_8xx_lib\Debug\liblpc_chip_8xx_lib.a(spi_8xx.o)
                0x00002ae0                Chip_SPI_RWFrames_Blocking
 .text.Chip_SWM_MovablePinAssign
                0x00002ba4       0x64 D:\Users\Arpel\Documents\LPCXpresso_6.1.4_194\workspace\lpc_chip_8xx_lib\Debug\liblpc_chip_8xx_lib.a(swm_8xx.o)
                0x00002ba4                Chip_SWM_MovablePinAssign
 .text.Chip_SYSCTL_PowerDown
                0x00002c08       0x44 D:\Users\Arpel\Documents\LPCXpresso_6.1.4_194\workspace\lpc_chip_8xx_lib\Debug\liblpc_chip_8xx_lib.a(syscon_8xx.o)
                0x00002c08                Chip_SYSCTL_PowerDown
 .text.Chip_SYSCTL_PowerUp
                0x00002c4c       0x48 D:\Users\Arpel\Documents\LPCXpresso_6.1.4_194\workspace\lpc_chip_8xx_lib\Debug\liblpc_chip_8xx_lib.a(syscon_8xx.o)
                0x00002c4c                Chip_SYSCTL_PowerUp
 .text.__main   0x00002c94       0x12 d:/travail/wirelesshome/nxp/lpcxpresso_6.1.4_194/lpcxpresso/tools/bin/../lib/gcc/arm-none-eabi/4.6.2/../../../../arm-none-eabi/lib/armv6-m\libcr_nohost.a(_cr__main.o)
                0x00002c94                __main
 .text.memcpy   0x00002ca6        0x8 d:/travail/wirelesshome/nxp/lpcxpresso_6.1.4_194/lpcxpresso/tools/bin/../lib/gcc/arm-none-eabi/4.6.2/../../../../arm-none-eabi/lib/armv6-m\libcr_c.a(memcpy.o)
                0x00002ca6                memcpy
 *fill*         0x00002cae        0x2 00
 .text._initio  0x00002cb0       0xa0 d:/travail/wirelesshome/nxp/lpcxpresso_6.1.4_194/lpcxpresso/tools/bin/../lib/gcc/arm-none-eabi/4.6.2/../../../../arm-none-eabi/lib/armv6-m\libcr_c.a(initio.o)
                0x00002cb0                _initio
 .text.setvbuf  0x00002d50       0x48 d:/travail/wirelesshome/nxp/lpcxpresso_6.1.4_194/lpcxpresso/tools/bin/../lib/gcc/arm-none-eabi/4.6.2/../../../../arm-none-eabi/lib/armv6-m\libcr_c.a(setvbuf.o)
                0x00002d50                setvbuf
 .text.memset   0x00002d98        0x8 d:/travail/wirelesshome/nxp/lpcxpresso_6.1.4_194/lpcxpresso/tools/bin/../lib/gcc/arm-none-eabi/4.6.2/../../../../arm-none-eabi/lib/armv6-m\libcr_c.a(memset.o)
                0x00002d98                memset
 .text._deferredlazyseek
                0x00002da0       0x44 d:/travail/wirelesshome/nxp/lpcxpresso_6.1.4_194/lpcxpresso/tools/bin/../lib/gcc/arm-none-eabi/4.6.2/../../../../arm-none-eabi/lib/armv6-m\libcr_c.a(_deferredlazyseek.o)
                0x00002da0                _deferredlazyseek
 .text._fdopen  0x00002de4       0x78 d:/travail/wirelesshome/nxp/lpcxpresso_6.1.4_194/lpcxpresso/tools/bin/../lib/gcc/arm-none-eabi/4.6.2/../../../../arm-none-eabi/lib/armv6-m\libcr_c.a(_fdopen.o)
                0x00002de4                _fdopen
 .text._fflush  0x00002e5c       0x60 d:/travail/wirelesshome/nxp/lpcxpresso_6.1.4_194/lpcxpresso/tools/bin/../lib/gcc/arm-none-eabi/4.6.2/../../../../arm-none-eabi/lib/armv6-m\libcr_c.a(_fflush.o)
                0x00002e5c                _fflush
 .text._Cwritebuf
                0x00002ebc       0x6c d:/travail/wirelesshome/nxp/lpcxpresso_6.1.4_194/lpcxpresso/tools/bin/../lib/gcc/arm-none-eabi/4.6.2/../../../../arm-none-eabi/lib/armv6-m\libcr_c.a(_writebuf.o)
                0x00002ebc                _Cwritebuf
 .text.malloc   0x00002f28       0xbc d:/travail/wirelesshome/nxp/lpcxpresso_6.1.4_194/lpcxpresso/tools/bin/../lib/gcc/arm-none-eabi/4.6.2/../../../../arm-none-eabi/lib/armv6-m\libcr_c.a(alloc.o)
                0x00002f28                malloc
 .text.free     0x00002fe4       0x10 d:/travail/wirelesshome/nxp/lpcxpresso_6.1.4_194/lpcxpresso/tools/bin/../lib/gcc/arm-none-eabi/4.6.2/../../../../arm-none-eabi/lib/armv6-m\libcr_c.a(alloc.o)
                0x00002fe4                free
 .text._Csys_alloc
                0x00002ff4       0x20 d:/travail/wirelesshome/nxp/lpcxpresso_6.1.4_194/lpcxpresso/tools/bin/../lib/gcc/arm-none-eabi/4.6.2/../../../../arm-none-eabi/lib/armv6-m\libcr_c.a(alloc.o)
                0x00002ff4                _Csys_alloc
 .text.fclose   0x00003014       0x70 d:/travail/wirelesshome/nxp/lpcxpresso_6.1.4_194/lpcxpresso/tools/bin/../lib/gcc/arm-none-eabi/4.6.2/../../../../arm-none-eabi/lib/armv6-m\libcr_c.a(fclose.o)
                0x00003014                fclose
 .text.fflush   0x00003084       0x38 d:/travail/wirelesshome/nxp/lpcxpresso_6.1.4_194/lpcxpresso/tools/bin/../lib/gcc/arm-none-eabi/4.6.2/../../../../arm-none-eabi/lib/armv6-m\libcr_c.a(fflush.o)
                0x00003084                fflush
 .text.fseek    0x000030bc       0xf0 d:/travail/wirelesshome/nxp/lpcxpresso_6.1.4_194/lpcxpresso/tools/bin/../lib/gcc/arm-none-eabi/4.6.2/../../../../arm-none-eabi/lib/armv6-m\libcr_c.a(fseek.o)
                0x000030bc                fseek
 .text.ftell    0x000031ac       0x4c d:/travail/wirelesshome/nxp/lpcxpresso_6.1.4_194/lpcxpresso/tools/bin/../lib/gcc/arm-none-eabi/4.6.2/../../../../arm-none-eabi/lib/armv6-m\libcr_c.a(ftell.o)
                0x000031ac                ftell
 .text.remove   0x000031f8       0x12 d:/travail/wirelesshome/nxp/lpcxpresso_6.1.4_194/lpcxpresso/tools/bin/../lib/gcc/arm-none-eabi/4.6.2/../../../../arm-none-eabi/lib/armv6-m\libcr_c.a(remove.o)
                0x000031f8                remove
 *fill*         0x0000320a        0x2 00
 .text.strlen   0x0000320c       0x58 d:/travail/wirelesshome/nxp/lpcxpresso_6.1.4_194/lpcxpresso/tools/bin/../lib/gcc/arm-none-eabi/4.6.2/../../../../arm-none-eabi/lib/armv6-m\libcr_c.a(strlen.o)
                0x0000320c                strlen
 .text._do_fflush
                0x00003264       0x48 d:/travail/wirelesshome/nxp/lpcxpresso_6.1.4_194/lpcxpresso/tools/bin/../lib/gcc/arm-none-eabi/4.6.2/../../../../arm-none-eabi/lib/armv6-m\libcr_c.a(_do_fflush.o)
                0x00003264                _do_fflush
 .text.__aeabi_division_uidivmod
                0x000032ac       0x72 d:/travail/wirelesshome/nxp/lpcxpresso_6.1.4_194/lpcxpresso/tools/bin/../lib/gcc/arm-none-eabi/4.6.2/armv6-m\libcr_eabihelpers.a(division.o)
                0x000032ac                __aeabi_uidivmod
                0x000032ac                __aeabi_uidiv
 .text.__aeabi_division_idiv0
                0x0000331e        0x2 d:/travail/wirelesshome/nxp/lpcxpresso_6.1.4_194/lpcxpresso/tools/bin/../lib/gcc/arm-none-eabi/4.6.2/armv6-m\libcr_eabihelpers.a(division.o)
                0x0000331e                __aeabi_idiv0
 .text.__aeabi_memcpy
                0x00003320       0x2c d:/travail/wirelesshome/nxp/lpcxpresso_6.1.4_194/lpcxpresso/tools/bin/../lib/gcc/arm-none-eabi/4.6.2/armv6-m\libcr_eabihelpers.a(memcpy.o)
                0x00003320                __aeabi_memcpy4
                0x00003320                __aeabi_memcpy8
                0x00003320                __aeabi_memcpy
 .text.__aeabi_memset_lowlevel
                0x0000334c       0x2a d:/travail/wirelesshome/nxp/lpcxpresso_6.1.4_194/lpcxpresso/tools/bin/../lib/gcc/arm-none-eabi/4.6.2/armv6-m\libcr_eabihelpers.a(memcpy.o)
                0x0000334c                __aeabi_lowlevel_memset
 .text.__sys_appexit
                0x00003376        0x4 d:/travail/wirelesshome/nxp/lpcxpresso_6.1.4_194/lpcxpresso/tools/bin/../lib/gcc/arm-none-eabi/4.6.2/../../../../arm-none-eabi/lib/armv6-m\libcr_nohost.a(__sys_appexit.o)
                0x00003376                __sys_appexit
                0x00003376                __exit
 .text.__sys_close
                0x0000337a        0x6 d:/travail/wirelesshome/nxp/lpcxpresso_6.1.4_194/lpcxpresso/tools/bin/../lib/gcc/arm-none-eabi/4.6.2/../../../../arm-none-eabi/lib/armv6-m\libcr_nohost.a(__sys_close.o)
                0x0000337a                __sys_close
 .text.__sys_flen
                0x00003380        0x6 d:/travail/wirelesshome/nxp/lpcxpresso_6.1.4_194/lpcxpresso/tools/bin/../lib/gcc/arm-none-eabi/4.6.2/../../../../arm-none-eabi/lib/armv6-m\libcr_nohost.a(__sys_flen.o)
                0x00003380                __sys_flen
 .text.__sys_istty
                0x00003386        0x6 d:/travail/wirelesshome/nxp/lpcxpresso_6.1.4_194/lpcxpresso/tools/bin/../lib/gcc/arm-none-eabi/4.6.2/../../../../arm-none-eabi/lib/armv6-m\libcr_nohost.a(__sys_istty.o)
                0x00003386                __sys_istty
 .text.__sys_remove
                0x0000338c        0x6 d:/travail/wirelesshome/nxp/lpcxpresso_6.1.4_194/lpcxpresso/tools/bin/../lib/gcc/arm-none-eabi/4.6.2/../../../../arm-none-eabi/lib/armv6-m\libcr_nohost.a(__sys_remove.o)
                0x0000338c                __sys_remove
 .text.__sys_seek
                0x00003392        0x6 d:/travail/wirelesshome/nxp/lpcxpresso_6.1.4_194/lpcxpresso/tools/bin/../lib/gcc/arm-none-eabi/4.6.2/../../../../arm-none-eabi/lib/armv6-m\libcr_nohost.a(__sys_seek.o)
                0x00003392                __sys_seek
 .text.__sys_tmpnam
                0x00003398        0x6 d:/travail/wirelesshome/nxp/lpcxpresso_6.1.4_194/lpcxpresso/tools/bin/../lib/gcc/arm-none-eabi/4.6.2/../../../../arm-none-eabi/lib/armv6-m\libcr_nohost.a(__sys_tmpnam.o)
                0x00003398                __sys_tmpnam
 *fill*         0x0000339e        0x2 00
 .text._sbrk    0x000033a0       0x40 d:/travail/wirelesshome/nxp/lpcxpresso_6.1.4_194/lpcxpresso/tools/bin/../lib/gcc/arm-none-eabi/4.6.2/../../../../arm-none-eabi/lib/armv6-m\libcr_nohost.a(_cr_sbrk.o)
                0x000033a0                _sbrk
 .text.__check_heap_overflow
                0x000033e0       0x2c d:/travail/wirelesshome/nxp/lpcxpresso_6.1.4_194/lpcxpresso/tools/bin/../lib/gcc/arm-none-eabi/4.6.2/../../../../arm-none-eabi/lib/armv6-m\libcr_nohost.a(_cr_check_heap.o)
                0x000033e0                __check_heap_overflow
 *(.rodata .rodata.* .constdata .constdata.*)
 .rodata.PININT0_IRQHandler
                0x0000340c       0x2c D:\Users\Arpel\git\LPCSensorNode\BOARDLib\arpel_groovy_sensor_board_lib\Debug\libarpel_groovy_sensor_board_lib.a(RF12.o)
 .rodata.ledBits
                0x00003438        0x4 D:\Users\Arpel\git\LPCSensorNode\BOARDLib\arpel_groovy_sensor_board_lib\Debug\libarpel_groovy_sensor_board_lib.a(board.o)
 .rodata.OscRateIn
                0x0000343c        0x4 D:\Users\Arpel\git\LPCSensorNode\BOARDLib\arpel_groovy_sensor_board_lib\Debug\libarpel_groovy_sensor_board_lib.a(board.o)
                0x0000343c                OscRateIn
 .rodata.ExtRateIn
                0x00003440        0x4 D:\Users\Arpel\git\LPCSensorNode\BOARDLib\arpel_groovy_sensor_board_lib\Debug\libarpel_groovy_sensor_board_lib.a(board.o)
                0x00003440                ExtRateIn
 .rodata.MRT_IRQHandler
                0x00003444       0x50 D:\Users\Arpel\git\LPCSensorNode\BOARDLib\arpel_groovy_sensor_board_lib\Debug\libarpel_groovy_sensor_board_lib.a(onewire.o)
 .rodata.wdtOSCRate
                0x00003494       0x40 D:\Users\Arpel\Documents\LPCXpresso_6.1.4_194\workspace\lpc_chip_8xx_lib\Debug\liblpc_chip_8xx_lib.a(clock_8xx.o)
 .rodata.str1.1
                0x000034d4        0x4 d:/travail/wirelesshome/nxp/lpcxpresso_6.1.4_194/lpcxpresso/tools/bin/../lib/gcc/arm-none-eabi/4.6.2/../../../../arm-none-eabi/lib/armv6-m\libcr_c.a(initio.o)
 .rodata.str1.1
                0x000034d8       0x18 d:/travail/wirelesshome/nxp/lpcxpresso_6.1.4_194/lpcxpresso/tools/bin/../lib/gcc/arm-none-eabi/4.6.2/../../../../arm-none-eabi/lib/armv6-m\libcr_c.a(alloc.o)
                0x000034f0                . = ALIGN (0x4)

.glue_7         0x000034f0        0x0
 .glue_7        0x00000000        0x0 linker stubs

.glue_7t        0x000034f0        0x0
 .glue_7t       0x00000000        0x0 linker stubs

.vfp11_veneer   0x000034f0        0x0
 .vfp11_veneer  0x00000000        0x0 linker stubs

.v4_bx          0x000034f0        0x0
 .v4_bx         0x00000000        0x0 linker stubs

.ARM.extab
 *(.ARM.extab* .gnu.linkonce.armextab.*)
                0x000034f0                __exidx_start = .

.ARM.exidx
 *(.ARM.exidx* .gnu.linkonce.armexidx.*)
                0x000034f0                __exidx_end = .
                0x000034f0                _etext = .

.mtb_buffer_default
                0x10000000       0x20
 *(.mtb*)
 .mtb.$RAM1     0x10000000       0x20 ./example/src/sensor_test_main.o
                0x10000000                __mtb_buffer__

.uninit_RESERVED
                0x10000020        0x0
 *(.bss.$RESERVED*)
                0x10000020                . = ALIGN (0x4)
                0x10000020                _end_uninit_RESERVED = .

.data           0x10000020        0x4 load address 0x000034f0
 FILL mask 0xff
                0x10000020                _data = .
 *(vtable)
 *(.data*)
 .data.tempFlag
                0x10000020        0x1 D:\Users\Arpel\git\LPCSensorNode\BOARDLib\arpel_groovy_sensor_board_lib\Debug\libarpel_groovy_sensor_board_lib.a(onewire.o)
                0x10000024                . = ALIGN (0x4)
 *fill*         0x10000021        0x3 ff
                0x10000024                _edata = .

.bss            0x10000028      0x2ec load address 0x000034f4
                0x10000028                _bss = .
 *(.bss*)
 .bss.sysTick   0x10000028        0x4 ./example/src/sensor_test_main.o
 .bss.OW_sensorCount
                0x1000002c        0x2 ./example/src/sensor_test_main.o
                0x1000002c                OW_sensorCount
 .bss.nodeid    0x1000002e        0x1 D:\Users\Arpel\git\LPCSensorNode\BOARDLib\arpel_groovy_sensor_board_lib\Debug\libarpel_groovy_sensor_board_lib.a(RF12.o)
 .bss.group     0x1000002f        0x1 D:\Users\Arpel\git\LPCSensorNode\BOARDLib\arpel_groovy_sensor_board_lib\Debug\libarpel_groovy_sensor_board_lib.a(RF12.o)
 .bss.frequency
                0x10000030        0x2 D:\Users\Arpel\git\LPCSensorNode\BOARDLib\arpel_groovy_sensor_board_lib\Debug\libarpel_groovy_sensor_board_lib.a(RF12.o)
 .bss.rxfill    0x10000032        0x1 D:\Users\Arpel\git\LPCSensorNode\BOARDLib\arpel_groovy_sensor_board_lib\Debug\libarpel_groovy_sensor_board_lib.a(RF12.o)
 .bss.rxstate   0x10000033        0x1 D:\Users\Arpel\git\LPCSensorNode\BOARDLib\arpel_groovy_sensor_board_lib\Debug\libarpel_groovy_sensor_board_lib.a(RF12.o)
 .bss.TxBuf     0x10000034       0x14 D:\Users\Arpel\git\LPCSensorNode\BOARDLib\arpel_groovy_sensor_board_lib\Debug\libarpel_groovy_sensor_board_lib.a(RF12.o)
 .bss.RxBuf     0x10000048       0x14 D:\Users\Arpel\git\LPCSensorNode\BOARDLib\arpel_groovy_sensor_board_lib\Debug\libarpel_groovy_sensor_board_lib.a(RF12.o)
 .bss.ConfigStruct
                0x1000005c        0x8 D:\Users\Arpel\git\LPCSensorNode\BOARDLib\arpel_groovy_sensor_board_lib\Debug\libarpel_groovy_sensor_board_lib.a(RF12.o)
 .bss.DelayConfigStruct
                0x10000064        0x4 D:\Users\Arpel\git\LPCSensorNode\BOARDLib\arpel_groovy_sensor_board_lib\Debug\libarpel_groovy_sensor_board_lib.a(RF12.o)
 .bss.XfSetup   0x10000068       0x18 D:\Users\Arpel\git\LPCSensorNode\BOARDLib\arpel_groovy_sensor_board_lib\Debug\libarpel_groovy_sensor_board_lib.a(RF12.o)
 .bss.pinStatescount
                0x10000080        0x4 D:\Users\Arpel\git\LPCSensorNode\BOARDLib\arpel_groovy_sensor_board_lib\Debug\libarpel_groovy_sensor_board_lib.a(RF12.o)
                0x10000080                pinStatescount
 .bss.ow_state  0x10000084        0x1 D:\Users\Arpel\git\LPCSensorNode\BOARDLib\arpel_groovy_sensor_board_lib\Debug\libarpel_groovy_sensor_board_lib.a(onewire.o)
 .bss.presence  0x10000085        0x1 D:\Users\Arpel\git\LPCSensorNode\BOARDLib\arpel_groovy_sensor_board_lib\Debug\libarpel_groovy_sensor_board_lib.a(onewire.o)
 *fill*         0x10000086        0x2 00
 .bss.data_ptr  0x10000088        0x4 D:\Users\Arpel\git\LPCSensorNode\BOARDLib\arpel_groovy_sensor_board_lib\Debug\libarpel_groovy_sensor_board_lib.a(onewire.o)
 .bss.data_len  0x1000008c        0x2 D:\Users\Arpel\git\LPCSensorNode\BOARDLib\arpel_groovy_sensor_board_lib\Debug\libarpel_groovy_sensor_board_lib.a(onewire.o)
 .bss.data_index
                0x1000008e        0x2 D:\Users\Arpel\git\LPCSensorNode\BOARDLib\arpel_groovy_sensor_board_lib\Debug\libarpel_groovy_sensor_board_lib.a(onewire.o)
 .bss.cur_byte  0x10000090        0x1 D:\Users\Arpel\git\LPCSensorNode\BOARDLib\arpel_groovy_sensor_board_lib\Debug\libarpel_groovy_sensor_board_lib.a(onewire.o)
 .bss.bit_pos   0x10000091        0x1 D:\Users\Arpel\git\LPCSensorNode\BOARDLib\arpel_groovy_sensor_board_lib\Debug\libarpel_groovy_sensor_board_lib.a(onewire.o)
 .bss.single_bit
                0x10000092        0x1 D:\Users\Arpel\git\LPCSensorNode\BOARDLib\arpel_groovy_sensor_board_lib\Debug\libarpel_groovy_sensor_board_lib.a(onewire.o)
 .bss.wait_conv_state
                0x10000093        0x1 D:\Users\Arpel\git\LPCSensorNode\BOARDLib\arpel_groovy_sensor_board_lib\Debug\libarpel_groovy_sensor_board_lib.a(onewire.o)
 .bss.bitbanger
                0x10000094        0x4 D:\Users\Arpel\git\LPCSensorNode\BOARDLib\arpel_groovy_sensor_board_lib\Debug\libarpel_groovy_sensor_board_lib.a(onewire.o)
                0x10000094                bitbanger
 .bss.read_buf  0x10000098        0xc D:\Users\Arpel\git\LPCSensorNode\BOARDLib\arpel_groovy_sensor_board_lib\Debug\libarpel_groovy_sensor_board_lib.a(onewire.o)
 .bss.nLastDiscrepancy_u8
                0x100000a4        0x1 D:\Users\Arpel\git\LPCSensorNode\BOARDLib\arpel_groovy_sensor_board_lib\Debug\libarpel_groovy_sensor_board_lib.a(onewire.o)
 .bss.doneFlag  0x100000a5        0x1 D:\Users\Arpel\git\LPCSensorNode\BOARDLib\arpel_groovy_sensor_board_lib\Debug\libarpel_groovy_sensor_board_lib.a(onewire.o)
 *fill*         0x100000a6        0x2 00
 .bss.wr_buf.5894
                0x100000a8        0xc D:\Users\Arpel\git\LPCSensorNode\BOARDLib\arpel_groovy_sensor_board_lib\Debug\libarpel_groovy_sensor_board_lib.a(onewire.o)
 .bss.errno     0x100000b4        0x4 d:/travail/wirelesshome/nxp/lpcxpresso_6.1.4_194/lpcxpresso/tools/bin/../lib/gcc/arm-none-eabi/4.6.2/../../../../arm-none-eabi/lib/armv6-m\libcr_c.a(errno.o)
                0x100000b4                errno
 *(COMMON)
 COMMON         0x100000b8       0x36 ./example/src/sensor_test_main.o
                0x100000b8                OW_sensorList
                0x100000d8                temperature
                0x100000e0                sensor_counter
                0x100000e2                t_val
                0x100000e4                staticpayload
 *fill*         0x100000ee        0x2 00
 COMMON         0x100000f0       0xd4 D:\Users\Arpel\git\LPCSensorNode\BOARDLib\arpel_groovy_sensor_board_lib\Debug\libarpel_groovy_sensor_board_lib.a(RF12.o)
                0x100000f0                rf12_buf
                0x10000138                crypter
                0x1000013c                rf12_crc
                0x10000140                pinStates
                0x100001c0                rf12_seq
 COMMON         0x100001c4        0x4 D:\Users\Arpel\Documents\LPCXpresso_6.1.4_194\workspace\lpc_chip_8xx_lib\Debug\liblpc_chip_8xx_lib.a(chip_8xx.o)
                0x100001c4                SystemCoreClock
 COMMON         0x100001c8        0x4 d:/travail/wirelesshome/nxp/lpcxpresso_6.1.4_194/lpcxpresso/tools/bin/../lib/gcc/arm-none-eabi/4.6.2/../../../../arm-none-eabi/lib/armv6-m\libcr_c.a(initio.o)
                0x100001c8                _extra
 COMMON         0x100001cc      0x140 d:/travail/wirelesshome/nxp/lpcxpresso_6.1.4_194/lpcxpresso/tools/bin/../lib/gcc/arm-none-eabi/4.6.2/../../../../arm-none-eabi/lib/armv6-m\libcr_c.a(stdio.o)
                0x100001cc                __Ciob
 COMMON         0x1000030c        0x8 d:/travail/wirelesshome/nxp/lpcxpresso_6.1.4_194/lpcxpresso/tools/bin/../lib/gcc/arm-none-eabi/4.6.2/../../../../arm-none-eabi/lib/armv6-m\libcr_c.a(__init_alloc.o)
                0x1000030c                __heaps
                0x10000310                __end_of_heap
                0x10000314                . = ALIGN (0x4)
                0x10000314                _ebss = .
                0x10000314                PROVIDE (end, .)

.noinit         0x10000314        0x0 load address 0x000034f4
                0x10000314                _noinit = .
 *(.noinit*)
                0x10000314                . = ALIGN (0x4)
                0x10000314                _end_noinit = .
                0x10000314                PROVIDE (_pvHeapStart, .)
                0x10001000                PROVIDE (_vStackTop, (__top_RamLoc4 - 0x0))
OUTPUT(arpel_groovy_sensor_test.axf elf32-littlearm)

.debug_info     0x00000000     0x758c
 .debug_info    0x00000000      0x25d ./example/src/cr_startup_lpc8xx.o
 .debug_info    0x0000025d       0x48 ./example/src/crp.o
 .debug_info    0x000002a5       0x29 ./example/src/mtb.o
 .debug_info    0x000002ce      0x8bf ./example/src/sensor_test_main.o
 .debug_info    0x00000b8d       0xdb ./example/src/sysinit.o
 .debug_info    0x00000c68     0x1661 D:\Users\Arpel\git\LPCSensorNode\BOARDLib\arpel_groovy_sensor_board_lib\Debug\libarpel_groovy_sensor_board_lib.a(RF12.o)
 .debug_info    0x000022c9      0xa7c D:\Users\Arpel\git\LPCSensorNode\BOARDLib\arpel_groovy_sensor_board_lib\Debug\libarpel_groovy_sensor_board_lib.a(board.o)
 .debug_info    0x00002d45      0x97b D:\Users\Arpel\git\LPCSensorNode\BOARDLib\arpel_groovy_sensor_board_lib\Debug\libarpel_groovy_sensor_board_lib.a(board_sysinit.o)
 .debug_info    0x000036c0     0x120b D:\Users\Arpel\git\LPCSensorNode\BOARDLib\arpel_groovy_sensor_board_lib\Debug\libarpel_groovy_sensor_board_lib.a(onewire.o)
 .debug_info    0x000048cb      0x110 D:\Users\Arpel\git\LPCSensorNode\BOARDLib\arpel_groovy_sensor_board_lib\Debug\libarpel_groovy_sensor_board_lib.a(crc8.o)
 .debug_info    0x000049db       0xf3 D:\Users\Arpel\Documents\LPCXpresso_6.1.4_194\workspace\lpc_chip_8xx_lib\Debug\liblpc_chip_8xx_lib.a(chip_8xx.o)
 .debug_info    0x00004ace      0x7e2 D:\Users\Arpel\Documents\LPCXpresso_6.1.4_194\workspace\lpc_chip_8xx_lib\Debug\liblpc_chip_8xx_lib.a(clock_8xx.o)
 .debug_info    0x000052b0      0x901 D:\Users\Arpel\Documents\LPCXpresso_6.1.4_194\workspace\lpc_chip_8xx_lib\Debug\liblpc_chip_8xx_lib.a(gpio_8xx.o)
 .debug_info    0x00005bb1      0x320 D:\Users\Arpel\Documents\LPCXpresso_6.1.4_194\workspace\lpc_chip_8xx_lib\Debug\liblpc_chip_8xx_lib.a(pmu_8xx.o)
 .debug_info    0x00005ed1      0xe1d D:\Users\Arpel\Documents\LPCXpresso_6.1.4_194\workspace\lpc_chip_8xx_lib\Debug\liblpc_chip_8xx_lib.a(spi_8xx.o)
 .debug_info    0x00006cee      0x37b D:\Users\Arpel\Documents\LPCXpresso_6.1.4_194\workspace\lpc_chip_8xx_lib\Debug\liblpc_chip_8xx_lib.a(swm_8xx.o)
 .debug_info    0x00007069      0x523 D:\Users\Arpel\Documents\LPCXpresso_6.1.4_194\workspace\lpc_chip_8xx_lib\Debug\liblpc_chip_8xx_lib.a(syscon_8xx.o)

.debug_abbrev   0x00000000     0x14ef
 .debug_abbrev  0x00000000       0xf6 ./example/src/cr_startup_lpc8xx.o
 .debug_abbrev  0x000000f6       0x39 ./example/src/crp.o
 .debug_abbrev  0x0000012f       0x16 ./example/src/mtb.o
 .debug_abbrev  0x00000145      0x222 ./example/src/sensor_test_main.o
 .debug_abbrev  0x00000367       0x68 ./example/src/sysinit.o
 .debug_abbrev  0x000003cf      0x335 D:\Users\Arpel\git\LPCSensorNode\BOARDLib\arpel_groovy_sensor_board_lib\Debug\libarpel_groovy_sensor_board_lib.a(RF12.o)
 .debug_abbrev  0x00000704      0x1d3 D:\Users\Arpel\git\LPCSensorNode\BOARDLib\arpel_groovy_sensor_board_lib\Debug\libarpel_groovy_sensor_board_lib.a(board.o)
 .debug_abbrev  0x000008d7      0x139 D:\Users\Arpel\git\LPCSensorNode\BOARDLib\arpel_groovy_sensor_board_lib\Debug\libarpel_groovy_sensor_board_lib.a(board_sysinit.o)
 .debug_abbrev  0x00000a10      0x2ea D:\Users\Arpel\git\LPCSensorNode\BOARDLib\arpel_groovy_sensor_board_lib\Debug\libarpel_groovy_sensor_board_lib.a(onewire.o)
 .debug_abbrev  0x00000cfa       0x8a D:\Users\Arpel\git\LPCSensorNode\BOARDLib\arpel_groovy_sensor_board_lib\Debug\libarpel_groovy_sensor_board_lib.a(crc8.o)
 .debug_abbrev  0x00000d84       0x79 D:\Users\Arpel\Documents\LPCXpresso_6.1.4_194\workspace\lpc_chip_8xx_lib\Debug\liblpc_chip_8xx_lib.a(chip_8xx.o)
 .debug_abbrev  0x00000dfd      0x14f D:\Users\Arpel\Documents\LPCXpresso_6.1.4_194\workspace\lpc_chip_8xx_lib\Debug\liblpc_chip_8xx_lib.a(clock_8xx.o)
 .debug_abbrev  0x00000f4c      0x102 D:\Users\Arpel\Documents\LPCXpresso_6.1.4_194\workspace\lpc_chip_8xx_lib\Debug\liblpc_chip_8xx_lib.a(gpio_8xx.o)
 .debug_abbrev  0x0000104e      0x125 D:\Users\Arpel\Documents\LPCXpresso_6.1.4_194\workspace\lpc_chip_8xx_lib\Debug\liblpc_chip_8xx_lib.a(pmu_8xx.o)
 .debug_abbrev  0x00001173      0x1c6 D:\Users\Arpel\Documents\LPCXpresso_6.1.4_194\workspace\lpc_chip_8xx_lib\Debug\liblpc_chip_8xx_lib.a(spi_8xx.o)
 .debug_abbrev  0x00001339       0xf9 D:\Users\Arpel\Documents\LPCXpresso_6.1.4_194\workspace\lpc_chip_8xx_lib\Debug\liblpc_chip_8xx_lib.a(swm_8xx.o)
 .debug_abbrev  0x00001432       0xbd D:\Users\Arpel\Documents\LPCXpresso_6.1.4_194\workspace\lpc_chip_8xx_lib\Debug\liblpc_chip_8xx_lib.a(syscon_8xx.o)

.debug_loc      0x00000000     0x2663
 .debug_loc     0x00000000      0x28f ./example/src/cr_startup_lpc8xx.o
 .debug_loc     0x0000028f      0x17c ./example/src/sensor_test_main.o
 .debug_loc     0x0000040b       0x2c ./example/src/sysinit.o
 .debug_loc     0x00000437      0x734 D:\Users\Arpel\git\LPCSensorNode\BOARDLib\arpel_groovy_sensor_board_lib\Debug\libarpel_groovy_sensor_board_lib.a(RF12.o)
 .debug_loc     0x00000b6b      0x424 D:\Users\Arpel\git\LPCSensorNode\BOARDLib\arpel_groovy_sensor_board_lib\Debug\libarpel_groovy_sensor_board_lib.a(board.o)
 .debug_loc     0x00000f8f      0x1c8 D:\Users\Arpel\git\LPCSensorNode\BOARDLib\arpel_groovy_sensor_board_lib\Debug\libarpel_groovy_sensor_board_lib.a(board_sysinit.o)
 .debug_loc     0x00001157      0x680 D:\Users\Arpel\git\LPCSensorNode\BOARDLib\arpel_groovy_sensor_board_lib\Debug\libarpel_groovy_sensor_board_lib.a(onewire.o)
 .debug_loc     0x000017d7       0x38 D:\Users\Arpel\git\LPCSensorNode\BOARDLib\arpel_groovy_sensor_board_lib\Debug\libarpel_groovy_sensor_board_lib.a(crc8.o)
 .debug_loc     0x0000180f       0x2c D:\Users\Arpel\Documents\LPCXpresso_6.1.4_194\workspace\lpc_chip_8xx_lib\Debug\liblpc_chip_8xx_lib.a(chip_8xx.o)
 .debug_loc     0x0000183b      0x2c8 D:\Users\Arpel\Documents\LPCXpresso_6.1.4_194\workspace\lpc_chip_8xx_lib\Debug\liblpc_chip_8xx_lib.a(clock_8xx.o)
 .debug_loc     0x00001b03      0x2a0 D:\Users\Arpel\Documents\LPCXpresso_6.1.4_194\workspace\lpc_chip_8xx_lib\Debug\liblpc_chip_8xx_lib.a(gpio_8xx.o)
 .debug_loc     0x00001da3      0x118 D:\Users\Arpel\Documents\LPCXpresso_6.1.4_194\workspace\lpc_chip_8xx_lib\Debug\liblpc_chip_8xx_lib.a(pmu_8xx.o)
 .debug_loc     0x00001ebb      0x5e8 D:\Users\Arpel\Documents\LPCXpresso_6.1.4_194\workspace\lpc_chip_8xx_lib\Debug\liblpc_chip_8xx_lib.a(spi_8xx.o)
 .debug_loc     0x000024a3       0xe0 D:\Users\Arpel\Documents\LPCXpresso_6.1.4_194\workspace\lpc_chip_8xx_lib\Debug\liblpc_chip_8xx_lib.a(swm_8xx.o)
 .debug_loc     0x00002583       0xe0 D:\Users\Arpel\Documents\LPCXpresso_6.1.4_194\workspace\lpc_chip_8xx_lib\Debug\liblpc_chip_8xx_lib.a(syscon_8xx.o)

.debug_aranges  0x00000000      0x700
 .debug_aranges
                0x00000000       0x60 ./example/src/cr_startup_lpc8xx.o
 .debug_aranges
                0x00000060       0x50 ./example/src/sensor_test_main.o
 .debug_aranges
                0x000000b0       0x20 ./example/src/sysinit.o
 .debug_aranges
                0x000000d0      0x128 D:\Users\Arpel\git\LPCSensorNode\BOARDLib\arpel_groovy_sensor_board_lib\Debug\libarpel_groovy_sensor_board_lib.a(RF12.o)
 .debug_aranges
                0x000001f8       0xb8 D:\Users\Arpel\git\LPCSensorNode\BOARDLib\arpel_groovy_sensor_board_lib\Debug\libarpel_groovy_sensor_board_lib.a(board.o)
 .debug_aranges
                0x000002b0       0x60 D:\Users\Arpel\git\LPCSensorNode\BOARDLib\arpel_groovy_sensor_board_lib\Debug\libarpel_groovy_sensor_board_lib.a(board_sysinit.o)
 .debug_aranges
                0x00000310      0x110 D:\Users\Arpel\git\LPCSensorNode\BOARDLib\arpel_groovy_sensor_board_lib\Debug\libarpel_groovy_sensor_board_lib.a(onewire.o)
 .debug_aranges
                0x00000420       0x20 D:\Users\Arpel\git\LPCSensorNode\BOARDLib\arpel_groovy_sensor_board_lib\Debug\libarpel_groovy_sensor_board_lib.a(crc8.o)
 .debug_aranges
                0x00000440       0x20 D:\Users\Arpel\Documents\LPCXpresso_6.1.4_194\workspace\lpc_chip_8xx_lib\Debug\liblpc_chip_8xx_lib.a(chip_8xx.o)
 .debug_aranges
                0x00000460       0x88 D:\Users\Arpel\Documents\LPCXpresso_6.1.4_194\workspace\lpc_chip_8xx_lib\Debug\liblpc_chip_8xx_lib.a(clock_8xx.o)
 .debug_aranges
                0x000004e8       0x78 D:\Users\Arpel\Documents\LPCXpresso_6.1.4_194\workspace\lpc_chip_8xx_lib\Debug\liblpc_chip_8xx_lib.a(gpio_8xx.o)
 .debug_aranges
                0x00000560       0x40 D:\Users\Arpel\Documents\LPCXpresso_6.1.4_194\workspace\lpc_chip_8xx_lib\Debug\liblpc_chip_8xx_lib.a(pmu_8xx.o)
 .debug_aranges
                0x000005a0       0xf0 D:\Users\Arpel\Documents\LPCXpresso_6.1.4_194\workspace\lpc_chip_8xx_lib\Debug\liblpc_chip_8xx_lib.a(spi_8xx.o)
 .debug_aranges
                0x00000690       0x38 D:\Users\Arpel\Documents\LPCXpresso_6.1.4_194\workspace\lpc_chip_8xx_lib\Debug\liblpc_chip_8xx_lib.a(swm_8xx.o)
 .debug_aranges
                0x000006c8       0x38 D:\Users\Arpel\Documents\LPCXpresso_6.1.4_194\workspace\lpc_chip_8xx_lib\Debug\liblpc_chip_8xx_lib.a(syscon_8xx.o)

.debug_ranges   0x00000000      0x610
 .debug_ranges  0x00000000       0x50 ./example/src/cr_startup_lpc8xx.o
 .debug_ranges  0x00000050       0x40 ./example/src/sensor_test_main.o
 .debug_ranges  0x00000090       0x10 ./example/src/sysinit.o
 .debug_ranges  0x000000a0      0x118 D:\Users\Arpel\git\LPCSensorNode\BOARDLib\arpel_groovy_sensor_board_lib\Debug\libarpel_groovy_sensor_board_lib.a(RF12.o)
 .debug_ranges  0x000001b8       0xa8 D:\Users\Arpel\git\LPCSensorNode\BOARDLib\arpel_groovy_sensor_board_lib\Debug\libarpel_groovy_sensor_board_lib.a(board.o)
 .debug_ranges  0x00000260       0x50 D:\Users\Arpel\git\LPCSensorNode\BOARDLib\arpel_groovy_sensor_board_lib\Debug\libarpel_groovy_sensor_board_lib.a(board_sysinit.o)
 .debug_ranges  0x000002b0      0x100 D:\Users\Arpel\git\LPCSensorNode\BOARDLib\arpel_groovy_sensor_board_lib\Debug\libarpel_groovy_sensor_board_lib.a(onewire.o)
 .debug_ranges  0x000003b0       0x10 D:\Users\Arpel\git\LPCSensorNode\BOARDLib\arpel_groovy_sensor_board_lib\Debug\libarpel_groovy_sensor_board_lib.a(crc8.o)
 .debug_ranges  0x000003c0       0x10 D:\Users\Arpel\Documents\LPCXpresso_6.1.4_194\workspace\lpc_chip_8xx_lib\Debug\liblpc_chip_8xx_lib.a(chip_8xx.o)
 .debug_ranges  0x000003d0       0x78 D:\Users\Arpel\Documents\LPCXpresso_6.1.4_194\workspace\lpc_chip_8xx_lib\Debug\liblpc_chip_8xx_lib.a(clock_8xx.o)
 .debug_ranges  0x00000448       0x68 D:\Users\Arpel\Documents\LPCXpresso_6.1.4_194\workspace\lpc_chip_8xx_lib\Debug\liblpc_chip_8xx_lib.a(gpio_8xx.o)
 .debug_ranges  0x000004b0       0x30 D:\Users\Arpel\Documents\LPCXpresso_6.1.4_194\workspace\lpc_chip_8xx_lib\Debug\liblpc_chip_8xx_lib.a(pmu_8xx.o)
 .debug_ranges  0x000004e0       0xe0 D:\Users\Arpel\Documents\LPCXpresso_6.1.4_194\workspace\lpc_chip_8xx_lib\Debug\liblpc_chip_8xx_lib.a(spi_8xx.o)
 .debug_ranges  0x000005c0       0x28 D:\Users\Arpel\Documents\LPCXpresso_6.1.4_194\workspace\lpc_chip_8xx_lib\Debug\liblpc_chip_8xx_lib.a(swm_8xx.o)
 .debug_ranges  0x000005e8       0x28 D:\Users\Arpel\Documents\LPCXpresso_6.1.4_194\workspace\lpc_chip_8xx_lib\Debug\liblpc_chip_8xx_lib.a(syscon_8xx.o)

.debug_line     0x00000000     0x6355
 .debug_line    0x00000000       0xaf ./example/src/cr_startup_lpc8xx.o
 .debug_line    0x000000af       0xc9 ./example/src/crp.o
 .debug_line    0x00000178       0x35 ./example/src/mtb.o
 .debug_line    0x000001ad      0x72a ./example/src/sensor_test_main.o
 .debug_line    0x000008d7      0x621 ./example/src/sysinit.o
 .debug_line    0x00000ef8      0xabf D:\Users\Arpel\git\LPCSensorNode\BOARDLib\arpel_groovy_sensor_board_lib\Debug\libarpel_groovy_sensor_board_lib.a(RF12.o)
 .debug_line    0x000019b7      0x7cf D:\Users\Arpel\git\LPCSensorNode\BOARDLib\arpel_groovy_sensor_board_lib\Debug\libarpel_groovy_sensor_board_lib.a(board.o)
 .debug_line    0x00002186      0x6d8 D:\Users\Arpel\git\LPCSensorNode\BOARDLib\arpel_groovy_sensor_board_lib\Debug\libarpel_groovy_sensor_board_lib.a(board_sysinit.o)
 .debug_line    0x0000285e      0x9e8 D:\Users\Arpel\git\LPCSensorNode\BOARDLib\arpel_groovy_sensor_board_lib\Debug\libarpel_groovy_sensor_board_lib.a(onewire.o)
 .debug_line    0x00003246      0x3dd D:\Users\Arpel\git\LPCSensorNode\BOARDLib\arpel_groovy_sensor_board_lib\Debug\libarpel_groovy_sensor_board_lib.a(crc8.o)
 .debug_line    0x00003623      0x59e D:\Users\Arpel\Documents\LPCXpresso_6.1.4_194\workspace\lpc_chip_8xx_lib\Debug\liblpc_chip_8xx_lib.a(chip_8xx.o)
 .debug_line    0x00003bc1      0x6c2 D:\Users\Arpel\Documents\LPCXpresso_6.1.4_194\workspace\lpc_chip_8xx_lib\Debug\liblpc_chip_8xx_lib.a(clock_8xx.o)
 .debug_line    0x00004283      0x686 D:\Users\Arpel\Documents\LPCXpresso_6.1.4_194\workspace\lpc_chip_8xx_lib\Debug\liblpc_chip_8xx_lib.a(gpio_8xx.o)
 .debug_line    0x00004909      0x619 D:\Users\Arpel\Documents\LPCXpresso_6.1.4_194\workspace\lpc_chip_8xx_lib\Debug\liblpc_chip_8xx_lib.a(pmu_8xx.o)
 .debug_line    0x00004f22      0x87e D:\Users\Arpel\Documents\LPCXpresso_6.1.4_194\workspace\lpc_chip_8xx_lib\Debug\liblpc_chip_8xx_lib.a(spi_8xx.o)
 .debug_line    0x000057a0      0x5db D:\Users\Arpel\Documents\LPCXpresso_6.1.4_194\workspace\lpc_chip_8xx_lib\Debug\liblpc_chip_8xx_lib.a(swm_8xx.o)
 .debug_line    0x00005d7b      0x5da D:\Users\Arpel\Documents\LPCXpresso_6.1.4_194\workspace\lpc_chip_8xx_lib\Debug\liblpc_chip_8xx_lib.a(syscon_8xx.o)

.debug_macinfo  0x00000000    0x74cc7
 .debug_macinfo
                0x00000000     0x2296 ./example/src/cr_startup_lpc8xx.o
 .debug_macinfo
                0x00002296     0x2318 ./example/src/crp.o
 .debug_macinfo
                0x000045ae     0x2236 ./example/src/mtb.o
 .debug_macinfo
                0x000067e4     0x8b6e ./example/src/sensor_test_main.o
 .debug_macinfo
                0x0000f352     0x839e ./example/src/sysinit.o
 .debug_macinfo
                0x000176f0     0x885e D:\Users\Arpel\git\LPCSensorNode\BOARDLib\arpel_groovy_sensor_board_lib\Debug\libarpel_groovy_sensor_board_lib.a(RF12.o)
 .debug_macinfo
                0x0001ff4e     0x83ce D:\Users\Arpel\git\LPCSensorNode\BOARDLib\arpel_groovy_sensor_board_lib\Debug\libarpel_groovy_sensor_board_lib.a(board.o)
 .debug_macinfo
                0x0002831c     0x8362 D:\Users\Arpel\git\LPCSensorNode\BOARDLib\arpel_groovy_sensor_board_lib\Debug\libarpel_groovy_sensor_board_lib.a(board_sysinit.o)
 .debug_macinfo
                0x0003067e     0x8766 D:\Users\Arpel\git\LPCSensorNode\BOARDLib\arpel_groovy_sensor_board_lib\Debug\libarpel_groovy_sensor_board_lib.a(onewire.o)
 .debug_macinfo
                0x00038de4     0x3c4a D:\Users\Arpel\git\LPCSensorNode\BOARDLib\arpel_groovy_sensor_board_lib\Debug\libarpel_groovy_sensor_board_lib.a(crc8.o)
 .debug_macinfo
                0x0003ca2e     0x8041 D:\Users\Arpel\Documents\LPCXpresso_6.1.4_194\workspace\lpc_chip_8xx_lib\Debug\liblpc_chip_8xx_lib.a(chip_8xx.o)
 .debug_macinfo
                0x00044a6f     0x8041 D:\Users\Arpel\Documents\LPCXpresso_6.1.4_194\workspace\lpc_chip_8xx_lib\Debug\liblpc_chip_8xx_lib.a(clock_8xx.o)
 .debug_macinfo
                0x0004cab0     0x8041 D:\Users\Arpel\Documents\LPCXpresso_6.1.4_194\workspace\lpc_chip_8xx_lib\Debug\liblpc_chip_8xx_lib.a(gpio_8xx.o)
 .debug_macinfo
                0x00054af1     0x8041 D:\Users\Arpel\Documents\LPCXpresso_6.1.4_194\workspace\lpc_chip_8xx_lib\Debug\liblpc_chip_8xx_lib.a(pmu_8xx.o)
 .debug_macinfo
                0x0005cb32     0x8041 D:\Users\Arpel\Documents\LPCXpresso_6.1.4_194\workspace\lpc_chip_8xx_lib\Debug\liblpc_chip_8xx_lib.a(spi_8xx.o)
 .debug_macinfo
                0x00064b73     0x809b D:\Users\Arpel\Documents\LPCXpresso_6.1.4_194\workspace\lpc_chip_8xx_lib\Debug\liblpc_chip_8xx_lib.a(swm_8xx.o)
 .debug_macinfo
                0x0006cc0e     0x80b9 D:\Users\Arpel\Documents\LPCXpresso_6.1.4_194\workspace\lpc_chip_8xx_lib\Debug\liblpc_chip_8xx_lib.a(syscon_8xx.o)

.debug_str      0x00000000     0x26f3
 .debug_str     0x00000000      0x1ce ./example/src/cr_startup_lpc8xx.o
                                0x1ec (size before relaxing)
 .debug_str     0x000001ce       0x1e ./example/src/crp.o
                                 0xbf (size before relaxing)
 .debug_str     0x000001ec       0x15 ./example/src/mtb.o
                                 0xa9 (size before relaxing)
 .debug_str     0x00000201      0x49f ./example/src/sensor_test_main.o
                                0x58c (size before relaxing)
 .debug_str     0x000006a0       0x19 ./example/src/sysinit.o
                                0x165 (size before relaxing)
 .debug_str     0x000006b9      0x8bd D:\Users\Arpel\git\LPCSensorNode\BOARDLib\arpel_groovy_sensor_board_lib\Debug\libarpel_groovy_sensor_board_lib.a(RF12.o)
                                0xc71 (size before relaxing)
 .debug_str     0x00000f76      0x3e6 D:\Users\Arpel\git\LPCSensorNode\BOARDLib\arpel_groovy_sensor_board_lib\Debug\libarpel_groovy_sensor_board_lib.a(board.o)
                                0x7b2 (size before relaxing)
 .debug_str     0x0000135c      0x599 D:\Users\Arpel\git\LPCSensorNode\BOARDLib\arpel_groovy_sensor_board_lib\Debug\libarpel_groovy_sensor_board_lib.a(board_sysinit.o)
                                0xae5 (size before relaxing)
 .debug_str     0x000018f5      0x49d D:\Users\Arpel\git\LPCSensorNode\BOARDLib\arpel_groovy_sensor_board_lib\Debug\libarpel_groovy_sensor_board_lib.a(onewire.o)
                                0xc8c (size before relaxing)
 .debug_str     0x00001d92       0x57 D:\Users\Arpel\git\LPCSensorNode\BOARDLib\arpel_groovy_sensor_board_lib\Debug\libarpel_groovy_sensor_board_lib.a(crc8.o)
                                0x17d (size before relaxing)
 .debug_str     0x00001de9       0x77 D:\Users\Arpel\Documents\LPCXpresso_6.1.4_194\workspace\lpc_chip_8xx_lib\Debug\liblpc_chip_8xx_lib.a(chip_8xx.o)
                                0x16b (size before relaxing)
 .debug_str     0x00001e60      0x340 D:\Users\Arpel\Documents\LPCXpresso_6.1.4_194\workspace\lpc_chip_8xx_lib\Debug\liblpc_chip_8xx_lib.a(clock_8xx.o)
                                0x7f0 (size before relaxing)
 .debug_str     0x000021a0       0xde D:\Users\Arpel\Documents\LPCXpresso_6.1.4_194\workspace\lpc_chip_8xx_lib\Debug\liblpc_chip_8xx_lib.a(gpio_8xx.o)
                                0x650 (size before relaxing)
 .debug_str     0x0000227e       0xfe D:\Users\Arpel\Documents\LPCXpresso_6.1.4_194\workspace\lpc_chip_8xx_lib\Debug\liblpc_chip_8xx_lib.a(pmu_8xx.o)
                                0x288 (size before relaxing)
 .debug_str     0x0000237c      0x240 D:\Users\Arpel\Documents\LPCXpresso_6.1.4_194\workspace\lpc_chip_8xx_lib\Debug\liblpc_chip_8xx_lib.a(spi_8xx.o)
                                0xaed (size before relaxing)
 .debug_str     0x000025bc       0x93 D:\Users\Arpel\Documents\LPCXpresso_6.1.4_194\workspace\lpc_chip_8xx_lib\Debug\liblpc_chip_8xx_lib.a(swm_8xx.o)
                                0x4f5 (size before relaxing)
 .debug_str     0x0000264f       0xa4 D:\Users\Arpel\Documents\LPCXpresso_6.1.4_194\workspace\lpc_chip_8xx_lib\Debug\liblpc_chip_8xx_lib.a(syscon_8xx.o)
                                0x3e3 (size before relaxing)

.comment        0x00000000       0xe0
 .comment       0x00000000       0x70 ./example/src/cr_startup_lpc8xx.o
                                 0x71 (size before relaxing)
 .comment       0x00000000       0x71 ./example/src/crp.o
 .comment       0x00000000       0x71 ./example/src/mtb.o
 .comment       0x00000000       0x71 ./example/src/sensor_test_main.o
 .comment       0x00000000       0x71 ./example/src/sysinit.o
 .comment       0x00000000       0x71 D:\Users\Arpel\git\LPCSensorNode\BOARDLib\arpel_groovy_sensor_board_lib\Debug\libarpel_groovy_sensor_board_lib.a(RF12.o)
 .comment       0x00000000       0x71 D:\Users\Arpel\git\LPCSensorNode\BOARDLib\arpel_groovy_sensor_board_lib\Debug\libarpel_groovy_sensor_board_lib.a(board.o)
 .comment       0x00000000       0x71 D:\Users\Arpel\git\LPCSensorNode\BOARDLib\arpel_groovy_sensor_board_lib\Debug\libarpel_groovy_sensor_board_lib.a(board_sysinit.o)
 .comment       0x00000000       0x71 D:\Users\Arpel\git\LPCSensorNode\BOARDLib\arpel_groovy_sensor_board_lib\Debug\libarpel_groovy_sensor_board_lib.a(onewire.o)
 .comment       0x00000000       0x71 D:\Users\Arpel\git\LPCSensorNode\BOARDLib\arpel_groovy_sensor_board_lib\Debug\libarpel_groovy_sensor_board_lib.a(crc8.o)
 .comment       0x00000000       0x71 D:\Users\Arpel\Documents\LPCXpresso_6.1.4_194\workspace\lpc_chip_8xx_lib\Debug\liblpc_chip_8xx_lib.a(chip_8xx.o)
 .comment       0x00000000       0x71 D:\Users\Arpel\Documents\LPCXpresso_6.1.4_194\workspace\lpc_chip_8xx_lib\Debug\liblpc_chip_8xx_lib.a(clock_8xx.o)
 .comment       0x00000000       0x71 D:\Users\Arpel\Documents\LPCXpresso_6.1.4_194\workspace\lpc_chip_8xx_lib\Debug\liblpc_chip_8xx_lib.a(gpio_8xx.o)
 .comment       0x00000000       0x71 D:\Users\Arpel\Documents\LPCXpresso_6.1.4_194\workspace\lpc_chip_8xx_lib\Debug\liblpc_chip_8xx_lib.a(pmu_8xx.o)
 .comment       0x00000000       0x71 D:\Users\Arpel\Documents\LPCXpresso_6.1.4_194\workspace\lpc_chip_8xx_lib\Debug\liblpc_chip_8xx_lib.a(spi_8xx.o)
 .comment       0x00000000       0x71 D:\Users\Arpel\Documents\LPCXpresso_6.1.4_194\workspace\lpc_chip_8xx_lib\Debug\liblpc_chip_8xx_lib.a(swm_8xx.o)
 .comment       0x00000000       0x71 D:\Users\Arpel\Documents\LPCXpresso_6.1.4_194\workspace\lpc_chip_8xx_lib\Debug\liblpc_chip_8xx_lib.a(syscon_8xx.o)
 .comment       0x00000070       0x70 d:/travail/wirelesshome/nxp/lpcxpresso_6.1.4_194/lpcxpresso/tools/bin/../lib/gcc/arm-none-eabi/4.6.2/../../../../arm-none-eabi/lib/armv6-m\libcr_nohost.a(_cr__main.o)
                                 0x71 (size before relaxing)
 .comment       0x00000000       0x71 d:/travail/wirelesshome/nxp/lpcxpresso_6.1.4_194/lpcxpresso/tools/bin/../lib/gcc/arm-none-eabi/4.6.2/../../../../arm-none-eabi/lib/armv6-m\libcr_c.a(memcpy.o)
 .comment       0x00000000       0x71 d:/travail/wirelesshome/nxp/lpcxpresso_6.1.4_194/lpcxpresso/tools/bin/../lib/gcc/arm-none-eabi/4.6.2/../../../../arm-none-eabi/lib/armv6-m\libcr_c.a(initio.o)
 .comment       0x00000000       0x71 d:/travail/wirelesshome/nxp/lpcxpresso_6.1.4_194/lpcxpresso/tools/bin/../lib/gcc/arm-none-eabi/4.6.2/../../../../arm-none-eabi/lib/armv6-m\libcr_c.a(memcmp.o)
 .comment       0x00000000       0x71 d:/travail/wirelesshome/nxp/lpcxpresso_6.1.4_194/lpcxpresso/tools/bin/../lib/gcc/arm-none-eabi/4.6.2/../../../../arm-none-eabi/lib/armv6-m\libcr_c.a(setvbuf.o)
 .comment       0x00000000       0x71 d:/travail/wirelesshome/nxp/lpcxpresso_6.1.4_194/lpcxpresso/tools/bin/../lib/gcc/arm-none-eabi/4.6.2/../../../../arm-none-eabi/lib/armv6-m\libcr_c.a(stdio.o)
 .comment       0x00000000       0x71 d:/travail/wirelesshome/nxp/lpcxpresso_6.1.4_194/lpcxpresso/tools/bin/../lib/gcc/arm-none-eabi/4.6.2/../../../../arm-none-eabi/lib/armv6-m\libcr_c.a(memset.o)
 .comment       0x00000000       0x71 d:/travail/wirelesshome/nxp/lpcxpresso_6.1.4_194/lpcxpresso/tools/bin/../lib/gcc/arm-none-eabi/4.6.2/../../../../arm-none-eabi/lib/armv6-m\libcr_c.a(__fillbuf.o)
 .comment       0x00000000       0x71 d:/travail/wirelesshome/nxp/lpcxpresso_6.1.4_194/lpcxpresso/tools/bin/../lib/gcc/arm-none-eabi/4.6.2/../../../../arm-none-eabi/lib/armv6-m\libcr_c.a(_deferredlazyseek.o)
 .comment       0x00000000       0x71 d:/travail/wirelesshome/nxp/lpcxpresso_6.1.4_194/lpcxpresso/tools/bin/../lib/gcc/arm-none-eabi/4.6.2/../../../../arm-none-eabi/lib/armv6-m\libcr_c.a(_fdopen.o)
 .comment       0x00000000       0x71 d:/travail/wirelesshome/nxp/lpcxpresso_6.1.4_194/lpcxpresso/tools/bin/../lib/gcc/arm-none-eabi/4.6.2/../../../../arm-none-eabi/lib/armv6-m\libcr_c.a(_fflush.o)
 .comment       0x00000000       0x71 d:/travail/wirelesshome/nxp/lpcxpresso_6.1.4_194/lpcxpresso/tools/bin/../lib/gcc/arm-none-eabi/4.6.2/../../../../arm-none-eabi/lib/armv6-m\libcr_c.a(_writebuf.o)
 .comment       0x00000000       0x71 d:/travail/wirelesshome/nxp/lpcxpresso_6.1.4_194/lpcxpresso/tools/bin/../lib/gcc/arm-none-eabi/4.6.2/../../../../arm-none-eabi/lib/armv6-m\libcr_c.a(alloc.o)
 .comment       0x00000000       0x71 d:/travail/wirelesshome/nxp/lpcxpresso_6.1.4_194/lpcxpresso/tools/bin/../lib/gcc/arm-none-eabi/4.6.2/../../../../arm-none-eabi/lib/armv6-m\libcr_c.a(fclose.o)
 .comment       0x00000000       0x71 d:/travail/wirelesshome/nxp/lpcxpresso_6.1.4_194/lpcxpresso/tools/bin/../lib/gcc/arm-none-eabi/4.6.2/../../../../arm-none-eabi/lib/armv6-m\libcr_c.a(fflush.o)
 .comment       0x00000000       0x71 d:/travail/wirelesshome/nxp/lpcxpresso_6.1.4_194/lpcxpresso/tools/bin/../lib/gcc/arm-none-eabi/4.6.2/../../../../arm-none-eabi/lib/armv6-m\libcr_c.a(fseek.o)
 .comment       0x00000000       0x71 d:/travail/wirelesshome/nxp/lpcxpresso_6.1.4_194/lpcxpresso/tools/bin/../lib/gcc/arm-none-eabi/4.6.2/../../../../arm-none-eabi/lib/armv6-m\libcr_c.a(ftell.o)
 .comment       0x00000000       0x71 d:/travail/wirelesshome/nxp/lpcxpresso_6.1.4_194/lpcxpresso/tools/bin/../lib/gcc/arm-none-eabi/4.6.2/../../../../arm-none-eabi/lib/armv6-m\libcr_c.a(remove.o)
 .comment       0x00000000       0x71 d:/travail/wirelesshome/nxp/lpcxpresso_6.1.4_194/lpcxpresso/tools/bin/../lib/gcc/arm-none-eabi/4.6.2/../../../../arm-none-eabi/lib/armv6-m\libcr_c.a(strlen.o)
 .comment       0x00000000       0x71 d:/travail/wirelesshome/nxp/lpcxpresso_6.1.4_194/lpcxpresso/tools/bin/../lib/gcc/arm-none-eabi/4.6.2/../../../../arm-none-eabi/lib/armv6-m\libcr_c.a(__init_alloc.o)
 .comment       0x00000000       0x71 d:/travail/wirelesshome/nxp/lpcxpresso_6.1.4_194/lpcxpresso/tools/bin/../lib/gcc/arm-none-eabi/4.6.2/../../../../arm-none-eabi/lib/armv6-m\libcr_c.a(_do_fflush.o)
 .comment       0x00000000       0x71 d:/travail/wirelesshome/nxp/lpcxpresso_6.1.4_194/lpcxpresso/tools/bin/../lib/gcc/arm-none-eabi/4.6.2/../../../../arm-none-eabi/lib/armv6-m\libcr_c.a(errno.o)
 .comment       0x00000000       0x71 d:/travail/wirelesshome/nxp/lpcxpresso_6.1.4_194/lpcxpresso/tools/bin/../lib/gcc/arm-none-eabi/4.6.2/../../../../arm-none-eabi/lib/armv6-m\libcr_nohost.a(__sys_appexit.o)
 .comment       0x00000000       0x71 d:/travail/wirelesshome/nxp/lpcxpresso_6.1.4_194/lpcxpresso/tools/bin/../lib/gcc/arm-none-eabi/4.6.2/../../../../arm-none-eabi/lib/armv6-m\libcr_nohost.a(__sys_close.o)
 .comment       0x00000000       0x71 d:/travail/wirelesshome/nxp/lpcxpresso_6.1.4_194/lpcxpresso/tools/bin/../lib/gcc/arm-none-eabi/4.6.2/../../../../arm-none-eabi/lib/armv6-m\libcr_nohost.a(__sys_flen.o)
 .comment       0x00000000       0x71 d:/travail/wirelesshome/nxp/lpcxpresso_6.1.4_194/lpcxpresso/tools/bin/../lib/gcc/arm-none-eabi/4.6.2/../../../../arm-none-eabi/lib/armv6-m\libcr_nohost.a(__sys_istty.o)
 .comment       0x00000000       0x71 d:/travail/wirelesshome/nxp/lpcxpresso_6.1.4_194/lpcxpresso/tools/bin/../lib/gcc/arm-none-eabi/4.6.2/../../../../arm-none-eabi/lib/armv6-m\libcr_nohost.a(__sys_read.o)
 .comment       0x00000000       0x71 d:/travail/wirelesshome/nxp/lpcxpresso_6.1.4_194/lpcxpresso/tools/bin/../lib/gcc/arm-none-eabi/4.6.2/../../../../arm-none-eabi/lib/armv6-m\libcr_nohost.a(__sys_remove.o)
 .comment       0x00000000       0x71 d:/travail/wirelesshome/nxp/lpcxpresso_6.1.4_194/lpcxpresso/tools/bin/../lib/gcc/arm-none-eabi/4.6.2/../../../../arm-none-eabi/lib/armv6-m\libcr_nohost.a(__sys_rename.o)
 .comment       0x00000000       0x71 d:/travail/wirelesshome/nxp/lpcxpresso_6.1.4_194/lpcxpresso/tools/bin/../lib/gcc/arm-none-eabi/4.6.2/../../../../arm-none-eabi/lib/armv6-m\libcr_nohost.a(__sys_seek.o)
 .comment       0x00000000       0x71 d:/travail/wirelesshome/nxp/lpcxpresso_6.1.4_194/lpcxpresso/tools/bin/../lib/gcc/arm-none-eabi/4.6.2/../../../../arm-none-eabi/lib/armv6-m\libcr_nohost.a(__sys_tmpnam.o)
 .comment       0x00000000       0x71 d:/travail/wirelesshome/nxp/lpcxpresso_6.1.4_194/lpcxpresso/tools/bin/../lib/gcc/arm-none-eabi/4.6.2/../../../../arm-none-eabi/lib/armv6-m\libcr_nohost.a(_cr_sbrk.o)
 .comment       0x00000000       0x71 d:/travail/wirelesshome/nxp/lpcxpresso_6.1.4_194/lpcxpresso/tools/bin/../lib/gcc/arm-none-eabi/4.6.2/../../../../arm-none-eabi/lib/armv6-m\libcr_nohost.a(_cr_check_heap.o)

.ARM.attributes
                0x00000000       0x2f
 .ARM.attributes
                0x00000000       0x31 ./example/src/cr_startup_lpc8xx.o
 .ARM.attributes
                0x00000031       0x31 ./example/src/crp.o
 .ARM.attributes
                0x00000062       0x31 ./example/src/mtb.o
 .ARM.attributes
                0x00000093       0x31 ./example/src/sensor_test_main.o
 .ARM.attributes
                0x000000c4       0x31 ./example/src/sysinit.o
 .ARM.attributes
                0x000000f5       0x31 D:\Users\Arpel\git\LPCSensorNode\BOARDLib\arpel_groovy_sensor_board_lib\Debug\libarpel_groovy_sensor_board_lib.a(RF12.o)
 .ARM.attributes
                0x00000126       0x31 D:\Users\Arpel\git\LPCSensorNode\BOARDLib\arpel_groovy_sensor_board_lib\Debug\libarpel_groovy_sensor_board_lib.a(board.o)
 .ARM.attributes
                0x00000157       0x31 D:\Users\Arpel\git\LPCSensorNode\BOARDLib\arpel_groovy_sensor_board_lib\Debug\libarpel_groovy_sensor_board_lib.a(board_sysinit.o)
 .ARM.attributes
                0x00000188       0x31 D:\Users\Arpel\git\LPCSensorNode\BOARDLib\arpel_groovy_sensor_board_lib\Debug\libarpel_groovy_sensor_board_lib.a(onewire.o)
 .ARM.attributes
                0x000001b9       0x31 D:\Users\Arpel\git\LPCSensorNode\BOARDLib\arpel_groovy_sensor_board_lib\Debug\libarpel_groovy_sensor_board_lib.a(crc8.o)
 .ARM.attributes
                0x000001ea       0x31 D:\Users\Arpel\Documents\LPCXpresso_6.1.4_194\workspace\lpc_chip_8xx_lib\Debug\liblpc_chip_8xx_lib.a(chip_8xx.o)
 .ARM.attributes
                0x0000021b       0x31 D:\Users\Arpel\Documents\LPCXpresso_6.1.4_194\workspace\lpc_chip_8xx_lib\Debug\liblpc_chip_8xx_lib.a(clock_8xx.o)
 .ARM.attributes
                0x0000024c       0x31 D:\Users\Arpel\Documents\LPCXpresso_6.1.4_194\workspace\lpc_chip_8xx_lib\Debug\liblpc_chip_8xx_lib.a(gpio_8xx.o)
 .ARM.attributes
                0x0000027d       0x31 D:\Users\Arpel\Documents\LPCXpresso_6.1.4_194\workspace\lpc_chip_8xx_lib\Debug\liblpc_chip_8xx_lib.a(pmu_8xx.o)
 .ARM.attributes
                0x000002ae       0x31 D:\Users\Arpel\Documents\LPCXpresso_6.1.4_194\workspace\lpc_chip_8xx_lib\Debug\liblpc_chip_8xx_lib.a(spi_8xx.o)
 .ARM.attributes
                0x000002df       0x31 D:\Users\Arpel\Documents\LPCXpresso_6.1.4_194\workspace\lpc_chip_8xx_lib\Debug\liblpc_chip_8xx_lib.a(swm_8xx.o)
 .ARM.attributes
                0x00000310       0x31 D:\Users\Arpel\Documents\LPCXpresso_6.1.4_194\workspace\lpc_chip_8xx_lib\Debug\liblpc_chip_8xx_lib.a(syscon_8xx.o)
 .ARM.attributes
                0x00000341       0x31 d:/travail/wirelesshome/nxp/lpcxpresso_6.1.4_194/lpcxpresso/tools/bin/../lib/gcc/arm-none-eabi/4.6.2/../../../../arm-none-eabi/lib/armv6-m\libcr_nohost.a(_cr__main.o)
 .ARM.attributes
                0x00000372       0x31 d:/travail/wirelesshome/nxp/lpcxpresso_6.1.4_194/lpcxpresso/tools/bin/../lib/gcc/arm-none-eabi/4.6.2/../../../../arm-none-eabi/lib/armv6-m\libcr_c.a(memcpy.o)
 .ARM.attributes
                0x000003a3       0x31 d:/travail/wirelesshome/nxp/lpcxpresso_6.1.4_194/lpcxpresso/tools/bin/../lib/gcc/arm-none-eabi/4.6.2/../../../../arm-none-eabi/lib/armv6-m\libcr_c.a(initio.o)
 .ARM.attributes
                0x000003d4       0x31 d:/travail/wirelesshome/nxp/lpcxpresso_6.1.4_194/lpcxpresso/tools/bin/../lib/gcc/arm-none-eabi/4.6.2/../../../../arm-none-eabi/lib/armv6-m\libcr_c.a(memcmp.o)
 .ARM.attributes
                0x00000405       0x31 d:/travail/wirelesshome/nxp/lpcxpresso_6.1.4_194/lpcxpresso/tools/bin/../lib/gcc/arm-none-eabi/4.6.2/../../../../arm-none-eabi/lib/armv6-m\libcr_c.a(setvbuf.o)
 .ARM.attributes
                0x00000436       0x31 d:/travail/wirelesshome/nxp/lpcxpresso_6.1.4_194/lpcxpresso/tools/bin/../lib/gcc/arm-none-eabi/4.6.2/../../../../arm-none-eabi/lib/armv6-m\libcr_c.a(stdio.o)
 .ARM.attributes
                0x00000467       0x31 d:/travail/wirelesshome/nxp/lpcxpresso_6.1.4_194/lpcxpresso/tools/bin/../lib/gcc/arm-none-eabi/4.6.2/../../../../arm-none-eabi/lib/armv6-m\libcr_c.a(memset.o)
 .ARM.attributes
                0x00000498       0x31 d:/travail/wirelesshome/nxp/lpcxpresso_6.1.4_194/lpcxpresso/tools/bin/../lib/gcc/arm-none-eabi/4.6.2/../../../../arm-none-eabi/lib/armv6-m\libcr_c.a(__fillbuf.o)
 .ARM.attributes
                0x000004c9       0x31 d:/travail/wirelesshome/nxp/lpcxpresso_6.1.4_194/lpcxpresso/tools/bin/../lib/gcc/arm-none-eabi/4.6.2/../../../../arm-none-eabi/lib/armv6-m\libcr_c.a(_deferredlazyseek.o)
 .ARM.attributes
                0x000004fa       0x31 d:/travail/wirelesshome/nxp/lpcxpresso_6.1.4_194/lpcxpresso/tools/bin/../lib/gcc/arm-none-eabi/4.6.2/../../../../arm-none-eabi/lib/armv6-m\libcr_c.a(_fdopen.o)
 .ARM.attributes
                0x0000052b       0x31 d:/travail/wirelesshome/nxp/lpcxpresso_6.1.4_194/lpcxpresso/tools/bin/../lib/gcc/arm-none-eabi/4.6.2/../../../../arm-none-eabi/lib/armv6-m\libcr_c.a(_fflush.o)
 .ARM.attributes
                0x0000055c       0x31 d:/travail/wirelesshome/nxp/lpcxpresso_6.1.4_194/lpcxpresso/tools/bin/../lib/gcc/arm-none-eabi/4.6.2/../../../../arm-none-eabi/lib/armv6-m\libcr_c.a(_writebuf.o)
 .ARM.attributes
                0x0000058d       0x31 d:/travail/wirelesshome/nxp/lpcxpresso_6.1.4_194/lpcxpresso/tools/bin/../lib/gcc/arm-none-eabi/4.6.2/../../../../arm-none-eabi/lib/armv6-m\libcr_c.a(alloc.o)
 .ARM.attributes
                0x000005be       0x31 d:/travail/wirelesshome/nxp/lpcxpresso_6.1.4_194/lpcxpresso/tools/bin/../lib/gcc/arm-none-eabi/4.6.2/../../../../arm-none-eabi/lib/armv6-m\libcr_c.a(fclose.o)
 .ARM.attributes
                0x000005ef       0x31 d:/travail/wirelesshome/nxp/lpcxpresso_6.1.4_194/lpcxpresso/tools/bin/../lib/gcc/arm-none-eabi/4.6.2/../../../../arm-none-eabi/lib/armv6-m\libcr_c.a(fflush.o)
 .ARM.attributes
                0x00000620       0x31 d:/travail/wirelesshome/nxp/lpcxpresso_6.1.4_194/lpcxpresso/tools/bin/../lib/gcc/arm-none-eabi/4.6.2/../../../../arm-none-eabi/lib/armv6-m\libcr_c.a(fseek.o)
 .ARM.attributes
                0x00000651       0x31 d:/travail/wirelesshome/nxp/lpcxpresso_6.1.4_194/lpcxpresso/tools/bin/../lib/gcc/arm-none-eabi/4.6.2/../../../../arm-none-eabi/lib/armv6-m\libcr_c.a(ftell.o)
 .ARM.attributes
                0x00000682       0x31 d:/travail/wirelesshome/nxp/lpcxpresso_6.1.4_194/lpcxpresso/tools/bin/../lib/gcc/arm-none-eabi/4.6.2/../../../../arm-none-eabi/lib/armv6-m\libcr_c.a(remove.o)
 .ARM.attributes
                0x000006b3       0x31 d:/travail/wirelesshome/nxp/lpcxpresso_6.1.4_194/lpcxpresso/tools/bin/../lib/gcc/arm-none-eabi/4.6.2/../../../../arm-none-eabi/lib/armv6-m\libcr_c.a(strlen.o)
 .ARM.attributes
                0x000006e4       0x31 d:/travail/wirelesshome/nxp/lpcxpresso_6.1.4_194/lpcxpresso/tools/bin/../lib/gcc/arm-none-eabi/4.6.2/../../../../arm-none-eabi/lib/armv6-m\libcr_c.a(__init_alloc.o)
 .ARM.attributes
                0x00000715       0x31 d:/travail/wirelesshome/nxp/lpcxpresso_6.1.4_194/lpcxpresso/tools/bin/../lib/gcc/arm-none-eabi/4.6.2/../../../../arm-none-eabi/lib/armv6-m\libcr_c.a(_do_fflush.o)
 .ARM.attributes
                0x00000746       0x31 d:/travail/wirelesshome/nxp/lpcxpresso_6.1.4_194/lpcxpresso/tools/bin/../lib/gcc/arm-none-eabi/4.6.2/../../../../arm-none-eabi/lib/armv6-m\libcr_c.a(errno.o)
 .ARM.attributes
                0x00000777       0x21 d:/travail/wirelesshome/nxp/lpcxpresso_6.1.4_194/lpcxpresso/tools/bin/../lib/gcc/arm-none-eabi/4.6.2/armv6-m\libcr_eabihelpers.a(division.o)
 .ARM.attributes
                0x00000798       0x21 d:/travail/wirelesshome/nxp/lpcxpresso_6.1.4_194/lpcxpresso/tools/bin/../lib/gcc/arm-none-eabi/4.6.2/armv6-m\libcr_eabihelpers.a(memcpy.o)
 .ARM.attributes
                0x000007b9       0x31 d:/travail/wirelesshome/nxp/lpcxpresso_6.1.4_194/lpcxpresso/tools/bin/../lib/gcc/arm-none-eabi/4.6.2/../../../../arm-none-eabi/lib/armv6-m\libcr_nohost.a(__sys_appexit.o)
 .ARM.attributes
                0x000007ea       0x31 d:/travail/wirelesshome/nxp/lpcxpresso_6.1.4_194/lpcxpresso/tools/bin/../lib/gcc/arm-none-eabi/4.6.2/../../../../arm-none-eabi/lib/armv6-m\libcr_nohost.a(__sys_close.o)
 .ARM.attributes
                0x0000081b       0x31 d:/travail/wirelesshome/nxp/lpcxpresso_6.1.4_194/lpcxpresso/tools/bin/../lib/gcc/arm-none-eabi/4.6.2/../../../../arm-none-eabi/lib/armv6-m\libcr_nohost.a(__sys_flen.o)
 .ARM.attributes
                0x0000084c       0x31 d:/travail/wirelesshome/nxp/lpcxpresso_6.1.4_194/lpcxpresso/tools/bin/../lib/gcc/arm-none-eabi/4.6.2/../../../../arm-none-eabi/lib/armv6-m\libcr_nohost.a(__sys_istty.o)
 .ARM.attributes
                0x0000087d       0x31 d:/travail/wirelesshome/nxp/lpcxpresso_6.1.4_194/lpcxpresso/tools/bin/../lib/gcc/arm-none-eabi/4.6.2/../../../../arm-none-eabi/lib/armv6-m\libcr_nohost.a(__sys_read.o)
 .ARM.attributes
                0x000008ae       0x31 d:/travail/wirelesshome/nxp/lpcxpresso_6.1.4_194/lpcxpresso/tools/bin/../lib/gcc/arm-none-eabi/4.6.2/../../../../arm-none-eabi/lib/armv6-m\libcr_nohost.a(__sys_remove.o)
 .ARM.attributes
                0x000008df       0x31 d:/travail/wirelesshome/nxp/lpcxpresso_6.1.4_194/lpcxpresso/tools/bin/../lib/gcc/arm-none-eabi/4.6.2/../../../../arm-none-eabi/lib/armv6-m\libcr_nohost.a(__sys_rename.o)
 .ARM.attributes
                0x00000910       0x31 d:/travail/wirelesshome/nxp/lpcxpresso_6.1.4_194/lpcxpresso/tools/bin/../lib/gcc/arm-none-eabi/4.6.2/../../../../arm-none-eabi/lib/armv6-m\libcr_nohost.a(__sys_seek.o)
 .ARM.attributes
                0x00000941       0x31 d:/travail/wirelesshome/nxp/lpcxpresso_6.1.4_194/lpcxpresso/tools/bin/../lib/gcc/arm-none-eabi/4.6.2/../../../../arm-none-eabi/lib/armv6-m\libcr_nohost.a(__sys_tmpnam.o)
 .ARM.attributes
                0x00000972       0x31 d:/travail/wirelesshome/nxp/lpcxpresso_6.1.4_194/lpcxpresso/tools/bin/../lib/gcc/arm-none-eabi/4.6.2/../../../../arm-none-eabi/lib/armv6-m\libcr_nohost.a(_cr_sbrk.o)
 .ARM.attributes
                0x000009a3       0x31 d:/travail/wirelesshome/nxp/lpcxpresso_6.1.4_194/lpcxpresso/tools/bin/../lib/gcc/arm-none-eabi/4.6.2/../../../../arm-none-eabi/lib/armv6-m\libcr_nohost.a(_cr_check_heap.o)

.debug_frame    0x00000000     0x16a4
 .debug_frame   0x00000000       0xec ./example/src/cr_startup_lpc8xx.o
 .debug_frame   0x000000ec       0xf0 ./example/src/sensor_test_main.o
 .debug_frame   0x000001dc       0x2c ./example/src/sysinit.o
 .debug_frame   0x00000208      0x440 D:\Users\Arpel\git\LPCSensorNode\BOARDLib\arpel_groovy_sensor_board_lib\Debug\libarpel_groovy_sensor_board_lib.a(RF12.o)
 .debug_frame   0x00000648      0x27c D:\Users\Arpel\git\LPCSensorNode\BOARDLib\arpel_groovy_sensor_board_lib\Debug\libarpel_groovy_sensor_board_lib.a(board.o)
 .debug_frame   0x000008c4      0x120 D:\Users\Arpel\git\LPCSensorNode\BOARDLib\arpel_groovy_sensor_board_lib\Debug\libarpel_groovy_sensor_board_lib.a(board_sysinit.o)
 .debug_frame   0x000009e4      0x3d8 D:\Users\Arpel\git\LPCSensorNode\BOARDLib\arpel_groovy_sensor_board_lib\Debug\libarpel_groovy_sensor_board_lib.a(onewire.o)
 .debug_frame   0x00000dbc       0x30 D:\Users\Arpel\git\LPCSensorNode\BOARDLib\arpel_groovy_sensor_board_lib\Debug\libarpel_groovy_sensor_board_lib.a(crc8.o)
 .debug_frame   0x00000dec       0x2c D:\Users\Arpel\Documents\LPCXpresso_6.1.4_194\workspace\lpc_chip_8xx_lib\Debug\liblpc_chip_8xx_lib.a(chip_8xx.o)
 .debug_frame   0x00000e18      0x1bc D:\Users\Arpel\Documents\LPCXpresso_6.1.4_194\workspace\lpc_chip_8xx_lib\Debug\liblpc_chip_8xx_lib.a(clock_8xx.o)
 .debug_frame   0x00000fd4      0x190 D:\Users\Arpel\Documents\LPCXpresso_6.1.4_194\workspace\lpc_chip_8xx_lib\Debug\liblpc_chip_8xx_lib.a(gpio_8xx.o)
 .debug_frame   0x00001164       0xb0 D:\Users\Arpel\Documents\LPCXpresso_6.1.4_194\workspace\lpc_chip_8xx_lib\Debug\liblpc_chip_8xx_lib.a(pmu_8xx.o)
 .debug_frame   0x00001214      0x370 D:\Users\Arpel\Documents\LPCXpresso_6.1.4_194\workspace\lpc_chip_8xx_lib\Debug\liblpc_chip_8xx_lib.a(spi_8xx.o)
 .debug_frame   0x00001584       0x90 D:\Users\Arpel\Documents\LPCXpresso_6.1.4_194\workspace\lpc_chip_8xx_lib\Debug\liblpc_chip_8xx_lib.a(swm_8xx.o)
 .debug_frame   0x00001614       0x90 D:\Users\Arpel\Documents\LPCXpresso_6.1.4_194\workspace\lpc_chip_8xx_lib\Debug\liblpc_chip_8xx_lib.a(syscon_8xx.o)
